Microchip Technology Inc, vv1_10 (A) ^

Tool Name:
  c:\program files (x86)\microchip\xc16\v1.10\bin\bin\..\bin/elf-ld.exe

Command:
  -p33FJ256GP710A \
  -o \
  dist/default/production/MatrixPilot-udb4.X.production.elf \
  -Lc:/program files (x86)/microchip/xc16/v1.10/bin/bin/.. \
  -Lc:/program files (x86)/microchip/xc16/v1.10/bin/bin/../../lib \
  -Lc:/program files (x86)/microchip/xc16/v1.10/bin/bin/../../lib/PIC24E \
  -Lc:/program files (x86)/microchip/xc16/v1.10/bin/bin/../../support/PIC24E/gld \
  -Lc:/program files (x86)/microchip/xc16/v1.10/bin/bin/../../lib/PIC24F \
  -Lc:/program files (x86)/microchip/xc16/v1.10/bin/bin/../../support/PIC24F/gld \
  -Lc:/program files (x86)/microchip/xc16/v1.10/bin/bin/../../lib/PIC24H \
  -Lc:/program files (x86)/microchip/xc16/v1.10/bin/bin/../../support/PIC24H/gld \
  -Lc:/program files (x86)/microchip/xc16/v1.10/bin/bin/../../lib/dsPIC30F \
  -Lc:/program files (x86)/microchip/xc16/v1.10/bin/bin/../../support/dsPIC30F/gld \
  -Lc:/program files (x86)/microchip/xc16/v1.10/bin/bin/../../lib/dsPIC33E \
  -Lc:/program files (x86)/microchip/xc16/v1.10/bin/bin/../../support/dsPIC33E/gld \
  -Lc:/program files (x86)/microchip/xc16/v1.10/bin/bin/../../lib/dsPIC33F \
  -Lc:/program files (x86)/microchip/xc16/v1.10/bin/bin/../../support/dsPIC33F/gld \
  build/default/production/_ext/1077471063/estWind.o \
  build/default/production/_ext/1077471063/estYawDrift.o \
  build/default/production/_ext/1077471063/gpsParseCommon.o \
  build/default/production/_ext/1077471063/gpsParseSTD.o \
  build/default/production/_ext/1077471063/gpsParseUBX.o \
  build/default/production/_ext/1077471063/mathlibNAV.o \
  build/default/production/_ext/1077471063/rmat.o \
  build/default/production/_ext/1077471063/libDCM.o \
  build/default/production/_ext/1077471063/deadReckoning.o \
  build/default/production/_ext/1077471063/gpsParseMTEK.o \
  build/default/production/_ext/1077471063/estAltitude.o \
  build/default/production/_ext/1077471063/airspeedPitot.o \
  build/default/production/_ext/1077454706/background.o \
  build/default/production/_ext/1077454706/libUDB.o \
  build/default/production/_ext/1077454706/analog2digital_udb4.o \
  build/default/production/_ext/1077454706/servoOut.o \
  build/default/production/_ext/1077454706/osd.o \
  build/default/production/_ext/1077454706/24LC256.o \
  build/default/production/_ext/1077454706/events.o \
  build/default/production/_ext/1077454706/eeprom_udb4.o \
  build/default/production/_ext/1077454706/mpu6000.o \
  build/default/production/_ext/1077454706/spiUtils.o \
  build/default/production/_ext/1077454706/analog2digital_auav3.o \
  build/default/production/_ext/1077454706/traps_asm.o \
  build/default/production/_ext/1077454706/mcu.o \
  build/default/production/_ext/1077454706/traps.o \
  build/default/production/_ext/1077454706/barometer.o \
  build/default/production/_ext/1077454706/I2C1.o \
  build/default/production/_ext/1077454706/I2C2.o \
  build/default/production/_ext/1077454706/magnetometer.o \
  build/default/production/_ext/1077454706/radioIn.o \
  build/default/production/_ext/1077454706/serialIO.o \
  build/default/production/_ext/1077454706/write.o \
  build/default/production/_ext/1077454706/uart.o \
  build/default/production/_ext/1077454706/read.o \
  build/default/production/_ext/1077454706/analog2digital_udb5.o \
  build/default/production/_ext/679848855/madd.o \
  build/default/production/_ext/679848855/mmul.o \
  build/default/production/_ext/679848855/mscl.o \
  build/default/production/_ext/679848855/msub.o \
  build/default/production/_ext/679848855/mtrp.o \
  build/default/production/_ext/679848855/vadd.o \
  build/default/production/_ext/679848855/vcon.o \
  build/default/production/_ext/679848855/vcopy.o \
  build/default/production/_ext/679848855/vcor.o \
  build/default/production/_ext/679848855/vdot.o \
  build/default/production/_ext/679848855/vmax.o \
  build/default/production/_ext/679848855/vmin.o \
  build/default/production/_ext/679848855/vmul.o \
  build/default/production/_ext/679848855/vneg.o \
  build/default/production/_ext/679848855/vpow.o \
  build/default/production/_ext/679848855/vscl.o \
  build/default/production/_ext/679848855/vsub.o \
  build/default/production/_ext/679848855/vzpad.o \
  build/default/production/_ext/1472/config_tests.o \
  build/default/production/_ext/1472/behavior.o \
  build/default/production/_ext/1472/cameraCntrl.o \
  build/default/production/_ext/1472/navigate.o \
  build/default/production/_ext/1472/pitchCntrl.o \
  build/default/production/_ext/1472/rollCntrl.o \
  build/default/production/_ext/1472/servoMix.o \
  build/default/production/_ext/1472/states.o \
  build/default/production/_ext/1472/yawCntrl.o \
  build/default/production/_ext/1472/telemetry.o \
  build/default/production/_ext/1472/servoPrepare.o \
  build/default/production/_ext/1472/flightplan-waypoints.o \
[...]
Memory Configuration

Name             Origin             Length             Attributes
data             0x000800           0x007800           a !xr
reset            0x000000           0x000004  
ivt              0x000004           0x0000fc  
_reserved        0x000100           0x000004  
aivt             0x000104           0x0000fc  
program          0x000200           0x02a9fe           xr
FBS              0xf80000           0x000002  
FSS              0xf80002           0x000002  
FGS              0xf80004           0x000002  
FOSCSEL          0xf80006           0x000002  
FOSC             0xf80008           0x000002  
FWDT             0xf8000a           0x000002  
FPOR             0xf8000c           0x000002  
FICD             0xf8000e           0x000002  
FUID0            0xf80010           0x000002  
FUID1            0xf80012           0x000002  
FUID2            0xf80014           0x000002  
FUID3            0xf80016           0x000002  
*default*        0x000000           0xffffffff  

Linker script and memory map

LOAD build/default/production/_ext/1077471063/estWind.o
LOAD build/default/production/_ext/1077471063/estYawDrift.o
LOAD build/default/production/_ext/1077471063/gpsParseCommon.o
LOAD build/default/production/_ext/1077471063/gpsParseSTD.o
LOAD build/default/production/_ext/1077471063/gpsParseUBX.o
LOAD build/default/production/_ext/1077471063/mathlibNAV.o
LOAD build/default/production/_ext/1077471063/rmat.o
LOAD build/default/production/_ext/1077471063/libDCM.o
LOAD build/default/production/_ext/1077471063/deadReckoning.o
LOAD build/default/production/_ext/1077471063/gpsParseMTEK.o
LOAD build/default/production/_ext/1077471063/estAltitude.o
LOAD build/default/production/_ext/1077471063/airspeedPitot.o
LOAD build/default/production/_ext/1077454706/background.o
LOAD build/default/production/_ext/1077454706/libUDB.o
LOAD build/default/production/_ext/1077454706/analog2digital_udb4.o
LOAD build/default/production/_ext/1077454706/servoOut.o
LOAD build/default/production/_ext/1077454706/osd.o
LOAD build/default/production/_ext/1077454706/24LC256.o
LOAD build/default/production/_ext/1077454706/events.o
LOAD build/default/production/_ext/1077454706/eeprom_udb4.o
LOAD build/default/production/_ext/1077454706/mpu6000.o
LOAD build/default/production/_ext/1077454706/spiUtils.o
LOAD build/default/production/_ext/1077454706/analog2digital_auav3.o
LOAD build/default/production/_ext/1077454706/traps_asm.o
LOAD build/default/production/_ext/1077454706/mcu.o
LOAD build/default/production/_ext/1077454706/traps.o
LOAD build/default/production/_ext/1077454706/barometer.o
LOAD build/default/production/_ext/1077454706/I2C1.o
LOAD build/default/production/_ext/1077454706/I2C2.o
LOAD build/default/production/_ext/1077454706/magnetometer.o
LOAD build/default/production/_ext/1077454706/radioIn.o
LOAD build/default/production/_ext/1077454706/serialIO.o
LOAD build/default/production/_ext/1077454706/write.o
LOAD build/default/production/_ext/1077454706/uart.o
LOAD build/default/production/_ext/1077454706/read.o
LOAD build/default/production/_ext/1077454706/analog2digital_udb5.o
LOAD build/default/production/_ext/679848855/madd.o
LOAD build/default/production/_ext/679848855/mmul.o
LOAD build/default/production/_ext/679848855/mscl.o
LOAD build/default/production/_ext/679848855/msub.o
LOAD build/default/production/_ext/679848855/mtrp.o
LOAD build/default/production/_ext/679848855/vadd.o
LOAD build/default/production/_ext/679848855/vcon.o
LOAD build/default/production/_ext/679848855/vcopy.o
LOAD build/default/production/_ext/679848855/vcor.o
LOAD build/default/production/_ext/679848855/vdot.o
LOAD build/default/production/_ext/679848855/vmax.o
LOAD build/default/production/_ext/679848855/vmin.o
LOAD build/default/production/_ext/679848855/vmul.o
LOAD build/default/production/_ext/679848855/vneg.o
LOAD build/default/production/_ext/679848855/vpow.o
LOAD build/default/production/_ext/679848855/vscl.o
LOAD build/default/production/_ext/679848855/vsub.o
LOAD build/default/production/_ext/679848855/vzpad.o
LOAD build/default/production/_ext/1472/config_tests.o
LOAD build/default/production/_ext/1472/behavior.o
LOAD build/default/production/_ext/1472/cameraCntrl.o
LOAD build/default/production/_ext/1472/navigate.o
LOAD build/default/production/_ext/1472/pitchCntrl.o
LOAD build/default/production/_ext/1472/rollCntrl.o
LOAD build/default/production/_ext/1472/servoMix.o
LOAD build/default/production/_ext/1472/states.o
LOAD build/default/production/_ext/1472/yawCntrl.o
LOAD build/default/production/_ext/1472/telemetry.o
LOAD build/default/production/_ext/1472/servoPrepare.o
LOAD build/default/production/_ext/1472/flightplan-waypoints.o
LOAD build/default/production/_ext/1472/flightplan-logo.o
LOAD build/default/production/_ext/1472/mp_osd.o
LOAD build/default/production/_ext/1472/altitudeCntrl.o
LOAD build/default/production/_ext/1472/MAVLink.o
LOAD build/default/production/_ext/1472/mode_switch.o
LOAD build/default/production/_ext/1472/data_services.o
LOAD build/default/production/_ext/1472/data_storage.o
LOAD build/default/production/_ext/1472/nv_memory_table.o
LOAD build/default/production/_ext/1472/parameter_table.o
LOAD build/default/production/_ext/1472/airspeedCntrl.o
LOAD build/default/production/_ext/1472/altitudeCntrlVariable.o
LOAD build/default/production/_ext/1472/euler_angles.o
LOAD build/default/production/_ext/1472/main.o
LOAD build/default/production/_ext/1472/fly_by_datalink.o
LOAD build/default/production/_ext/1472/console.o
LOAD build/default/production/_ext/469387661/MyIpADSB.o
LOAD build/default/production/_ext/469387661/MyIpCam.o
LOAD build/default/production/_ext/469387661/MyIpDebug.o
LOAD build/default/production/_ext/469387661/MyIpFlyByWire.o
LOAD build/default/production/_ext/469387661/MyIpGPStest.o
LOAD build/default/production/_ext/469387661/MyIpLOGO.o
LOAD build/default/production/_ext/469387661/MyIpMAVLink.o
LOAD build/default/production/_ext/469387661/MyIpPWMreport.o
LOAD build/default/production/_ext/469387661/MyIpUART1.o
LOAD build/default/production/_ext/469387661/MyIpUART2.o
LOAD build/default/production/_ext/469387661/MyIpXPlane.o
LOAD build/default/production/_ext/469387661/MyIpGroundStation.o
LOAD build/default/production/_ext/469387661/MyIpTelemetryEXTRA.o
LOAD build/default/production/_ext/469387661/MyIpAircraftConfig.o
LOAD build/default/production/_ext/732462331/MyIpData.o
LOAD build/default/production/_ext/732462331/MyIpNetwork.o
LOAD build/default/production/_ext/732462331/WF_Config.o
LOAD build/default/production/_ext/732462331/MyIpHelpers.o
LOAD build/default/production/_ext/507866066/ARP.o
LOAD build/default/production/_ext/507866066/DHCP.o
LOAD build/default/production/_ext/507866066/DHCPs.o
LOAD build/default/production/_ext/507866066/DNS.o
LOAD build/default/production/_ext/507866066/DynDNS.o
LOAD build/default/production/_ext/507866066/ENC28J60.o
LOAD build/default/production/_ext/507866066/FTP.o
LOAD build/default/production/_ext/507866066/Hashes.o
LOAD build/default/production/_ext/507866066/Helpers.o
LOAD build/default/production/_ext/507866066/ICMP.o
LOAD build/default/production/_ext/507866066/IP.o
LOAD build/default/production/_ext/507866066/MPFS2.o
LOAD build/default/production/_ext/507866066/NBNS.o
LOAD build/default/production/_ext/507866066/Random.o
LOAD build/default/production/_ext/507866066/Reboot.o
LOAD build/default/production/_ext/507866066/SMTP.o
LOAD build/default/production/_ext/507866066/SNMP.o
LOAD build/default/production/_ext/507866066/SNMPv3.o
LOAD build/default/production/_ext/507866066/SNMPv3USM.o
LOAD build/default/production/_ext/507866066/SNTP.o
LOAD build/default/production/_ext/507866066/StackTsk.o
LOAD build/default/production/_ext/507866066/TCP.o
LOAD build/default/production/_ext/507866066/Telnet.o
LOAD build/default/production/_ext/507866066/TFTPc.o
LOAD build/default/production/_ext/507866066/Tick.o
LOAD build/default/production/_ext/507866066/UART.o
LOAD build/default/production/_ext/507866066/UART2TCPBridge.o
LOAD build/default/production/_ext/507866066/UDP.o
LOAD build/default/production/_ext/507866066/TCPPerformanceTest.o
LOAD build/default/production/_ext/507866066/UDPPerformanceTest.o
LOAD build/default/production/_ext/507866066/Delay.o
LOAD build/default/production/_ext/507866066/ENCX24J600.o
                    0x0001                  __MPLAB_BUILD = 0x1
LOAD c:/program files (x86)/microchip/xc16/v1.10/bin/bin/../../lib/dsPIC33F\libp33FJ256GP710A-elf.a
                    0xf80000                  __FBS = 0xf80000
                    0xf80002                  __FSS = 0xf80002
                    0xf80004                  __FGS = 0xf80004
                    0xf80006                  __FOSCSEL = 0xf80006
                    0xf80008                  __FOSC = 0xf80008
                    0xf8000a                  __FWDT = 0xf8000a
                    0xf8000c                  __FPOR = 0xf8000c
                    0xf8000e                  __FICD = 0xf8000e
                    0xf80010                  __FUID0 = 0xf80010
                    0xf80012                  __FUID1 = 0xf80012
                    0xf80014                  __FUID2 = 0xf80014
                    0xf80016                  __FUID3 = 0xf80016
                    0x0004                  __IVT_BASE = 0x4
                    0x0104                  __AIVT_BASE = 0x104
                    0x0800                  __DATA_BASE = 0x800
                    0x7800                  __DATA_LENGTH = 0x7800
                    0x4800                  __YDATA_BASE = 0x4800
                    0x7800                  __DMA_BASE = 0x7800
                    0x7fff                  __DMA_END = 0x7fff
                    0x0200                  __CODE_BASE = 0x200
                    0x2aa00                  __CODE_LENGTH = 0x2aa00

.reset            0x000000          0x4
                  0x000000          0x2 SHORT 0x200 ABSOLUTE (__reset)
                  0x000001          0x2 SHORT 0x4
                  0x000002          0x2 SHORT 0x0 ((ABSOLUTE (__reset) >> 0x10) & 0x7f)
                  0x000003          0x2 SHORT 0x0

.text             0x000200       0x2844
 *(.init)
 .init            0x000200         0x32 c:/program files (x86)/microchip/xc16/v1.10/bin/bin/../../lib\liblega-pic30-elf.a(crt0_standard.o)
                  0x000200                  __resetPRI
                  0x000200                  __reset
                  0x000222                  __psv_init
 .init            0x000232         0x5e c:/program files (x86)/microchip/xc16/v1.10/bin/bin/../../lib\liblega-pic30-elf.a(data_init_standard.o)
                  0x000232                  __data_init_standard
                  0x000232                  __data_init
 *(.user_init)
 *(.handle)
 .handle          0x000290         0xa0 jump_table
 *(.isr*)
 .isr             0x000330          0x4 default_isr
                  0x000330                  __DefaultInterrupt
 *(.libc)
 .libc            0x000334         0x9e build/default/production/_ext/1077454706/write.o
                  0x000334                  _write
 .libc            0x0003d2         0xac build/default/production/_ext/1077454706/read.o
                  0x0003d2                  _read
 *(.libm)
 *(.libdsp)
 .libdsp          0x00047e         0x40 build/default/production/_ext/679848855/madd.o
                  0x00047e                  _MatrixAdd
 .libdsp          0x0004be         0x7a build/default/production/_ext/679848855/mmul.o
                  0x0004be                  _MatrixMultiply
 .libdsp          0x000538         0x3c build/default/production/_ext/679848855/mscl.o
                  0x000538                  _MatrixScale
 .libdsp          0x000574         0x4e build/default/production/_ext/679848855/msub.o
                  0x000574                  _MatrixSubtract
 .libdsp          0x0005c2         0x48 build/default/production/_ext/679848855/mtrp.o
                  0x0005c2                  _MatrixTranspose
 .libdsp          0x00060a         0x3e build/default/production/_ext/679848855/vadd.o
                  0x00060a                  _VectorAdd
 .libdsp          0x000648         0xf8 build/default/production/_ext/679848855/vcon.o
                  0x000648                  _VectorConvolve
 .libdsp          0x000740         0x10 build/default/production/_ext/679848855/vcopy.o
                  0x000740                  _VectorCopy
 .libdsp          0x000750         0x30 build/default/production/_ext/679848855/vcor.o
                  0x000750                  _VectorCorrelate
 .libdsp          0x000780         0x3a build/default/production/_ext/679848855/vdot.o
                  0x000780                  _VectorDotProduct
 .libdsp          0x0007ba         0x1a build/default/production/_ext/679848855/vmax.o
                  0x0007ba                  _VectorMax
 .libdsp          0x0007d4         0x1a build/default/production/_ext/679848855/vmin.o
                  0x0007d4                  _VectorMin
 .libdsp          0x0007ee         0x3c build/default/production/_ext/679848855/vmul.o
                  0x0007ee                  _VectorMultiply
 .libdsp          0x00082a         0x40 build/default/production/_ext/679848855/vneg.o
                  0x00082a                  _VectorNegate
 .libdsp          0x00086a         0x38 build/default/production/_ext/679848855/vpow.o
                  0x00086a                  _VectorPower
 .libdsp          0x0008a2         0x3c build/default/production/_ext/679848855/vscl.o
                  0x0008a2                  _VectorScale
 .libdsp          0x0008de         0x4c build/default/production/_ext/679848855/vsub.o
                  0x0008de                  _VectorSubtract
 .libdsp          0x00092a         0x1e build/default/production/_ext/679848855/vzpad.o
                  0x00092a                  _VectorZeroPad
 *(.lib*)
 .libm.subsf3     0x000948         0xbc c:/program files (x86)/microchip/xc16/v1.10/bin/bin/../../lib\libm-elf.a(addsf3.eo)
                  0x000948                  ___subsf3
                  0x00094a                  ___addsf3
 .libm.divfs3     0x000a04         0x84 c:/program files (x86)/microchip/xc16/v1.10/bin/bin/../../lib\libm-elf.a(divsf3.eo)
                  0x000a04                  ___divsf3
 .libm.divsi3     0x000a88         0x1e c:/program files (x86)/microchip/xc16/v1.10/bin/bin/../../lib\libm-elf.a(divsi3.eo)
                  0x000a88                  ___divsi3
 .libm.fixsfsi    0x000aa6         0x42 c:/program files (x86)/microchip/xc16/v1.10/bin/bin/../../lib\libm-elf.a(fixsfsi.eo)
                  0x000aa6                  _(float, int, long long, short, float, short, int)
 .libm.floatsisf
                  0x000ae8         0x1c c:/program files (x86)/microchip/xc16/v1.10/bin/bin/../../lib\libm-elf.a(floatsisf.eo)
                  0x000ae8                  ___floatsisf
 .libm.floatunsisf
                  0x000b04         0x40 c:/program files (x86)/microchip/xc16/v1.10/bin/bin/../../lib\libm-elf.a(floatunsisf.eo)
                  0x000b04                  ___floatunsisf
 .libm.fpack      0x000b44         0x4c c:/program files (x86)/microchip/xc16/v1.10/bin/bin/../../lib\libm-elf.a(fpack.eo)
                  0x000b44                  __fpack
 .libm.funpack    0x000b90         0x2a c:/program files (x86)/microchip/xc16/v1.10/bin/bin/../../lib\libm-elf.a(funpack.eo)
                  0x000b90                  __funpack
 .libm.funpack2
                  0x000bba         0x10 c:/program files (x86)/microchip/xc16/v1.10/bin/bin/../../lib\libm-elf.a(funpack2.eo)
                  0x000bba                  __funpack2
 .libm.fPropagateNaN
                  0x000bca         0x12 c:/program files (x86)/microchip/xc16/v1.10/bin/bin/../../lib\libm-elf.a(futil.eo)
                  0x000bca                  __fPropagateNaN
 .libm.fbobExit
                  0x000bdc          0x8 c:/program files (x86)/microchip/xc16/v1.10/bin/bin/../../lib\libm-elf.a(futil.eo)
                  0x000bdc                  __fbopExit
 .libm.fbopReturnNaN
                  0x000be4          0x6 c:/program files (x86)/microchip/xc16/v1.10/bin/bin/../../lib\libm-elf.a(futil.eo)
                  0x000be4                  __fbopReturnNaN
 .libm.mulsf3     0x000bea         0x68 c:/program files (x86)/microchip/xc16/v1.10/bin/bin/../../lib\libm-elf.a(mulsf3.eo)
                  0x000bea                  ___mulsf3
 .libm.powf       0x000c52        0x1c6 c:/program files (x86)/microchip/xc16/v1.10/bin/bin/../../lib\libm-elf.a(powf.eo)
                  0x000c52                  _powf
 .libm.sqrtf      0x000e18         0x6a c:/program files (x86)/microchip/xc16/v1.10/bin/bin/../../lib\libm-elf.a(sqrtf.eo)
                  0x000e18                  _sqrtf
 .libm.udivsi3    0x000e82         0x20 c:/program files (x86)/microchip/xc16/v1.10/bin/bin/../../lib\libm-elf.a(udivsi3.eo)
                  0x000e82                  ___udivsi3
 .libm.__PplusBdi.__PplusBdi
                  0x000ea2         0x28 c:/program files (x86)/microchip/xc16/v1.10/bin/bin/../../lib\libm-elf.a(divmoddi3.eo)
 .libm.__PminusBdi.__PminusBdi
                  0x000eca         0x30 c:/program files (x86)/microchip/xc16/v1.10/bin/bin/../../lib\libm-elf.a(divmoddi3.eo)
 .libm.__udivmoddi3.__udivmoddi3
                  0x000efa         0xc4 c:/program files (x86)/microchip/xc16/v1.10/bin/bin/../../lib\libm-elf.a(divmoddi3.eo)
                  0x000efa                  ___udivmoddi3
 .libm.__udivdi3.__udivdi3
                  0x000fbe          0xe c:/program files (x86)/microchip/xc16/v1.10/bin/bin/../../lib\libm-elf.a(divmoddi3.eo)
                  0x000fbe                  ___udivdi3
 .libm.__umoddi3.__umoddi3
                  0x000fcc          0x8 c:/program files (x86)/microchip/xc16/v1.10/bin/bin/../../lib\libm-elf.a(divmoddi3.eo)
                  0x000fcc                  ___umoddi3
 .libm.__divdi3.__divdi3
                  0x000fd4         0x66 c:/program files (x86)/microchip/xc16/v1.10/bin/bin/../../lib\libm-elf.a(divmoddi3.eo)
                  0x000fd4                  ___divdi3
 .libm.__moddi3.__moddi3
                  0x00103a         0x5c c:/program files (x86)/microchip/xc16/v1.10/bin/bin/../../lib\libm-elf.a(divmoddi3.eo)
                  0x00103a                  ___moddi3
 .libm.frexpf     0x001096         0x1a c:/program files (x86)/microchip/xc16/v1.10/bin/bin/../../lib\libm-elf.a(_frexpf.eo)
                  0x001096                  __frexpf
 .libm.expf       0x0010b0         0xc4 c:/program files (x86)/microchip/xc16/v1.10/bin/bin/../../lib\libm-elf.a(expf.eo)
                  0x0010b0                  _expf
 .libm.fchop      0x001174         0x4e c:/program files (x86)/microchip/xc16/v1.10/bin/bin/../../lib\libm-elf.a(fchop.eo)
                  0x001174                  __fchop
 .libm.eqsf2      0x0011c2          0x4 c:/program files (x86)/microchip/xc16/v1.10/bin/bin/../../lib\libm-elf.a(feqltle.eo)
                  0x0011c2                  ___eqsf2
                  0x0011c2                  ___ltsf2
                  0x0011c2                  ___lesf2
 .libm.gtsf2      0x0011c6          0x4 c:/program files (x86)/microchip/xc16/v1.10/bin/bin/../../lib\libm-elf.a(fgtge.eo)
                  0x0011c6                  ___gesf2
                  0x0011c6                  ___gtsf2
 .libm.ldexpf     0x0011ca         0x44 c:/program files (x86)/microchip/xc16/v1.10/bin/bin/../../lib\libm-elf.a(ldexpf.eo)
                  0x0011ca                  _ldexpf
 .libm.logf       0x00120e         0xae c:/program files (x86)/microchip/xc16/v1.10/bin/bin/../../lib\libm-elf.a(logf.eo)
                  0x00120e                  _logf
 .libm.fcompare
                  0x0012bc         0x36 c:/program files (x86)/microchip/xc16/v1.10/bin/bin/../../lib\libm-elf.a(fcompare.eo)
                  0x0012bc                  __fcompare
 .libc.memcmp.memcmp
                  0x0012f2         0x20 c:/program files (x86)/microchip/xc16/v1.10/bin/bin/../../lib\liblega-c-elf.a(memcmp.XXeo)
                  0x0012f2                  _memcmp
 .libc.memcpy.memcpy
                  0x001312          0xe c:/program files (x86)/microchip/xc16/v1.10/bin/bin/../../lib\liblega-c-elf.a(memcpy.XXeo)
                  0x001312                  _memcpy
 .libc.memset.memset
                  0x001320          0xe c:/program files (x86)/microchip/xc16/v1.10/bin/bin/../../lib\liblega-c-elf.a(memset.XXeo)
                  0x001320                  _memset
 .libc.strlen.strlen
                  0x00132e         0x10 c:/program files (x86)/microchip/xc16/v1.10/bin/bin/../../lib\liblega-c-elf.a(strlen.XXeo)
                  0x00132e                  _strlen
 .libc.strncpy.strncpy
                  0x00133e         0x20 c:/program files (x86)/microchip/xc16/v1.10/bin/bin/../../lib\liblega-c-elf.a(strncpy.XXeo)
                  0x00133e                  _strncpy
 .libc.prout.prout
                  0x00135e         0x22 c:/program files (x86)/microchip/xc16/v1.10/bin/bin/../../lib\liblega-c-elf.a(vsnprint.XXeo)
                  0x00135e                  vsnprint.XXeo:_prout
 .libc.vsnprintf.vsnprintf
                  0x001380         0x20 c:/program files (x86)/microchip/xc16/v1.10/bin/bin/../../lib\liblega-c-elf.a(vsnprint.XXeo)
                  0x001380                  _vsnprintf
 .libc._Printf._Printf
                  0x0013a0        0x172 c:/program files (x86)/microchip/xc16/v1.10/bin/bin/../../lib\liblega-c-elf.a(xprintf.XXeo)
                  0x0013a0                  __Printf
 .libc._Putfld._Putfld
                  0x001512        0x2e8 c:/program files (x86)/microchip/xc16/v1.10/bin/bin/../../lib\liblega-c-elf.a(xputfld.XXeo)
                  0x001512                  __Putfld
 .libc.strchr.strchr
                  0x0017fa         0x12 c:/program files (x86)/microchip/xc16/v1.10/bin/bin/../../lib\liblega-c-elf.a(strchr.XXelo)
                  0x0017fa                  _strchr
 .libc._Vacopy._Vacopy
                  0x00180c          0x4 c:/program files (x86)/microchip/xc16/v1.10/bin/bin/../../lib\liblega-c-elf.a(xvacopy.XXelo)
                  0x00180c                  __Vacopy
 .libc.memchr.memchr
                  0x001810         0x12 c:/program files (x86)/microchip/xc16/v1.10/bin/bin/../../lib\liblega-c-elf.a(memchr.XXeo)
                  0x001810                  _memchr
 .libc._Ldtob._Ldtob
                  0x001822        0x460 c:/program files (x86)/microchip/xc16/v1.10/bin/bin/../../lib\liblega-c-elf.a(xldtob.XXeo)
                  0x001822                  __Ldtob
 .libc._LDunscale._LDunscale
                  0x001c82         0x54 c:/program files (x86)/microchip/xc16/v1.10/bin/bin/../../lib\liblega-c-elf.a(xldunsca.XXeo)
                  0x001c82                  __LDunscale
 .libc._Litob._Litob
                  0x001cd6        0x28c c:/program files (x86)/microchip/xc16/v1.10/bin/bin/../../lib\liblega-c-elf.a(xlitob.XXeo)
                  0x001cd6                  __Litob
 .libc._Puttxt._Puttxt
                  0x001f62        0x178 c:/program files (x86)/microchip/xc16/v1.10/bin/bin/../../lib\liblega-c-elf.a(xputtxt.XXeo)
                  0x001f62                  __Puttxt
 .libc.ldiv.ldiv
                  0x0020da         0x2a c:/program files (x86)/microchip/xc16/v1.10/bin/bin/../../lib\liblega-c-elf.a(ldiv.XXelo)
                  0x0020da                  _ldiv
 .libc._Dnorm._Dnorm
                  0x002104         0x9a c:/program files (x86)/microchip/xc16/v1.10/bin/bin/../../lib\liblega-c-elf.a(xdnorm.XXelo)
                  0x002104                  __Dnorm
 .libc._LDscale._LDscale
                  0x00219e         0xf4 c:/program files (x86)/microchip/xc16/v1.10/bin/bin/../../lib\liblega-c-elf.a(xldscale.XXelo)
                  0x00219e                  __LDscale
 .libc._Genld._Genld
                  0x002292        0x266 c:/program files (x86)/microchip/xc16/v1.10/bin/bin/../../lib\liblega-c-elf.a(xgenld.XXeo)
                  0x002292                  __Genld
 .libc.div.div    0x0024f8         0x16 c:/program files (x86)/microchip/xc16/v1.10/bin/bin/../../lib\liblega-c-elf.a(div.XXelo)
                  0x0024f8                  _div
 .libm.eqdf2      0x00250e          0xa c:/program files (x86)/microchip/xc16/v1.10/bin/bin/../../lib\libm-elf.a(deqltle.eo)
                  0x00250e                  ___eqdf2
                  0x00250e                  ___ltdf2
                  0x00250e                  ___ledf2
 .libm.gtdf2      0x002518          0xa c:/program files (x86)/microchip/xc16/v1.10/bin/bin/../../lib\libm-elf.a(dgtge.eo)
                  0x002518                  ___gtdf2
                  0x002518                  ___gedf2
 .libm.divdf3     0x002522         0xb4 c:/program files (x86)/microchip/xc16/v1.10/bin/bin/../../lib\libm-elf.a(divdf3.eo)
                  0x002522                  ___divdf3
 .libm.dpack      0x0025d6         0x58 c:/program files (x86)/microchip/xc16/v1.10/bin/bin/../../lib\libm-elf.a(dpack.eo)
                  0x0025d6                  __dpack
 .libm.dunpack2
                  0x00262e         0x32 c:/program files (x86)/microchip/xc16/v1.10/bin/bin/../../lib\libm-elf.a(dunpack2.eo)
                  0x00262e                  __dunpack2
                  0x002650                  __dreturnNaN
                  0x002656                  __dunpack2exit
 .libm.extendsfdf2
                  0x002660         0x3e c:/program files (x86)/microchip/xc16/v1.10/bin/bin/../../lib\libm-elf.a(extendsfdf.eo)
                  0x002660                  ___extendsfdf2
 .libm.fixdfsi    0x00269e         0x58 c:/program files (x86)/microchip/xc16/v1.10/bin/bin/../../lib\libm-elf.a(fixdfsi.eo)
                  0x00269e                  _(float, int, long long, double, float, short, int)
 .libm.floatsidf
                  0x0026f6          0x6 c:/program files (x86)/microchip/xc16/v1.10/bin/bin/../../lib\libm-elf.a(floatsidf.eo)
                  0x0026f6                  ___floatsidf
 .libm.muldf3     0x0026fc         0xea c:/program files (x86)/microchip/xc16/v1.10/bin/bin/../../lib\libm-elf.a(muldf3.eo)
                  0x0026fc                  ___muldf3
 .libm.subdf3     0x0027e6          0x4 c:/program files (x86)/microchip/xc16/v1.10/bin/bin/../../lib\libm-elf.a(subdf3.eo)
                  0x0027e6                  ___subdf3
 .libm.umodsi3    0x0027ea          0x6 c:/program files (x86)/microchip/xc16/v1.10/bin/bin/../../lib\libm-elf.a(umodsi3.eo)
                  0x0027ea                  ___umodsi3
 .libm.mulsi3     0x0027f0          0xc c:/program files (x86)/microchip/xc16/v1.10/bin/bin/../../lib\libm-elf.a(mulsi3.eo)
                  0x0027f0                  ___mulp32peds3
                  0x0027f0                  ___mulsi3
                  0x0027f0                  ___mulp32eds3
 .libm.adddf3     0x0027fc         0xfa c:/program files (x86)/microchip/xc16/v1.10/bin/bin/../../lib\libm-elf.a(adddf3.eo)
                  0x0027fc                  ___adddf3
 .libm.dcompare
                  0x0028f6         0x52 c:/program files (x86)/microchip/xc16/v1.10/bin/bin/../../lib\libm-elf.a(dcompare.eo)
                  0x0028f6                  __dcompare
 .libm.dPropagateNaN
                  0x002948         0x1c c:/program files (x86)/microchip/xc16/v1.10/bin/bin/../../lib\libm-elf.a(dpropagateNaN.eo)
                  0x002948                  __dPropagateNaN
 .libm.dtype      0x002964         0x24 c:/program files (x86)/microchip/xc16/v1.10/bin/bin/../../lib\libm-elf.a(dtype.eo)
                  0x002964                  __dtype
 .libm.dunpack    0x002988         0x4e c:/program files (x86)/microchip/xc16/v1.10/bin/bin/../../lib\libm-elf.a(dunpack.eo)
                  0x002988                  __dunpack
 .libm.floatdidf
                  0x0029d6         0x6e c:/program files (x86)/microchip/xc16/v1.10/bin/bin/../../lib\libm-elf.a(floatdidf.eo)
                  0x0029d6                  ___floatdidf

usercode
 *(usercode)

__FBS
 *(__FBS.sec*)

__FSS
 *(__FSS.sec*)

__FGS             0xf80004          0x2
 *(__FGS.sec*)
 __FGS.sec        0xf80004          0x2 FGS
                  0xf80004                  __FGS.sec

__FOSCSEL         0xf80006          0x2
 *(__FOSCSEL.sec*)
 __FOSCSEL.sec    0xf80006          0x2 build/default/production/_ext/1077454706/mcu.o

__FOSC            0xf80008          0x2
 *(__FOSC.sec*)
 __FOSC.sec       0xf80008          0x2 build/default/production/_ext/1077454706/mcu.o

__FWDT            0xf8000a          0x2
 *(__FWDT.sec*)
 __FWDT.sec       0xf8000a          0x2 build/default/production/_ext/1077454706/mcu.o

__FPOR            0xf8000c          0x2
 *(__FPOR.sec*)
 __FPOR.sec       0xf8000c          0x2 build/default/production/_ext/1077454706/mcu.o

__FICD            0xf8000e          0x2
 *(__FICD.sec*)
 __FICD.sec       0xf8000e          0x2 build/default/production/_ext/1077454706/mcu.o

__FUID0
 *(__FUID0.sec*)

__FUID1
 *(__FUID1.sec*)

__FUID2
 *(__FUID2.sec*)

__FUID3
 *(__FUID3.sec*)

.comment
 *(.comment)

.debug_info       0x000000      0x3175e
 *(.debug_info)
 .debug_info      0x000000        0x6b2 build/default/production/_ext/1077471063/estWind.o
 .debug_info      0x0006b2        0x492 build/default/production/_ext/1077471063/estYawDrift.o
 .debug_info      0x000b44        0xc9f build/default/production/_ext/1077471063/gpsParseCommon.o
 .debug_info      0x0017e3        0x8da build/default/production/_ext/1077471063/gpsParseSTD.o
 .debug_info      0x0020bd        0x17e build/default/production/_ext/1077471063/gpsParseUBX.o
 .debug_info      0x00223b        0x8fa build/default/production/_ext/1077471063/mathlibNAV.o
 .debug_info      0x002b35       0x10da build/default/production/_ext/1077471063/rmat.o
 .debug_info      0x003c0f        0x724 build/default/production/_ext/1077471063/libDCM.o
 .debug_info      0x004333        0xa41 build/default/production/_ext/1077471063/deadReckoning.o
 .debug_info      0x004d74        0x17f build/default/production/_ext/1077471063/gpsParseMTEK.o
 .debug_info      0x004ef3        0x363 build/default/production/_ext/1077471063/estAltitude.o
 .debug_info      0x005256        0x4d4 build/default/production/_ext/1077471063/airspeedPitot.o
 .debug_info      0x00572a       0x1a34 build/default/production/_ext/1077454706/background.o
 .debug_info      0x00715e        0x762 build/default/production/_ext/1077454706/libUDB.o
 .debug_info      0x0078c0       0x2343 build/default/production/_ext/1077454706/analog2digital_udb4.o
 .debug_info      0x009c03       0x105f build/default/production/_ext/1077454706/servoOut.o
 .debug_info      0x00ac62        0x176 build/default/production/_ext/1077454706/osd.o
 .debug_info      0x00add8        0x17a build/default/production/_ext/1077454706/24LC256.o
 .debug_info      0x00af52        0xdd8 build/default/production/_ext/1077454706/events.o
 .debug_info      0x00bd2a        0x6cd build/default/production/_ext/1077454706/eeprom_udb4.o
 .debug_info      0x00c3f7        0x17a build/default/production/_ext/1077454706/mpu6000.o
 .debug_info      0x00c571        0x17b build/default/production/_ext/1077454706/spiUtils.o
 .debug_info      0x00c6ec        0x187 build/default/production/_ext/1077454706/analog2digital_auav3.o
 .debug_info      0x00c873         0xc5 build/default/production/_ext/1077454706/traps_asm.o
 .debug_info      0x00c938        0x98b build/default/production/_ext/1077454706/mcu.o
 .debug_info      0x00d2c3        0x48c build/default/production/_ext/1077454706/traps.o
 .debug_info      0x00d74f        0x17c build/default/production/_ext/1077454706/barometer.o
 .debug_info      0x00d8cb        0x177 build/default/production/_ext/1077454706/I2C1.o
 .debug_info      0x00da42       0x1156 build/default/production/_ext/1077454706/I2C2.o
 .debug_info      0x00eb98        0x4eb build/default/production/_ext/1077454706/magnetometer.o
 .debug_info      0x00f083       0x26f2 build/default/production/_ext/1077454706/radioIn.o
 .debug_info      0x011775       0x1992 build/default/production/_ext/1077454706/serialIO.o
 .debug_info      0x013107        0x912 build/default/production/_ext/1077454706/write.o
 .debug_info      0x013a19        0x177 build/default/production/_ext/1077454706/uart.o
 .debug_info      0x013b90        0x92d build/default/production/_ext/1077454706/read.o
 .debug_info      0x0144bd        0x186 build/default/production/_ext/1077454706/analog2digital_udb5.o
 .debug_info      0x014643         0xc9 build/default/production/_ext/679848855/madd.o
 .debug_info      0x01470c         0xc9 build/default/production/_ext/679848855/mmul.o
 .debug_info      0x0147d5         0xc9 build/default/production/_ext/679848855/mscl.o
 .debug_info      0x01489e         0xc9 build/default/production/_ext/679848855/msub.o
 .debug_info      0x014967         0xc9 build/default/production/_ext/679848855/mtrp.o
 .debug_info      0x014a30         0xc9 build/default/production/_ext/679848855/vadd.o
 .debug_info      0x014af9         0xc9 build/default/production/_ext/679848855/vcon.o
 .debug_info      0x014bc2         0xca build/default/production/_ext/679848855/vcopy.o
 .debug_info      0x014c8c         0xc9 build/default/production/_ext/679848855/vcor.o
 .debug_info      0x014d55         0xc9 build/default/production/_ext/679848855/vdot.o
 .debug_info      0x014e1e         0xc9 build/default/production/_ext/679848855/vmax.o
 .debug_info      0x014ee7         0xc9 build/default/production/_ext/679848855/vmin.o
 .debug_info      0x014fb0         0xc9 build/default/production/_ext/679848855/vmul.o
 .debug_info      0x015079         0xc9 build/default/production/_ext/679848855/vneg.o
 .debug_info      0x015142         0xc9 build/default/production/_ext/679848855/vpow.o
 .debug_info      0x01520b         0xc9 build/default/production/_ext/679848855/vscl.o
 .debug_info      0x0152d4         0xc9 build/default/production/_ext/679848855/vsub.o
 .debug_info      0x01539d         0xca build/default/production/_ext/679848855/vzpad.o
 .debug_info      0x015467        0x175 build/default/production/_ext/1472/config_tests.o
 .debug_info      0x0155dc        0x6ae build/default/production/_ext/1472/behavior.o
 .debug_info      0x015c8a        0x969 build/default/production/_ext/1472/cameraCntrl.o
 .debug_info      0x0165f3        0xc56 build/default/production/_ext/1472/navigate.o
 .debug_info      0x017249        0x8b1 build/default/production/_ext/1472/pitchCntrl.o
 .debug_info      0x017afa        0x711 build/default/production/_ext/1472/rollCntrl.o
 .debug_info      0x01820b        0x5e1 build/default/production/_ext/1472/servoMix.o
 .debug_info      0x0187ec        0x999 build/default/production/_ext/1472/states.o
 .debug_info      0x019185        0x810 build/default/production/_ext/1472/yawCntrl.o
 .debug_info      0x019995       0x1152 build/default/production/_ext/1472/telemetry.o
 .debug_info      0x01aae7        0x4e0 build/default/production/_ext/1472/servoPrepare.o
 .debug_info      0x01afc7        0x17d build/default/production/_ext/1472/flightplan-waypoints.o
 .debug_info      0x01b144       0x120c build/default/production/_ext/1472/flightplan-logo.o
 .debug_info      0x01c350        0x16f build/default/production/_ext/1472/mp_osd.o
 .debug_info      0x01c4bf        0x9b7 build/default/production/_ext/1472/altitudeCntrl.o
 .debug_info      0x01ce76        0x170 build/default/production/_ext/1472/MAVLink.o
 .debug_info      0x01cfe6        0x4f9 build/default/production/_ext/1472/mode_switch.o
 .debug_info      0x01d4df        0x176 build/default/production/_ext/1472/data_services.o
 .debug_info      0x01d655        0x175 build/default/production/_ext/1472/data_storage.o
 .debug_info      0x01d7ca        0x178 build/default/production/_ext/1472/nv_memory_table.o
 .debug_info      0x01d942        0x178 build/default/production/_ext/1472/parameter_table.o
 .debug_info      0x01daba        0x176 build/default/production/_ext/1472/airspeedCntrl.o
 .debug_info      0x01dc30        0x17e build/default/production/_ext/1472/altitudeCntrlVariable.o
 .debug_info      0x01ddae        0x29a build/default/production/_ext/1472/euler_angles.o
 .debug_info      0x01e048        0x185 build/default/production/_ext/1472/main.o
 .debug_info      0x01e1cd        0x178 build/default/production/_ext/1472/fly_by_datalink.o
 .debug_info      0x01e345        0x170 build/default/production/_ext/1472/console.o
 .debug_info      0x01e4b5        0x188 build/default/production/_ext/469387661/MyIpADSB.o
 .debug_info      0x01e63d        0x187 build/default/production/_ext/469387661/MyIpCam.o
 .debug_info      0x01e7c4        0x189 build/default/production/_ext/469387661/MyIpDebug.o
 .debug_info      0x01e94d        0x18d build/default/production/_ext/469387661/MyIpFlyByWire.o
 .debug_info      0x01eada        0x18b build/default/production/_ext/469387661/MyIpGPStest.o
 .debug_info      0x01ec65        0x188 build/default/production/_ext/469387661/MyIpLOGO.o
 .debug_info      0x01eded        0x18b build/default/production/_ext/469387661/MyIpMAVLink.o
 .debug_info      0x01ef78        0x18d build/default/production/_ext/469387661/MyIpPWMreport.o
 .debug_info      0x01f105        0x189 build/default/production/_ext/469387661/MyIpUART1.o
 .debug_info      0x01f28e        0x8a9 build/default/production/_ext/469387661/MyIpUART2.o
 .debug_info      0x01fb37        0x18a build/default/production/_ext/469387661/MyIpXPlane.o
 .debug_info      0x01fcc1        0x191 build/default/production/_ext/469387661/MyIpGroundStation.o
 .debug_info      0x01fe52        0x192 build/default/production/_ext/469387661/MyIpTelemetryEXTRA.o
 .debug_info      0x01ffe4        0x78b build/default/production/_ext/469387661/MyIpAircraftConfig.o
 .debug_info      0x02076f        0x940 build/default/production/_ext/732462331/MyIpData.o
 .debug_info      0x0210af       0x1331 build/default/production/_ext/732462331/MyIpNetwork.o
 .debug_info      0x0223e0        0x181 build/default/production/_ext/732462331/WF_Config.o
 .debug_info      0x022561        0xd0e build/default/production/_ext/732462331/MyIpHelpers.o
 .debug_info      0x02326f        0xbbe build/default/production/_ext/507866066/ARP.o
 .debug_info      0x023e2d       0x1168 build/default/production/_ext/507866066/DHCP.o
 .debug_info      0x024f95        0x187 build/default/production/_ext/507866066/DHCPs.o
 .debug_info      0x02511c        0xde0 build/default/production/_ext/507866066/DNS.o
 .debug_info      0x025efc        0x188 build/default/production/_ext/507866066/DynDNS.o
 .debug_info      0x026084        0x18a build/default/production/_ext/507866066/ENC28J60.o
 .debug_info      0x02620e        0x185 build/default/production/_ext/507866066/FTP.o
 .debug_info      0x026393        0x195 build/default/production/_ext/507866066/Hashes.o
 .debug_info      0x026528       0x1087 build/default/production/_ext/507866066/Helpers.o
 .debug_info      0x0275af        0x789 build/default/production/_ext/507866066/ICMP.o
 .debug_info      0x027d38        0xb73 build/default/production/_ext/507866066/IP.o
 .debug_info      0x0288ab        0x194 build/default/production/_ext/507866066/MPFS2.o
 .debug_info      0x028a3f        0xcc5 build/default/production/_ext/507866066/NBNS.o
 .debug_info      0x029704        0x188 build/default/production/_ext/507866066/Random.o
 .debug_info      0x02988c        0x188 build/default/production/_ext/507866066/Reboot.o
 .debug_info      0x029a14        0x186 build/default/production/_ext/507866066/SMTP.o
 .debug_info      0x029b9a        0x186 build/default/production/_ext/507866066/SNMP.o
 .debug_info      0x029d20        0x188 build/default/production/_ext/507866066/SNMPv3.o
 .debug_info      0x029ea8        0x18b build/default/production/_ext/507866066/SNMPv3USM.o
 .debug_info      0x02a033        0x186 build/default/production/_ext/507866066/SNTP.o
 .debug_info      0x02a1b9        0xa80 build/default/production/_ext/507866066/StackTsk.o
 .debug_info      0x02ac39       0x2239 build/default/production/_ext/507866066/TCP.o
 .debug_info      0x02ce72        0x188 build/default/production/_ext/507866066/Telnet.o
 .debug_info      0x02cffa        0x187 build/default/production/_ext/507866066/TFTPc.o
 .debug_info      0x02d181        0x8d6 build/default/production/_ext/507866066/Tick.o
 .debug_info      0x02da57        0x6b0 build/default/production/_ext/507866066/UART.o
 .debug_info      0x02e107        0x190 build/default/production/_ext/507866066/UART2TCPBridge.o
 .debug_info      0x02e297       0x123f build/default/production/_ext/507866066/UDP.o
 .debug_info      0x02f4d6        0x194 build/default/production/_ext/507866066/TCPPerformanceTest.o
 .debug_info      0x02f66a        0x194 build/default/production/_ext/507866066/UDPPerformanceTest.o
 .debug_info      0x02f7fe        0x229 build/default/production/_ext/507866066/Delay.o
 .debug_info      0x02fa27       0x1d37 build/default/production/_ext/507866066/ENCX24J600.o
 *(.gnu.linkonce.wi.*)

.debug_abbrev     0x000000       0x56b3
 *(.debug_abbrev)
 .debug_abbrev    0x000000         0xeb build/default/production/_ext/1077471063/estWind.o
 .debug_abbrev    0x0000eb         0xcf build/default/production/_ext/1077471063/estYawDrift.o
 .debug_abbrev    0x0001ba        0x142 build/default/production/_ext/1077471063/gpsParseCommon.o
 .debug_abbrev    0x0002fc        0x17b build/default/production/_ext/1077471063/gpsParseSTD.o
 .debug_abbrev    0x000477         0x1f build/default/production/_ext/1077471063/gpsParseUBX.o
 .debug_abbrev    0x000496        0x182 build/default/production/_ext/1077471063/mathlibNAV.o
 .debug_abbrev    0x000618        0x215 build/default/production/_ext/1077471063/rmat.o
 .debug_abbrev    0x00082d        0x127 build/default/production/_ext/1077471063/libDCM.o
 .debug_abbrev    0x000954        0x126 build/default/production/_ext/1077471063/deadReckoning.o
 .debug_abbrev    0x000a7a         0x1f build/default/production/_ext/1077471063/gpsParseMTEK.o
 .debug_abbrev    0x000a99         0x93 build/default/production/_ext/1077471063/estAltitude.o
 .debug_abbrev    0x000b2c         0xd4 build/default/production/_ext/1077471063/airspeedPitot.o
 .debug_abbrev    0x000c00        0x14f build/default/production/_ext/1077454706/background.o
 .debug_abbrev    0x000d4f        0x1c1 build/default/production/_ext/1077454706/libUDB.o
 .debug_abbrev    0x000f10        0x199 build/default/production/_ext/1077454706/analog2digital_udb4.o
 .debug_abbrev    0x0010a9        0x12e build/default/production/_ext/1077454706/servoOut.o
 .debug_abbrev    0x0011d7         0x1f build/default/production/_ext/1077454706/osd.o
 .debug_abbrev    0x0011f6         0x1f build/default/production/_ext/1077454706/24LC256.o
 .debug_abbrev    0x001215        0x1b6 build/default/production/_ext/1077454706/events.o
 .debug_abbrev    0x0013cb        0x112 build/default/production/_ext/1077454706/eeprom_udb4.o
 .debug_abbrev    0x0014dd         0x1f build/default/production/_ext/1077454706/mpu6000.o
 .debug_abbrev    0x0014fc         0x1f build/default/production/_ext/1077454706/spiUtils.o
 .debug_abbrev    0x00151b         0x1f build/default/production/_ext/1077454706/analog2digital_auav3.o
 .debug_abbrev    0x00153a         0x14 build/default/production/_ext/1077454706/traps_asm.o
 .debug_abbrev    0x00154e        0x131 build/default/production/_ext/1077454706/mcu.o
 .debug_abbrev    0x00167f         0xb4 build/default/production/_ext/1077454706/traps.o
 .debug_abbrev    0x001733         0x1f build/default/production/_ext/1077454706/barometer.o
 .debug_abbrev    0x001752         0x1f build/default/production/_ext/1077454706/I2C1.o
 .debug_abbrev    0x001771        0x1e9 build/default/production/_ext/1077454706/I2C2.o
 .debug_abbrev    0x00195a        0x107 build/default/production/_ext/1077454706/magnetometer.o
 .debug_abbrev    0x001a61        0x14e build/default/production/_ext/1077454706/radioIn.o
 .debug_abbrev    0x001baf        0x169 build/default/production/_ext/1077454706/serialIO.o
 .debug_abbrev    0x001d18        0x110 build/default/production/_ext/1077454706/write.o
 .debug_abbrev    0x001e28         0x1f build/default/production/_ext/1077454706/uart.o
 .debug_abbrev    0x001e47        0x119 build/default/production/_ext/1077454706/read.o
 .debug_abbrev    0x001f60         0x1f build/default/production/_ext/1077454706/analog2digital_udb5.o
 .debug_abbrev    0x001f7f         0x14 build/default/production/_ext/679848855/madd.o
 .debug_abbrev    0x001f93         0x14 build/default/production/_ext/679848855/mmul.o
 .debug_abbrev    0x001fa7         0x14 build/default/production/_ext/679848855/mscl.o
 .debug_abbrev    0x001fbb         0x14 build/default/production/_ext/679848855/msub.o
 .debug_abbrev    0x001fcf         0x14 build/default/production/_ext/679848855/mtrp.o
 .debug_abbrev    0x001fe3         0x14 build/default/production/_ext/679848855/vadd.o
 .debug_abbrev    0x001ff7         0x14 build/default/production/_ext/679848855/vcon.o
 .debug_abbrev    0x00200b         0x14 build/default/production/_ext/679848855/vcopy.o
 .debug_abbrev    0x00201f         0x14 build/default/production/_ext/679848855/vcor.o
 .debug_abbrev    0x002033         0x14 build/default/production/_ext/679848855/vdot.o
 .debug_abbrev    0x002047         0x14 build/default/production/_ext/679848855/vmax.o
 .debug_abbrev    0x00205b         0x14 build/default/production/_ext/679848855/vmin.o
 .debug_abbrev    0x00206f         0x14 build/default/production/_ext/679848855/vmul.o
 .debug_abbrev    0x002083         0x14 build/default/production/_ext/679848855/vneg.o
 .debug_abbrev    0x002097         0x14 build/default/production/_ext/679848855/vpow.o
 .debug_abbrev    0x0020ab         0x14 build/default/production/_ext/679848855/vscl.o
 .debug_abbrev    0x0020bf         0x14 build/default/production/_ext/679848855/vsub.o
 .debug_abbrev    0x0020d3         0x14 build/default/production/_ext/679848855/vzpad.o
 .debug_abbrev    0x0020e7         0x1f build/default/production/_ext/1472/config_tests.o
 .debug_abbrev    0x002106         0xff build/default/production/_ext/1472/behavior.o
 .debug_abbrev    0x002205        0x179 build/default/production/_ext/1472/cameraCntrl.o
 .debug_abbrev    0x00237e        0x193 build/default/production/_ext/1472/navigate.o
 .debug_abbrev    0x002511        0x13c build/default/production/_ext/1472/pitchCntrl.o
 .debug_abbrev    0x00264d        0x11e build/default/production/_ext/1472/rollCntrl.o
 .debug_abbrev    0x00276b         0xf2 build/default/production/_ext/1472/servoMix.o
 .debug_abbrev    0x00285d        0x166 build/default/production/_ext/1472/states.o
 .debug_abbrev    0x0029c3        0x12b build/default/production/_ext/1472/yawCntrl.o
 .debug_abbrev    0x002aee        0x23f build/default/production/_ext/1472/telemetry.o
 .debug_abbrev    0x002d2d         0xd7 build/default/production/_ext/1472/servoPrepare.o
 .debug_abbrev    0x002e04         0x1f build/default/production/_ext/1472/flightplan-waypoints.o
 .debug_abbrev    0x002e23        0x1dd build/default/production/_ext/1472/flightplan-logo.o
 .debug_abbrev    0x003000         0x1f build/default/production/_ext/1472/mp_osd.o
 .debug_abbrev    0x00301f        0x18e build/default/production/_ext/1472/altitudeCntrl.o
 .debug_abbrev    0x0031ad         0x1f build/default/production/_ext/1472/MAVLink.o
 .debug_abbrev    0x0031cc         0xd7 build/default/production/_ext/1472/mode_switch.o
 .debug_abbrev    0x0032a3         0x1f build/default/production/_ext/1472/data_services.o
 .debug_abbrev    0x0032c2         0x1f build/default/production/_ext/1472/data_storage.o
 .debug_abbrev    0x0032e1         0x1f build/default/production/_ext/1472/nv_memory_table.o
 .debug_abbrev    0x003300         0x1f build/default/production/_ext/1472/parameter_table.o
 .debug_abbrev    0x00331f         0x1f build/default/production/_ext/1472/airspeedCntrl.o
 .debug_abbrev    0x00333e         0x1f build/default/production/_ext/1472/altitudeCntrlVariable.o
 .debug_abbrev    0x00335d         0x8f build/default/production/_ext/1472/euler_angles.o
 .debug_abbrev    0x0033ec         0x36 build/default/production/_ext/1472/main.o
 .debug_abbrev    0x003422         0x1f build/default/production/_ext/1472/fly_by_datalink.o
 .debug_abbrev    0x003441         0x1f build/default/production/_ext/1472/console.o
 .debug_abbrev    0x003460         0x1f build/default/production/_ext/469387661/MyIpADSB.o
 .debug_abbrev    0x00347f         0x1f build/default/production/_ext/469387661/MyIpCam.o
 .debug_abbrev    0x00349e         0x1f build/default/production/_ext/469387661/MyIpDebug.o
 .debug_abbrev    0x0034bd         0x1f build/default/production/_ext/469387661/MyIpFlyByWire.o
 .debug_abbrev    0x0034dc         0x1f build/default/production/_ext/469387661/MyIpGPStest.o
 .debug_abbrev    0x0034fb         0x1f build/default/production/_ext/469387661/MyIpLOGO.o
 .debug_abbrev    0x00351a         0x1f build/default/production/_ext/469387661/MyIpMAVLink.o
 .debug_abbrev    0x003539         0x1f build/default/production/_ext/469387661/MyIpPWMreport.o
 .debug_abbrev    0x003558         0x1f build/default/production/_ext/469387661/MyIpUART1.o
 .debug_abbrev    0x003577        0x175 build/default/production/_ext/469387661/MyIpUART2.o
 .debug_abbrev    0x0036ec         0x1f build/default/production/_ext/469387661/MyIpXPlane.o
 .debug_abbrev    0x00370b         0x1f build/default/production/_ext/469387661/MyIpGroundStation.o
 .debug_abbrev    0x00372a         0x1f build/default/production/_ext/469387661/MyIpTelemetryEXTRA.o
 .debug_abbrev    0x003749        0x123 build/default/production/_ext/469387661/MyIpAircraftConfig.o
 .debug_abbrev    0x00386c        0x16d build/default/production/_ext/732462331/MyIpData.o
 .debug_abbrev    0x0039d9        0x1fb build/default/production/_ext/732462331/MyIpNetwork.o
 .debug_abbrev    0x003bd4         0x1f build/default/production/_ext/732462331/WF_Config.o
 .debug_abbrev    0x003bf3        0x171 build/default/production/_ext/732462331/MyIpHelpers.o
 .debug_abbrev    0x003d64        0x1cb build/default/production/_ext/507866066/ARP.o
 .debug_abbrev    0x003f2f        0x217 build/default/production/_ext/507866066/DHCP.o
 .debug_abbrev    0x004146         0x1f build/default/production/_ext/507866066/DHCPs.o
 .debug_abbrev    0x004165        0x1db build/default/production/_ext/507866066/DNS.o
 .debug_abbrev    0x004340         0x1f build/default/production/_ext/507866066/DynDNS.o
 .debug_abbrev    0x00435f         0x1f build/default/production/_ext/507866066/ENC28J60.o
 .debug_abbrev    0x00437e         0x1f build/default/production/_ext/507866066/FTP.o
 .debug_abbrev    0x00439d         0x1f build/default/production/_ext/507866066/Hashes.o
 .debug_abbrev    0x0043bc        0x1aa build/default/production/_ext/507866066/Helpers.o
 .debug_abbrev    0x004566         0xf0 build/default/production/_ext/507866066/ICMP.o
 .debug_abbrev    0x004656        0x1a7 build/default/production/_ext/507866066/IP.o
 .debug_abbrev    0x0047fd         0x1f build/default/production/_ext/507866066/MPFS2.o
 .debug_abbrev    0x00481c        0x1aa build/default/production/_ext/507866066/NBNS.o
 .debug_abbrev    0x0049c6         0x1f build/default/production/_ext/507866066/Random.o
 .debug_abbrev    0x0049e5         0x1f build/default/production/_ext/507866066/Reboot.o
 .debug_abbrev    0x004a04         0x1f build/default/production/_ext/507866066/SMTP.o
 .debug_abbrev    0x004a23         0x1f build/default/production/_ext/507866066/SNMP.o
 .debug_abbrev    0x004a42         0x1f build/default/production/_ext/507866066/SNMPv3.o
 .debug_abbrev    0x004a61         0x1f build/default/production/_ext/507866066/SNMPv3USM.o
 .debug_abbrev    0x004a80         0x1f build/default/production/_ext/507866066/SNTP.o
 .debug_abbrev    0x004a9f        0x170 build/default/production/_ext/507866066/StackTsk.o
 .debug_abbrev    0x004c0f        0x246 build/default/production/_ext/507866066/TCP.o
 .debug_abbrev    0x004e55         0x1f build/default/production/_ext/507866066/Telnet.o
 .debug_abbrev    0x004e74         0x1f build/default/production/_ext/507866066/TFTPc.o
 .debug_abbrev    0x004e93        0x15a build/default/production/_ext/507866066/Tick.o
 .debug_abbrev    0x004fed        0x146 build/default/production/_ext/507866066/UART.o
 .debug_abbrev    0x005133         0x1f build/default/production/_ext/507866066/UART2TCPBridge.o
 .debug_abbrev    0x005152        0x258 build/default/production/_ext/507866066/UDP.o
 .debug_abbrev    0x0053aa         0x1f build/default/production/_ext/507866066/TCPPerformanceTest.o
 .debug_abbrev    0x0053c9         0x1f build/default/production/_ext/507866066/UDPPerformanceTest.o
 .debug_abbrev    0x0053e8         0x68 build/default/production/_ext/507866066/Delay.o
 .debug_abbrev    0x005450        0x263 build/default/production/_ext/507866066/ENCX24J600.o

.debug_line       0x000000      0x141bc
 *(.debug_line)
 .debug_line      0x000000        0x312 build/default/production/_ext/1077471063/estWind.o
 .debug_line      0x000312        0x1d2 build/default/production/_ext/1077471063/estYawDrift.o
 .debug_line      0x0004e4        0x51b build/default/production/_ext/1077471063/gpsParseCommon.o
 .debug_line      0x0009ff        0x3f7 build/default/production/_ext/1077471063/gpsParseSTD.o
 .debug_line      0x000df6         0x24 build/default/production/_ext/1077471063/gpsParseUBX.o
 .debug_line      0x000e1a        0x7e6 build/default/production/_ext/1077471063/mathlibNAV.o
 .debug_line      0x001600        0xb25 build/default/production/_ext/1077471063/rmat.o
 .debug_line      0x002125        0x2fd build/default/production/_ext/1077471063/libDCM.o
 .debug_line      0x002422        0x4dc build/default/production/_ext/1077471063/deadReckoning.o
 .debug_line      0x0028fe         0x24 build/default/production/_ext/1077471063/gpsParseMTEK.o
 .debug_line      0x002922         0xfe build/default/production/_ext/1077471063/estAltitude.o
 .debug_line      0x002a20        0x281 build/default/production/_ext/1077471063/airspeedPitot.o
 .debug_line      0x002ca1        0x428 build/default/production/_ext/1077454706/background.o
 .debug_line      0x0030c9        0x2d2 build/default/production/_ext/1077454706/libUDB.o
 .debug_line      0x00339b        0x49f build/default/production/_ext/1077454706/analog2digital_udb4.o
 .debug_line      0x00383a        0x305 build/default/production/_ext/1077454706/servoOut.o
 .debug_line      0x003b3f         0x24 build/default/production/_ext/1077454706/osd.o
 .debug_line      0x003b63         0x24 build/default/production/_ext/1077454706/24LC256.o
 .debug_line      0x003b87        0x35e build/default/production/_ext/1077454706/events.o
 .debug_line      0x003ee5        0x53b build/default/production/_ext/1077454706/eeprom_udb4.o
 .debug_line      0x004420         0x24 build/default/production/_ext/1077454706/mpu6000.o
 .debug_line      0x004444         0x24 build/default/production/_ext/1077454706/spiUtils.o
 .debug_line      0x004468         0x24 build/default/production/_ext/1077454706/analog2digital_auav3.o
 .debug_line      0x00448c         0x5b build/default/production/_ext/1077454706/traps_asm.o
 .debug_line      0x0044e7        0x21d build/default/production/_ext/1077454706/mcu.o
 .debug_line      0x004704        0x1fe build/default/production/_ext/1077454706/traps.o
 .debug_line      0x004902         0x24 build/default/production/_ext/1077454706/barometer.o
 .debug_line      0x004926         0x24 build/default/production/_ext/1077454706/I2C1.o
 .debug_line      0x00494a        0x84c build/default/production/_ext/1077454706/I2C2.o
 .debug_line      0x005196        0x305 build/default/production/_ext/1077454706/magnetometer.o
 .debug_line      0x00549b        0x2c0 build/default/production/_ext/1077454706/radioIn.o
 .debug_line      0x00575b        0x563 build/default/production/_ext/1077454706/serialIO.o
 .debug_line      0x005cbe        0x167 build/default/production/_ext/1077454706/write.o
 .debug_line      0x005e25         0x24 build/default/production/_ext/1077454706/uart.o
 .debug_line      0x005e49        0x176 build/default/production/_ext/1077454706/read.o
 .debug_line      0x005fbf         0x24 build/default/production/_ext/1077454706/analog2digital_udb5.o
 .debug_line      0x005fe3         0x69 build/default/production/_ext/679848855/madd.o
 .debug_line      0x00604c         0x83 build/default/production/_ext/679848855/mmul.o
 .debug_line      0x0060cf         0x69 build/default/production/_ext/679848855/mscl.o
 .debug_line      0x006138         0x6e build/default/production/_ext/679848855/msub.o
 .debug_line      0x0061a6         0x6b build/default/production/_ext/679848855/mtrp.o
 .debug_line      0x006211         0x68 build/default/production/_ext/679848855/vadd.o
 .debug_line      0x006279         0xc0 build/default/production/_ext/679848855/vcon.o
 .debug_line      0x006339         0x52 build/default/production/_ext/679848855/vcopy.o
 .debug_line      0x00638b         0x61 build/default/production/_ext/679848855/vcor.o
 .debug_line      0x0063ec         0x68 build/default/production/_ext/679848855/vdot.o
 .debug_line      0x006454         0x56 build/default/production/_ext/679848855/vmax.o
 .debug_line      0x0064aa         0x56 build/default/production/_ext/679848855/vmin.o
 .debug_line      0x006500         0x69 build/default/production/_ext/679848855/vmul.o
 .debug_line      0x006569         0x6b build/default/production/_ext/679848855/vneg.o
 .debug_line      0x0065d4         0x67 build/default/production/_ext/679848855/vpow.o
 .debug_line      0x00663b         0x69 build/default/production/_ext/679848855/vscl.o
 .debug_line      0x0066a4         0x6d build/default/production/_ext/679848855/vsub.o
 .debug_line      0x006711         0x58 build/default/production/_ext/679848855/vzpad.o
 .debug_line      0x006769         0x24 build/default/production/_ext/1472/config_tests.o
 .debug_line      0x00678d        0x35e build/default/production/_ext/1472/behavior.o
 .debug_line      0x006aeb        0x3fc build/default/production/_ext/1472/cameraCntrl.o
 .debug_line      0x006ee7        0x5c6 build/default/production/_ext/1472/navigate.o
 .debug_line      0x0074ad        0x35c build/default/production/_ext/1472/pitchCntrl.o
 .debug_line      0x007809        0x275 build/default/production/_ext/1472/rollCntrl.o
 .debug_line      0x007a7e        0x222 build/default/production/_ext/1472/servoMix.o
 .debug_line      0x007ca0        0x702 build/default/production/_ext/1472/states.o
 .debug_line      0x0083a2        0x2a2 build/default/production/_ext/1472/yawCntrl.o
 .debug_line      0x008644        0x850 build/default/production/_ext/1472/telemetry.o
 .debug_line      0x008e94        0x231 build/default/production/_ext/1472/servoPrepare.o
 .debug_line      0x0090c5         0x24 build/default/production/_ext/1472/flightplan-waypoints.o
 .debug_line      0x0090e9        0xeee build/default/production/_ext/1472/flightplan-logo.o
 .debug_line      0x009fd7         0x24 build/default/production/_ext/1472/mp_osd.o
 .debug_line      0x009ffb        0x42e build/default/production/_ext/1472/altitudeCntrl.o
 .debug_line      0x00a429         0x24 build/default/production/_ext/1472/MAVLink.o
 .debug_line      0x00a44d        0x243 build/default/production/_ext/1472/mode_switch.o
 .debug_line      0x00a690         0x24 build/default/production/_ext/1472/data_services.o
 .debug_line      0x00a6b4         0x24 build/default/production/_ext/1472/data_storage.o
 .debug_line      0x00a6d8         0x24 build/default/production/_ext/1472/nv_memory_table.o
 .debug_line      0x00a6fc         0x24 build/default/production/_ext/1472/parameter_table.o
 .debug_line      0x00a720         0x24 build/default/production/_ext/1472/airspeedCntrl.o
 .debug_line      0x00a744         0x24 build/default/production/_ext/1472/altitudeCntrlVariable.o
 .debug_line      0x00a768        0x1a4 build/default/production/_ext/1472/euler_angles.o
 .debug_line      0x00a90c         0x9b build/default/production/_ext/1472/main.o
 .debug_line      0x00a9a7         0x24 build/default/production/_ext/1472/fly_by_datalink.o
 .debug_line      0x00a9cb         0x24 build/default/production/_ext/1472/console.o
 .debug_line      0x00a9ef         0x24 build/default/production/_ext/469387661/MyIpADSB.o
 .debug_line      0x00aa13         0x24 build/default/production/_ext/469387661/MyIpCam.o
 .debug_line      0x00aa37         0x24 build/default/production/_ext/469387661/MyIpDebug.o
 .debug_line      0x00aa5b         0x24 build/default/production/_ext/469387661/MyIpFlyByWire.o
 .debug_line      0x00aa7f         0x24 build/default/production/_ext/469387661/MyIpGPStest.o
 .debug_line      0x00aaa3         0x24 build/default/production/_ext/469387661/MyIpLOGO.o
 .debug_line      0x00aac7         0x24 build/default/production/_ext/469387661/MyIpMAVLink.o
 .debug_line      0x00aaeb         0x24 build/default/production/_ext/469387661/MyIpPWMreport.o
 .debug_line      0x00ab0f         0x24 build/default/production/_ext/469387661/MyIpUART1.o
 .debug_line      0x00ab33        0x2f7 build/default/production/_ext/469387661/MyIpUART2.o
 .debug_line      0x00ae2a         0x24 build/default/production/_ext/469387661/MyIpXPlane.o
 .debug_line      0x00ae4e         0x24 build/default/production/_ext/469387661/MyIpGroundStation.o
 .debug_line      0x00ae72         0x24 build/default/production/_ext/469387661/MyIpTelemetryEXTRA.o
 .debug_line      0x00ae96        0x8c1 build/default/production/_ext/469387661/MyIpAircraftConfig.o
 .debug_line      0x00b757        0x8f3 build/default/production/_ext/732462331/MyIpData.o
 .debug_line      0x00c04a        0x43e build/default/production/_ext/732462331/MyIpNetwork.o
 .debug_line      0x00c488         0x24 build/default/production/_ext/732462331/WF_Config.o
 .debug_line      0x00c4ac        0x7de build/default/production/_ext/732462331/MyIpHelpers.o
 .debug_line      0x00cc8a        0x3fc build/default/production/_ext/507866066/ARP.o
 .debug_line      0x00d086        0xb59 build/default/production/_ext/507866066/DHCP.o
 .debug_line      0x00dbdf         0x24 build/default/production/_ext/507866066/DHCPs.o
 .debug_line      0x00dc03        0x80e build/default/production/_ext/507866066/DNS.o
 .debug_line      0x00e411         0x24 build/default/production/_ext/507866066/DynDNS.o
 .debug_line      0x00e435         0x24 build/default/production/_ext/507866066/ENC28J60.o
 .debug_line      0x00e459         0x24 build/default/production/_ext/507866066/FTP.o
 .debug_line      0x00e47d         0x24 build/default/production/_ext/507866066/Hashes.o
 .debug_line      0x00e4a1        0x9e7 build/default/production/_ext/507866066/Helpers.o
 .debug_line      0x00ee88        0x159 build/default/production/_ext/507866066/ICMP.o
 .debug_line      0x00efe1        0x260 build/default/production/_ext/507866066/IP.o
 .debug_line      0x00f241         0x24 build/default/production/_ext/507866066/MPFS2.o
 .debug_line      0x00f265        0x400 build/default/production/_ext/507866066/NBNS.o
 .debug_line      0x00f665         0x24 build/default/production/_ext/507866066/Random.o
 .debug_line      0x00f689         0x24 build/default/production/_ext/507866066/Reboot.o
 .debug_line      0x00f6ad         0x24 build/default/production/_ext/507866066/SMTP.o
 .debug_line      0x00f6d1         0x24 build/default/production/_ext/507866066/SNMP.o
 .debug_line      0x00f6f5         0x24 build/default/production/_ext/507866066/SNMPv3.o
 .debug_line      0x00f719         0x24 build/default/production/_ext/507866066/SNMPv3USM.o
 .debug_line      0x00f73d         0x24 build/default/production/_ext/507866066/SNTP.o
 .debug_line      0x00f761        0x2b0 build/default/production/_ext/507866066/StackTsk.o
 .debug_line      0x00fa11       0x2720 build/default/production/_ext/507866066/TCP.o
 .debug_line      0x012131         0x24 build/default/production/_ext/507866066/Telnet.o
 .debug_line      0x012155         0x24 build/default/production/_ext/507866066/TFTPc.o
 .debug_line      0x012179        0x2c5 build/default/production/_ext/507866066/Tick.o
 .debug_line      0x01243e        0x24d build/default/production/_ext/507866066/UART.o
 .debug_line      0x01268b         0x24 build/default/production/_ext/507866066/UART2TCPBridge.o
 .debug_line      0x0126af        0x959 build/default/production/_ext/507866066/UDP.o
 .debug_line      0x013008         0x24 build/default/production/_ext/507866066/TCPPerformanceTest.o
 .debug_line      0x01302c         0x24 build/default/production/_ext/507866066/UDPPerformanceTest.o
 .debug_line      0x013050         0xec build/default/production/_ext/507866066/Delay.o
 .debug_line      0x01313c       0x1080 build/default/production/_ext/507866066/ENCX24J600.o

.debug_frame      0x000000       0x2778
 *(.debug_frame)
 .debug_frame     0x000000         0x24 build/default/production/_ext/1077471063/estWind.o
 .debug_frame     0x000024         0x34 build/default/production/_ext/1077471063/estYawDrift.o
 .debug_frame     0x000058         0x64 build/default/production/_ext/1077471063/gpsParseCommon.o
 .debug_frame     0x0000bc         0xc4 build/default/production/_ext/1077471063/gpsParseSTD.o
 .debug_frame     0x000180        0x114 build/default/production/_ext/1077471063/mathlibNAV.o
 .debug_frame     0x000294        0x144 build/default/production/_ext/1077471063/rmat.o
 .debug_frame     0x0003d8         0x94 build/default/production/_ext/1077471063/libDCM.o
 .debug_frame     0x00046c         0x44 build/default/production/_ext/1077471063/deadReckoning.o
 .debug_frame     0x0004b0         0x74 build/default/production/_ext/1077471063/estAltitude.o
 .debug_frame     0x000524         0x64 build/default/production/_ext/1077471063/airspeedPitot.o
 .debug_frame     0x000588         0x84 build/default/production/_ext/1077454706/background.o
 .debug_frame     0x00060c         0x84 build/default/production/_ext/1077454706/libUDB.o
 .debug_frame     0x000690         0x54 build/default/production/_ext/1077454706/analog2digital_udb4.o
 .debug_frame     0x0006e4         0x54 build/default/production/_ext/1077454706/servoOut.o
 .debug_frame     0x000738         0x74 build/default/production/_ext/1077454706/events.o
 .debug_frame     0x0007ac         0xd4 build/default/production/_ext/1077454706/eeprom_udb4.o
 .debug_frame     0x000880         0x54 build/default/production/_ext/1077454706/mcu.o
 .debug_frame     0x0008d4         0x74 build/default/production/_ext/1077454706/traps.o
 .debug_frame     0x000948        0x1a4 build/default/production/_ext/1077454706/I2C2.o
 .debug_frame     0x000aec         0x44 build/default/production/_ext/1077454706/magnetometer.o
 .debug_frame     0x000b30         0xb4 build/default/production/_ext/1077454706/radioIn.o
 .debug_frame     0x000be4         0xd4 build/default/production/_ext/1077454706/serialIO.o
 .debug_frame     0x000cb8         0x24 build/default/production/_ext/1077454706/write.o
 .debug_frame     0x000cdc         0x24 build/default/production/_ext/1077454706/read.o
 .debug_frame     0x000d00         0x84 build/default/production/_ext/1472/behavior.o
 .debug_frame     0x000d84         0xa4 build/default/production/_ext/1472/cameraCntrl.o
 .debug_frame     0x000e28         0x94 build/default/production/_ext/1472/navigate.o
 .debug_frame     0x000ebc         0x44 build/default/production/_ext/1472/pitchCntrl.o
 .debug_frame     0x000f00         0x44 build/default/production/_ext/1472/rollCntrl.o
 .debug_frame     0x000f44         0x34 build/default/production/_ext/1472/servoMix.o
 .debug_frame     0x000f78        0x114 build/default/production/_ext/1472/states.o
 .debug_frame     0x00108c         0x44 build/default/production/_ext/1472/yawCntrl.o
 .debug_frame     0x0010d0        0x524 build/default/production/_ext/1472/telemetry.o
 .debug_frame     0x0015f4         0x44 build/default/production/_ext/1472/servoPrepare.o
 .debug_frame     0x001638        0x124 build/default/production/_ext/1472/flightplan-logo.o
 .debug_frame     0x00175c         0x84 build/default/production/_ext/1472/altitudeCntrl.o
 .debug_frame     0x0017e0         0x64 build/default/production/_ext/1472/mode_switch.o
 .debug_frame     0x001844         0x34 build/default/production/_ext/1472/euler_angles.o
 .debug_frame     0x001878         0x24 build/default/production/_ext/1472/main.o
 .debug_frame     0x00189c         0x74 build/default/production/_ext/469387661/MyIpUART2.o
 .debug_frame     0x001910         0x84 build/default/production/_ext/469387661/MyIpAircraftConfig.o
 .debug_frame     0x001994         0xf4 build/default/production/_ext/732462331/MyIpData.o
 .debug_frame     0x001a88         0x64 build/default/production/_ext/732462331/MyIpNetwork.o
 .debug_frame     0x001aec        0x194 build/default/production/_ext/732462331/MyIpHelpers.o
 .debug_frame     0x001c80         0x84 build/default/production/_ext/507866066/ARP.o
 .debug_frame     0x001d04         0xc4 build/default/production/_ext/507866066/DHCP.o
 .debug_frame     0x001dc8         0x74 build/default/production/_ext/507866066/DNS.o
 .debug_frame     0x001e3c        0x124 build/default/production/_ext/507866066/Helpers.o
 .debug_frame     0x001f60         0x24 build/default/production/_ext/507866066/ICMP.o
 .debug_frame     0x001f84         0x54 build/default/production/_ext/507866066/IP.o
 .debug_frame     0x001fd8         0x44 build/default/production/_ext/507866066/NBNS.o
 .debug_frame     0x00201c         0x44 build/default/production/_ext/507866066/StackTsk.o
 .debug_frame     0x002060        0x234 build/default/production/_ext/507866066/TCP.o
 .debug_frame     0x002294         0x84 build/default/production/_ext/507866066/Tick.o
 .debug_frame     0x002318         0x74 build/default/production/_ext/507866066/UART.o
 .debug_frame     0x00238c        0x134 build/default/production/_ext/507866066/UDP.o
 .debug_frame     0x0024c0         0x34 build/default/production/_ext/507866066/Delay.o
 .debug_frame     0x0024f4        0x284 build/default/production/_ext/507866066/ENCX24J600.o

.debug_str        0x000000       0x2027
 *(.debug_str)
 .debug_str       0x000000         0x24 build/default/production/_ext/1077471063/estWind.o
 .debug_str       0x000024         0x5b build/default/production/_ext/1077471063/estYawDrift.o
 .debug_str       0x00007f        0x1f6 build/default/production/_ext/1077471063/gpsParseCommon.o
 .debug_str       0x000275         0xe2 build/default/production/_ext/1077471063/gpsParseSTD.o
 .debug_str       0x000357         0x5e build/default/production/_ext/1077471063/mathlibNAV.o
 .debug_str       0x0003b5        0x1a6 build/default/production/_ext/1077471063/rmat.o
 .debug_str       0x00055b         0x4b build/default/production/_ext/1077471063/libDCM.o
 .debug_str       0x0005a6        0x2a7 build/default/production/_ext/1077471063/deadReckoning.o
 .debug_str       0x00084d         0x97 build/default/production/_ext/1077471063/estAltitude.o
 .debug_str       0x0008e4         0xa1 build/default/production/_ext/1077471063/airspeedPitot.o
 .debug_str       0x000985         0xf2 build/default/production/_ext/1077454706/background.o
 .debug_str       0x000a77         0x78 build/default/production/_ext/1077454706/libUDB.o
 .debug_str       0x000aef        0x16f build/default/production/_ext/1077454706/analog2digital_udb4.o
 .debug_str       0x000c5e         0x69 build/default/production/_ext/1077454706/servoOut.o
 .debug_str       0x000cc7         0x82 build/default/production/_ext/1077454706/events.o
 .debug_str       0x000d49         0x39 build/default/production/_ext/1077454706/eeprom_udb4.o
 .debug_str       0x000d82         0x65 build/default/production/_ext/1077454706/mcu.o
 .debug_str       0x000de7         0x32 build/default/production/_ext/1077454706/traps.o
 .debug_str       0x000e19         0x7a build/default/production/_ext/1077454706/I2C2.o
 .debug_str       0x000e93         0x42 build/default/production/_ext/1077454706/magnetometer.o
 .debug_str       0x000ed5        0x152 build/default/production/_ext/1077454706/radioIn.o
 .debug_str       0x001027         0xa5 build/default/production/_ext/1077454706/serialIO.o
 .debug_str       0x0010cc         0x59 build/default/production/_ext/1077454706/write.o
 .debug_str       0x001125         0x59 build/default/production/_ext/1077454706/read.o
 .debug_str       0x00117e         0x84 build/default/production/_ext/1472/behavior.o
 .debug_str       0x001202        0x15c build/default/production/_ext/1472/cameraCntrl.o
 .debug_str       0x00135e        0x118 build/default/production/_ext/1472/navigate.o
 .debug_str       0x001476        0x100 build/default/production/_ext/1472/pitchCntrl.o
 .debug_str       0x001576         0x71 build/default/production/_ext/1472/rollCntrl.o
 .debug_str       0x0015e7         0xc2 build/default/production/_ext/1472/servoMix.o
 .debug_str       0x0016a9         0x4d build/default/production/_ext/1472/states.o
 .debug_str       0x0016f6         0xa4 build/default/production/_ext/1472/yawCntrl.o
 .debug_str       0x00179a        0x1b6 build/default/production/_ext/1472/telemetry.o
 .debug_str       0x001950         0x80 build/default/production/_ext/1472/servoPrepare.o
 .debug_str       0x0019d0        0x1f4 build/default/production/_ext/1472/flightplan-logo.o
 .debug_str       0x001bc4         0xe6 build/default/production/_ext/1472/altitudeCntrl.o
 .debug_str       0x001caa         0x13 build/default/production/_ext/1472/mode_switch.o
 .debug_str       0x001cbd         0x1b build/default/production/_ext/469387661/MyIpUART2.o
 .debug_str       0x001cd8         0x1a build/default/production/_ext/469387661/MyIpAircraftConfig.o
 .debug_str       0x001cf2          0x9 build/default/production/_ext/732462331/MyIpData.o
 .debug_str       0x001cfb         0x3c build/default/production/_ext/732462331/MyIpNetwork.o
 .debug_str       0x001d37         0x14 build/default/production/_ext/732462331/MyIpHelpers.o
 .debug_str       0x001d4b         0x18 build/default/production/_ext/507866066/ARP.o
 .debug_str       0x001d63         0x48 build/default/production/_ext/507866066/DHCP.o
 .debug_str       0x001dab          0xa build/default/production/_ext/507866066/DNS.o
 .debug_str       0x001db5          0x9 build/default/production/_ext/507866066/Helpers.o
 .debug_str       0x001dbe         0x13 build/default/production/_ext/507866066/IP.o
 .debug_str       0x001dd1         0x23 build/default/production/_ext/507866066/NBNS.o
 .debug_str       0x001df4         0x15 build/default/production/_ext/507866066/StackTsk.o
 .debug_str       0x001e09         0xcb build/default/production/_ext/507866066/TCP.o
 .debug_str       0x001ed4         0x26 build/default/production/_ext/507866066/Tick.o
 .debug_str       0x001efa         0x1e build/default/production/_ext/507866066/UART.o
 .debug_str       0x001f18         0x7f build/default/production/_ext/507866066/UDP.o
 .debug_str       0x001f97         0x90 build/default/production/_ext/507866066/ENCX24J600.o

.debug_loc
 *(.debug_loc)

.debug_macinfo
 *(.debug_macinfo)

.debug_pubnames
                  0x000000       0x3730
 *(.debug_pubnames)
 .debug_pubnames
                  0x000000         0x35 build/default/production/_ext/1077471063/estWind.o
 .debug_pubnames
                  0x000035         0x46 build/default/production/_ext/1077471063/estYawDrift.o
 .debug_pubnames
                  0x00007b        0x32b build/default/production/_ext/1077471063/gpsParseCommon.o
 .debug_pubnames
                  0x0003a6        0x1dc build/default/production/_ext/1077471063/gpsParseSTD.o
 .debug_pubnames
                  0x000582        0x145 build/default/production/_ext/1077471063/mathlibNAV.o
 .debug_pubnames
                  0x0006c7        0x1a8 build/default/production/_ext/1077471063/rmat.o
 .debug_pubnames
                  0x00086f         0xf4 build/default/production/_ext/1077471063/libDCM.o
 .debug_pubnames
                  0x000963        0x309 build/default/production/_ext/1077471063/deadReckoning.o
 .debug_pubnames
                  0x000c6c        0x160 build/default/production/_ext/1077471063/estAltitude.o
 .debug_pubnames
                  0x000dcc        0x14d build/default/production/_ext/1077471063/airspeedPitot.o
 .debug_pubnames
                  0x000f19         0xcc build/default/production/_ext/1077454706/background.o
 .debug_pubnames
                  0x000fe5         0xc4 build/default/production/_ext/1077454706/libUDB.o
 .debug_pubnames
                  0x0010a9        0x121 build/default/production/_ext/1077454706/analog2digital_udb4.o
 .debug_pubnames
                  0x0011ca         0x7f build/default/production/_ext/1077454706/servoOut.o
 .debug_pubnames
                  0x001249         0x9d build/default/production/_ext/1077454706/events.o
 .debug_pubnames
                  0x0012e6         0xe3 build/default/production/_ext/1077454706/eeprom_udb4.o
 .debug_pubnames
                  0x0013c9         0xda build/default/production/_ext/1077454706/mcu.o
 .debug_pubnames
                  0x0014a3         0x9f build/default/production/_ext/1077454706/traps.o
 .debug_pubnames
                  0x001542         0x8d build/default/production/_ext/1077454706/I2C2.o
 .debug_pubnames
                  0x0015cf         0x9a build/default/production/_ext/1077454706/magnetometer.o
 .debug_pubnames
                  0x001669        0x107 build/default/production/_ext/1077454706/radioIn.o
 .debug_pubnames
                  0x001770        0x121 build/default/production/_ext/1077454706/serialIO.o
 .debug_pubnames
                  0x001891         0x1c build/default/production/_ext/1077454706/write.o
 .debug_pubnames
                  0x0018ad         0x1b build/default/production/_ext/1077454706/read.o
 .debug_pubnames
                  0x0018c8        0x136 build/default/production/_ext/1472/behavior.o
 .debug_pubnames
                  0x0019fe        0x257 build/default/production/_ext/1472/cameraCntrl.o
 .debug_pubnames
                  0x001c55        0x175 build/default/production/_ext/1472/navigate.o
 .debug_pubnames
                  0x001dca         0xdd build/default/production/_ext/1472/pitchCntrl.o
 .debug_pubnames
                  0x001ea7         0x8a build/default/production/_ext/1472/rollCntrl.o
 .debug_pubnames
                  0x001f31         0x65 build/default/production/_ext/1472/servoMix.o
 .debug_pubnames
                  0x001f96         0x97 build/default/production/_ext/1472/states.o
 .debug_pubnames
                  0x00202d         0x8b build/default/production/_ext/1472/yawCntrl.o
 .debug_pubnames
                  0x0020b8        0x1ab build/default/production/_ext/1472/telemetry.o
 .debug_pubnames
                  0x002263         0xbb build/default/production/_ext/1472/servoPrepare.o
 .debug_pubnames
                  0x00231e        0x35e build/default/production/_ext/1472/flightplan-logo.o
 .debug_pubnames
                  0x00267c        0x10f build/default/production/_ext/1472/altitudeCntrl.o
 .debug_pubnames
                  0x00278b         0xb4 build/default/production/_ext/1472/mode_switch.o
 .debug_pubnames
                  0x00283f         0x46 build/default/production/_ext/1472/euler_angles.o
 .debug_pubnames
                  0x002885         0x1b build/default/production/_ext/1472/main.o
 .debug_pubnames
                  0x0028a0         0xbe build/default/production/_ext/469387661/MyIpUART2.o
 .debug_pubnames
                  0x00295e        0x11a build/default/production/_ext/469387661/MyIpAircraftConfig.o
 .debug_pubnames
                  0x002a78        0x164 build/default/production/_ext/732462331/MyIpData.o
 .debug_pubnames
                  0x002bdc         0x5f build/default/production/_ext/732462331/MyIpNetwork.o
 .debug_pubnames
                  0x002c3b        0x18b build/default/production/_ext/732462331/MyIpHelpers.o
 .debug_pubnames
                  0x002dc6         0x6f build/default/production/_ext/507866066/ARP.o
 .debug_pubnames
                  0x002e35         0xcc build/default/production/_ext/507866066/DHCP.o
 .debug_pubnames
                  0x002f01         0x55 build/default/production/_ext/507866066/DNS.o
 .debug_pubnames
                  0x002f56        0x114 build/default/production/_ext/507866066/Helpers.o
 .debug_pubnames
                  0x00306a         0x22 build/default/production/_ext/507866066/ICMP.o
 .debug_pubnames
                  0x00308c         0x44 build/default/production/_ext/507866066/IP.o
 .debug_pubnames
                  0x0030d0         0x1f build/default/production/_ext/507866066/NBNS.o
 .debug_pubnames
                  0x0030ef         0x53 build/default/production/_ext/507866066/StackTsk.o
 .debug_pubnames
                  0x003142        0x1ba build/default/production/_ext/507866066/TCP.o
 .debug_pubnames
                  0x0032fc         0x7e build/default/production/_ext/507866066/Tick.o
 .debug_pubnames
                  0x00337a         0x6a build/default/production/_ext/507866066/UART.o
 .debug_pubnames
                  0x0033e4        0x155 build/default/production/_ext/507866066/UDP.o
 .debug_pubnames
                  0x003539         0x2c build/default/production/_ext/507866066/Delay.o
 .debug_pubnames
                  0x003565        0x1cb build/default/production/_ext/507866066/ENCX24J600.o

.debug_ranges
 *(.debug_ranges)

.debug_aranges    0x000000        0x748
 *(.debug_aranges)
 .debug_aranges
                  0x000000         0x18 build/default/production/_ext/1077471063/estWind.o
 .debug_aranges
                  0x000018         0x18 build/default/production/_ext/1077471063/estYawDrift.o
 .debug_aranges
                  0x000030         0x18 build/default/production/_ext/1077471063/gpsParseCommon.o
 .debug_aranges
                  0x000048         0x18 build/default/production/_ext/1077471063/gpsParseSTD.o
 .debug_aranges
                  0x000060         0x18 build/default/production/_ext/1077471063/mathlibNAV.o
 .debug_aranges
                  0x000078         0x18 build/default/production/_ext/1077471063/rmat.o
 .debug_aranges
                  0x000090         0x18 build/default/production/_ext/1077471063/libDCM.o
 .debug_aranges
                  0x0000a8         0x18 build/default/production/_ext/1077471063/deadReckoning.o
 .debug_aranges
                  0x0000c0         0x18 build/default/production/_ext/1077471063/estAltitude.o
 .debug_aranges
                  0x0000d8         0x18 build/default/production/_ext/1077471063/airspeedPitot.o
 .debug_aranges
                  0x0000f0         0x18 build/default/production/_ext/1077454706/background.o
 .debug_aranges
                  0x000108         0x18 build/default/production/_ext/1077454706/libUDB.o
 .debug_aranges
                  0x000120         0x18 build/default/production/_ext/1077454706/analog2digital_udb4.o
 .debug_aranges
                  0x000138         0x18 build/default/production/_ext/1077454706/servoOut.o
 .debug_aranges
                  0x000150         0x18 build/default/production/_ext/1077454706/events.o
 .debug_aranges
                  0x000168         0x18 build/default/production/_ext/1077454706/eeprom_udb4.o
 .debug_aranges
                  0x000180         0x18 build/default/production/_ext/1077454706/traps_asm.o
 .debug_aranges
                  0x000198         0x18 build/default/production/_ext/1077454706/mcu.o
 .debug_aranges
                  0x0001b0         0x18 build/default/production/_ext/1077454706/traps.o
 .debug_aranges
                  0x0001c8         0x18 build/default/production/_ext/1077454706/I2C2.o
 .debug_aranges
                  0x0001e0         0x18 build/default/production/_ext/1077454706/magnetometer.o
 .debug_aranges
                  0x0001f8         0x18 build/default/production/_ext/1077454706/radioIn.o
 .debug_aranges
                  0x000210         0x18 build/default/production/_ext/1077454706/serialIO.o
 .debug_aranges
                  0x000228         0x20 build/default/production/_ext/1077454706/write.o
 .debug_aranges
                  0x000248         0x20 build/default/production/_ext/1077454706/read.o
 .debug_aranges
                  0x000268         0x18 build/default/production/_ext/679848855/madd.o
 .debug_aranges
                  0x000280         0x18 build/default/production/_ext/679848855/mmul.o
 .debug_aranges
                  0x000298         0x18 build/default/production/_ext/679848855/mscl.o
 .debug_aranges
                  0x0002b0         0x18 build/default/production/_ext/679848855/msub.o
 .debug_aranges
                  0x0002c8         0x18 build/default/production/_ext/679848855/mtrp.o
 .debug_aranges
                  0x0002e0         0x18 build/default/production/_ext/679848855/vadd.o
 .debug_aranges
                  0x0002f8         0x18 build/default/production/_ext/679848855/vcon.o
 .debug_aranges
                  0x000310         0x18 build/default/production/_ext/679848855/vcopy.o
 .debug_aranges
                  0x000328         0x18 build/default/production/_ext/679848855/vcor.o
 .debug_aranges
                  0x000340         0x18 build/default/production/_ext/679848855/vdot.o
 .debug_aranges
                  0x000358         0x18 build/default/production/_ext/679848855/vmax.o
 .debug_aranges
                  0x000370         0x18 build/default/production/_ext/679848855/vmin.o
 .debug_aranges
                  0x000388         0x18 build/default/production/_ext/679848855/vmul.o
 .debug_aranges
                  0x0003a0         0x18 build/default/production/_ext/679848855/vneg.o
 .debug_aranges
                  0x0003b8         0x18 build/default/production/_ext/679848855/vpow.o
 .debug_aranges
                  0x0003d0         0x18 build/default/production/_ext/679848855/vscl.o
 .debug_aranges
                  0x0003e8         0x18 build/default/production/_ext/679848855/vsub.o
 .debug_aranges
                  0x000400         0x18 build/default/production/_ext/679848855/vzpad.o
 .debug_aranges
                  0x000418         0x18 build/default/production/_ext/1472/behavior.o
 .debug_aranges
                  0x000430         0x18 build/default/production/_ext/1472/cameraCntrl.o
 .debug_aranges
                  0x000448         0x18 build/default/production/_ext/1472/navigate.o
 .debug_aranges
                  0x000460         0x18 build/default/production/_ext/1472/pitchCntrl.o
 .debug_aranges
                  0x000478         0x18 build/default/production/_ext/1472/rollCntrl.o
 .debug_aranges
                  0x000490         0x18 build/default/production/_ext/1472/servoMix.o
 .debug_aranges
                  0x0004a8         0x18 build/default/production/_ext/1472/states.o
 .debug_aranges
                  0x0004c0         0x18 build/default/production/_ext/1472/yawCntrl.o
 .debug_aranges
                  0x0004d8         0x18 build/default/production/_ext/1472/telemetry.o
 .debug_aranges
                  0x0004f0         0x18 build/default/production/_ext/1472/servoPrepare.o
 .debug_aranges
                  0x000508         0x18 build/default/production/_ext/1472/flightplan-logo.o
 .debug_aranges
                  0x000520         0x18 build/default/production/_ext/1472/altitudeCntrl.o
 .debug_aranges
                  0x000538         0x18 build/default/production/_ext/1472/mode_switch.o
 .debug_aranges
                  0x000550         0x18 build/default/production/_ext/1472/euler_angles.o
 .debug_aranges
                  0x000568         0x18 build/default/production/_ext/1472/main.o
 .debug_aranges
                  0x000580         0x18 build/default/production/_ext/469387661/MyIpUART2.o
 .debug_aranges
                  0x000598         0x18 build/default/production/_ext/469387661/MyIpAircraftConfig.o
 .debug_aranges
                  0x0005b0         0x18 build/default/production/_ext/732462331/MyIpData.o
 .debug_aranges
                  0x0005c8         0x18 build/default/production/_ext/732462331/MyIpNetwork.o
 .debug_aranges
                  0x0005e0         0x18 build/default/production/_ext/732462331/MyIpHelpers.o
 .debug_aranges
                  0x0005f8         0x18 build/default/production/_ext/507866066/ARP.o
 .debug_aranges
                  0x000610         0x18 build/default/production/_ext/507866066/DHCP.o
 .debug_aranges
                  0x000628         0x18 build/default/production/_ext/507866066/DNS.o
 .debug_aranges
                  0x000640         0x18 build/default/production/_ext/507866066/Helpers.o
 .debug_aranges
                  0x000658         0x18 build/default/production/_ext/507866066/ICMP.o
 .debug_aranges
                  0x000670         0x18 build/default/production/_ext/507866066/IP.o
 .debug_aranges
                  0x000688         0x18 build/default/production/_ext/507866066/NBNS.o
 .debug_aranges
                  0x0006a0         0x18 build/default/production/_ext/507866066/StackTsk.o
 .debug_aranges
                  0x0006b8         0x18 build/default/production/_ext/507866066/TCP.o
 .debug_aranges
                  0x0006d0         0x18 build/default/production/_ext/507866066/Tick.o
 .debug_aranges
                  0x0006e8         0x18 build/default/production/_ext/507866066/UART.o
 .debug_aranges
                  0x000700         0x18 build/default/production/_ext/507866066/UDP.o
 .debug_aranges
                  0x000718         0x18 build/default/production/_ext/507866066/Delay.o
 .debug_aranges
                  0x000730         0x18 build/default/production/_ext/507866066/ENCX24J600.o

.ivt              0x000004         0xfc
                  0x000004          0x4 LONG 0x330 DEFINED (__ReservedTrap0)?ABSOLUTE (__ReservedTrap0):ABSOLUTE (__DefaultInterrupt)
                  0x000006          0x4 LONG 0x138ee DEFINED (__OscillatorFail)?ABSOLUTE (__OscillatorFail):ABSOLUTE (__DefaultInterrupt)
                  0x000008          0x4 LONG 0x1391a DEFINED (__AddressError)?ABSOLUTE (__AddressError):ABSOLUTE (__DefaultInterrupt)
                  0x00000a          0x4 LONG 0x13940 DEFINED (__StackError)?ABSOLUTE (__StackError):ABSOLUTE (__DefaultInterrupt)
                  0x00000c          0x4 LONG 0x13966 DEFINED (__MathError)?ABSOLUTE (__MathError):ABSOLUTE (__DefaultInterrupt)
                  0x00000e          0x4 LONG 0x1398c DEFINED (__DMACError)?ABSOLUTE (__DMACError):ABSOLUTE (__DefaultInterrupt)
                  0x000010          0x4 LONG 0x330 DEFINED (__ReservedTrap6)?ABSOLUTE (__ReservedTrap6):ABSOLUTE (__DefaultInterrupt)
                  0x000012          0x4 LONG 0x330 DEFINED (__ReservedTrap7)?ABSOLUTE (__ReservedTrap7):ABSOLUTE (__DefaultInterrupt)
                  0x000014          0x4 LONG 0x330 DEFINED (__INT0Interrupt)?ABSOLUTE (__INT0Interrupt):ABSOLUTE (__DefaultInterrupt)
                  0x000016          0x4 LONG 0x100aa DEFINED (__IC1Interrupt)?ABSOLUTE (__IC1Interrupt):ABSOLUTE (__DefaultInterrupt)
                  0x000018          0x4 LONG 0x330 DEFINED (__OC1Interrupt)?ABSOLUTE (__OC1Interrupt):ABSOLUTE (__DefaultInterrupt)
                  0x00001a          0x4 LONG 0x125e0 DEFINED (__T1Interrupt)?ABSOLUTE (__T1Interrupt):ABSOLUTE (__DefaultInterrupt)
                  0x00001c          0x4 LONG 0x10b3e DEFINED (__DMA0Interrupt)?ABSOLUTE (__DMA0Interrupt):ABSOLUTE (__DefaultInterrupt)
                  0x00001e          0x4 LONG 0x100fa DEFINED (__IC2Interrupt)?ABSOLUTE (__IC2Interrupt):ABSOLUTE (__DefaultInterrupt)
                  0x000020          0x4 LONG 0x330 DEFINED (__OC2Interrupt)?ABSOLUTE (__OC2Interrupt):ABSOLUTE (__DefaultInterrupt)
                  0x000022          0x4 LONG 0x330 DEFINED (__T2Interrupt)?ABSOLUTE (__T2Interrupt):ABSOLUTE (__DefaultInterrupt)
                  0x000024          0x4 LONG 0x330 DEFINED (__T3Interrupt)?ABSOLUTE (__T3Interrupt):ABSOLUTE (__DefaultInterrupt)
                  0x000026          0x4 LONG 0x330 DEFINED (__SPI1ErrInterrupt)?ABSOLUTE (__SPI1ErrInterrupt):ABSOLUTE (__DefaultInterrupt)
                  0x000028          0x4 LONG 0x330 DEFINED (__SPI1Interrupt)?ABSOLUTE (__SPI1Interrupt):ABSOLUTE (__DefaultInterrupt)
                  0x00002a          0x4 LONG 0x11328 DEFINED (__U1RXInterrupt)?ABSOLUTE (__U1RXInterrupt):ABSOLUTE (__DefaultInterrupt)
                  0x00002c          0x4 LONG 0x112ee DEFINED (__U1TXInterrupt)?ABSOLUTE (__U1TXInterrupt):ABSOLUTE (__DefaultInterrupt)
                  0x00002e          0x4 LONG 0x330 DEFINED (__ADC1Interrupt)?ABSOLUTE (__ADC1Interrupt):ABSOLUTE (__DefaultInterrupt)
                  0x000030          0x4 LONG 0x330 DEFINED (__DMA1Interrupt)?ABSOLUTE (__DMA1Interrupt):ABSOLUTE (__DefaultInterrupt)
                  0x000032          0x4 LONG 0x330 DEFINED (__Interrupt15)?ABSOLUTE (__Interrupt15):ABSOLUTE (__DefaultInterrupt)
                  0x000034          0x4 LONG 0x330 DEFINED (__SI2C1Interrupt)?ABSOLUTE (__SI2C1Interrupt):ABSOLUTE (__DefaultInterrupt)
                  0x000036          0x4 LONG 0x330 DEFINED (__MI2C1Interrupt)?ABSOLUTE (__MI2C1Interrupt):ABSOLUTE (__DefaultInterrupt)
                  0x000038          0x4 LONG 0x330 DEFINED (__Interrupt18)?ABSOLUTE (__Interrupt18):ABSOLUTE (__DefaultInterrupt)
                  0x00003a          0x4 LONG 0x330 DEFINED (__CNInterrupt)?ABSOLUTE (__CNInterrupt):ABSOLUTE (__DefaultInterrupt)
                  0x00003c          0x4 LONG 0x330 DEFINED (__INT1Interrupt)?ABSOLUTE (__INT1Interrupt):ABSOLUTE (__DefaultInterrupt)