Microchip Technology Inc, vv1_10 (A) @TF-8I

Tool Name:
  /opt/microchip/xc16/v1.10/bin/bin/../bin/elf-ld

Command:
  -p33EP512MU810 \
  -o \
  dist/default/production/MatrixPilot-auav3_mw.production.elf \
  -L/opt/microchip/xc16/v1.10/bin/bin/.. \
  -L/opt/microchip/xc16/v1.10/bin/bin/../../lib \
  -L/opt/microchip/xc16/v1.10/bin/bin/../../lib/PIC24E \
  -L/opt/microchip/xc16/v1.10/bin/bin/../../support/PIC24E/gld \
  -L/opt/microchip/xc16/v1.10/bin/bin/../../lib/PIC24F \
  -L/opt/microchip/xc16/v1.10/bin/bin/../../support/PIC24F/gld \
  -L/opt/microchip/xc16/v1.10/bin/bin/../../lib/PIC24H \
  -L/opt/microchip/xc16/v1.10/bin/bin/../../support/PIC24H/gld \
  -L/opt/microchip/xc16/v1.10/bin/bin/../../lib/dsPIC30F \
  -L/opt/microchip/xc16/v1.10/bin/bin/../../support/dsPIC30F/gld \
  -L/opt/microchip/xc16/v1.10/bin/bin/../../lib/dsPIC33E \
  -L/opt/microchip/xc16/v1.10/bin/bin/../../support/dsPIC33E/gld \
  -L/opt/microchip/xc16/v1.10/bin/bin/../../lib/dsPIC33F \
  -L/opt/microchip/xc16/v1.10/bin/bin/../../support/dsPIC33F/gld \
  build/default/production/_ext/1077454706/barometer_udb4.o \
  build/default/production/_ext/1658199856/commands.o \
  build/default/production/_ext/1658199856/read.o \
  build/default/production/_ext/1658199856/write.o \
  build/default/production/_ext/1658199856/uart.o \
  build/default/production/_ext/1077471063/estWind.o \
  build/default/production/_ext/1077471063/estYawDrift.o \
  build/default/production/_ext/1077471063/gpsParseCommon.o \
  build/default/production/_ext/1077471063/gpsParseSTD.o \
  build/default/production/_ext/1077471063/gpsParseUBX.o \
  build/default/production/_ext/1077471063/mathlibNAV.o \
  build/default/production/_ext/1077471063/rmat.o \
  build/default/production/_ext/1077471063/libDCM.o \
  build/default/production/_ext/1077471063/deadReckoning.o \
  build/default/production/_ext/1077471063/gpsParseMTEK.o \
  build/default/production/_ext/1077471063/estAltitude.o \
  build/default/production/_ext/1864667112/AT45D.o \
  build/default/production/_ext/1864667112/AT45D_DMA.o \
  build/default/production/_ext/1864667112/AT45D_FS.o \
  build/default/production/_ext/1864667112/MDD_AT45D.o \
  build/default/production/_ext/1864667112/minIni.o \
  build/default/production/_ext/1864667112/usb.o \
  build/default/production/_ext/1864667112/usb_descriptors.o \
  build/default/production/_ext/65885567/FSIO.o \
  build/default/production/_ext/1077454706/background.o \
  build/default/production/_ext/1077454706/libUDB.o \
  build/default/production/_ext/1077454706/analog2digital_udb4.o \
  build/default/production/_ext/1077454706/servoOut.o \
  build/default/production/_ext/1077454706/osd.o \
  build/default/production/_ext/1077454706/24LC256.o \
  build/default/production/_ext/1077454706/events.o \
  build/default/production/_ext/1077454706/mpu6000.o \
  build/default/production/_ext/1077454706/spiUtils.o \
  build/default/production/_ext/1077454706/analog2digital_auav3.o \
  build/default/production/_ext/1077454706/traps_asm.o \
  build/default/production/_ext/1077454706/mcu.o \
  build/default/production/_ext/1077454706/magnetometer.o \
  build/default/production/_ext/1077454706/radioIn.o \
  build/default/production/_ext/1077454706/serialIO.o \
  build/default/production/_ext/1077454706/traps.o \
  build/default/production/_ext/1077454706/I2C1.o \
  build/default/production/_ext/1077454706/I2C2.o \
  build/default/production/_ext/713068069/usb_device.o \
  build/default/production/_ext/41277818/usb_function_msd.o \
  build/default/production/_ext/679848855/madd.o \
  build/default/production/_ext/679848855/mmul.o \
  build/default/production/_ext/679848855/mscl.o \
  build/default/production/_ext/679848855/msub.o \
  build/default/production/_ext/679848855/mtrp.o \
  build/default/production/_ext/679848855/vadd.o \
  build/default/production/_ext/679848855/vcon.o \
  build/default/production/_ext/679848855/vcopy.o \
  build/default/production/_ext/679848855/vcor.o \
  build/default/production/_ext/679848855/vdot.o \
  build/default/production/_ext/679848855/vmax.o \
  build/default/production/_ext/679848855/vmin.o \
  build/default/production/_ext/679848855/vmul.o \
  build/default/production/_ext/679848855/vneg.o \
  build/default/production/_ext/679848855/vpow.o \
  build/default/production/_ext/679848855/vscl.o \
  build/default/production/_ext/679848855/vsub.o \
  build/default/production/_ext/679848855/vzpad.o \
  build/default/production/_ext/1472/config_tests.o \
  build/default/production/_ext/1472/behavior.o \
  build/default/production/_ext/1472/cameraCntrl.o \
  build/default/production/_ext/1472/navigate.o \
  build/default/production/_ext/1472/pitchCntrl.o \
  build/default/production/_ext/1472/rollCntrl.o \
  build/default/production/_ext/1472/servoMix.o \
  build/default/production/_ext/1472/states.o \
  build/default/production/_ext/1472/yawCntrl.o \
  build/default/production/_ext/1472/telemetry.o \
[...]
Memory Configuration

Name             Origin             Length             Attributes
data             0x001000           0x00d000           a !xr
reset            0x000000           0x000004  
ivt              0x000004           0x0001fc  
program          0x000200           0x0555fe           xr
auxflash         0x7fc000           0x003ff8           xr
FGS              0xf80004           0x000002  
FOSCSEL          0xf80006           0x000002  
FOSC             0xf80008           0x000002  
FWDT             0xf8000a           0x000002  
FPOR             0xf8000c           0x000002  
FICD             0xf8000e           0x000002  
FAS              0xf80010           0x000002  
FUID0            0xf80012           0x000002  
*default*        0x000000           0xffffffff  

Linker script and memory map

LOAD build/default/production/_ext/1077454706/barometer_udb4.o
LOAD build/default/production/_ext/1658199856/commands.o
LOAD build/default/production/_ext/1658199856/read.o
LOAD build/default/production/_ext/1658199856/write.o
LOAD build/default/production/_ext/1658199856/uart.o
LOAD build/default/production/_ext/1077471063/estWind.o
LOAD build/default/production/_ext/1077471063/estYawDrift.o
LOAD build/default/production/_ext/1077471063/gpsParseCommon.o
LOAD build/default/production/_ext/1077471063/gpsParseSTD.o
LOAD build/default/production/_ext/1077471063/gpsParseUBX.o
LOAD build/default/production/_ext/1077471063/mathlibNAV.o
LOAD build/default/production/_ext/1077471063/rmat.o
LOAD build/default/production/_ext/1077471063/libDCM.o
LOAD build/default/production/_ext/1077471063/deadReckoning.o
LOAD build/default/production/_ext/1077471063/gpsParseMTEK.o
LOAD build/default/production/_ext/1077471063/estAltitude.o
LOAD build/default/production/_ext/1864667112/AT45D.o
LOAD build/default/production/_ext/1864667112/AT45D_DMA.o
LOAD build/default/production/_ext/1864667112/AT45D_FS.o
LOAD build/default/production/_ext/1864667112/MDD_AT45D.o
LOAD build/default/production/_ext/1864667112/minIni.o
LOAD build/default/production/_ext/1864667112/usb.o
LOAD build/default/production/_ext/1864667112/usb_descriptors.o
LOAD build/default/production/_ext/65885567/FSIO.o
LOAD build/default/production/_ext/1077454706/background.o
LOAD build/default/production/_ext/1077454706/libUDB.o
LOAD build/default/production/_ext/1077454706/analog2digital_udb4.o
LOAD build/default/production/_ext/1077454706/servoOut.o
LOAD build/default/production/_ext/1077454706/osd.o
LOAD build/default/production/_ext/1077454706/24LC256.o
LOAD build/default/production/_ext/1077454706/events.o
LOAD build/default/production/_ext/1077454706/mpu6000.o
LOAD build/default/production/_ext/1077454706/spiUtils.o
LOAD build/default/production/_ext/1077454706/analog2digital_auav3.o
LOAD build/default/production/_ext/1077454706/traps_asm.o
LOAD build/default/production/_ext/1077454706/mcu.o
LOAD build/default/production/_ext/1077454706/magnetometer.o
LOAD build/default/production/_ext/1077454706/radioIn.o
LOAD build/default/production/_ext/1077454706/serialIO.o
LOAD build/default/production/_ext/1077454706/traps.o
LOAD build/default/production/_ext/1077454706/I2C1.o
LOAD build/default/production/_ext/1077454706/I2C2.o
LOAD build/default/production/_ext/713068069/usb_device.o
LOAD build/default/production/_ext/41277818/usb_function_msd.o
LOAD build/default/production/_ext/679848855/madd.o
LOAD build/default/production/_ext/679848855/mmul.o
LOAD build/default/production/_ext/679848855/mscl.o
LOAD build/default/production/_ext/679848855/msub.o
LOAD build/default/production/_ext/679848855/mtrp.o
LOAD build/default/production/_ext/679848855/vadd.o
LOAD build/default/production/_ext/679848855/vcon.o
LOAD build/default/production/_ext/679848855/vcopy.o
LOAD build/default/production/_ext/679848855/vcor.o
LOAD build/default/production/_ext/679848855/vdot.o
LOAD build/default/production/_ext/679848855/vmax.o
LOAD build/default/production/_ext/679848855/vmin.o
LOAD build/default/production/_ext/679848855/vmul.o
LOAD build/default/production/_ext/679848855/vneg.o
LOAD build/default/production/_ext/679848855/vpow.o
LOAD build/default/production/_ext/679848855/vscl.o
LOAD build/default/production/_ext/679848855/vsub.o
LOAD build/default/production/_ext/679848855/vzpad.o
LOAD build/default/production/_ext/1472/config_tests.o
LOAD build/default/production/_ext/1472/behavior.o
LOAD build/default/production/_ext/1472/cameraCntrl.o
LOAD build/default/production/_ext/1472/navigate.o
LOAD build/default/production/_ext/1472/pitchCntrl.o
LOAD build/default/production/_ext/1472/rollCntrl.o
LOAD build/default/production/_ext/1472/servoMix.o
LOAD build/default/production/_ext/1472/states.o
LOAD build/default/production/_ext/1472/yawCntrl.o
LOAD build/default/production/_ext/1472/telemetry.o
LOAD build/default/production/_ext/1472/servoPrepare.o
LOAD build/default/production/_ext/1472/flightplan-waypoints.o
LOAD build/default/production/_ext/1472/flightplan-logo.o
LOAD build/default/production/_ext/1472/mp_osd.o
LOAD build/default/production/_ext/1472/altitudeCntrl.o
LOAD build/default/production/_ext/1472/MAVLink.o
LOAD build/default/production/_ext/1472/mode_switch.o
LOAD build/default/production/_ext/1472/data_services.o
LOAD build/default/production/_ext/1472/data_storage.o
LOAD build/default/production/_ext/1472/nv_memory_table.o
LOAD build/default/production/_ext/1472/parameter_table.o
LOAD build/default/production/_ext/1472/airspeedCntrl.o
LOAD build/default/production/_ext/1472/altitudeCntrlVariable.o
LOAD build/default/production/_ext/1472/euler_angles.o
LOAD build/default/production/_ext/1472/preflight.o
LOAD build/default/production/_ext/1472/main.o
LOAD build/default/production/stack.o
                    0x0001                  __MPLAB_BUILD = 0x1
LOAD /opt/microchip/xc16/v1.10/bin/bin/../../lib/dsPIC33E/libp33EP512MU810-elf.a
                    0xf80004                  __FGS = 0xf80004
                    0xf80006                  __FOSCSEL = 0xf80006
                    0xf80008                  __FOSC = 0xf80008
                    0xf8000a                  __FWDT = 0xf8000a
                    0xf8000c                  __FPOR = 0xf8000c
                    0xf8000e                  __FICD = 0xf8000e
                    0xf80010                  __FAS = 0xf80010
                    0xf80012                  __FUID0 = 0xf80012
                    0x0004                  __IVT_BASE = 0x4
                    0x1000                  __DATA_BASE = 0x1000
                    0xd000                  __DATA_LENGTH = 0xd000
                    0x9000                  __YDATA_BASE = 0x9000
                    0xd000                  __DMA_BASE = 0xd000
                    0xdfff                  __DMA_END = 0xdfff
                    0x7fc000                  __CODE_BASE = 0x7fc000
                    0x3ffa                  __CODE_LENGTH = 0x3ffa

.reset            0x000000          0x4
                  0x000000          0x2 SHORT 0x200 ABSOLUTE (__reset)
                  0x000001          0x2 SHORT 0x4
                  0x000002          0x2 SHORT 0x0 ((ABSOLUTE (__reset) >> 0x10) & 0x7f)
                  0x000003          0x2 SHORT 0x0

.text             0x000200       0x4420
 *(.init)
 .init            0x000200         0x2e /opt/microchip/xc16/v1.10/bin/bin/../../lib/liblega-pic30-elf.a(crt0_extendedep.o)
                  0x000200                  __reset
                  0x000200                  __resetPRI
                  0x000222                  __psv_init
 .init            0x00022e         0x9a /opt/microchip/xc16/v1.10/bin/bin/../../lib/liblega-pic30-elf.a(data_init_extendedep.o)
                  0x00022e                  __data_init_extended
                  0x00022e                  __data_init
 *(.user_init)
 *(.handle)
 .handle          0x0002c8        0x164 jump_table
 *(.isr*)
 .isr             0x00042c          0x4 default_isr
                  0x00042c                  __DefaultInterrupt
 *(.libc)
 .libc            0x000430         0xe4 build/default/production/_ext/1658199856/read.o
                  0x000430                  _read
 .libc            0x000514         0xd6 build/default/production/_ext/1658199856/write.o
                  0x000514                  _write
 .libc            0x0005ea         0x2c /opt/microchip/xc16/v1.10/bin/bin/../../lib/liblega-c-elf.a(sprintf_cdfFnopuxX.EPeo)
                  0x0005ea                  sprintf_cdfFnopuxX.EPeo:_prout
                  0x0005f8                  __sprintf_fF
                  0x0005f8                  __sprintf_cdfFnopuxX
                  0x0005f8                  __sprintf_cdnopuxX
 .libc            0x000616         0x2c /opt/microchip/xc16/v1.10/bin/bin/../../lib/liblega-c-elf.a(printf_cdnopsuxX.EPeo)
                  0x000616                  printf_cdnopsuxX.EPeo:_prout
                  0x000632                  __printf_cdnopsuxX
                  0x000632                  __printf_0
                  0x000632                  __printf_s
                  0x000632                  __printf_cdnopuxX
 .libc            0x000642        0x176 /opt/microchip/xc16/v1.10/bin/bin/../../lib/liblega-c-elf.a(xprintf_cdfFnopsuxX.EPeo)
                  0x000642                  ___Printf_cdnopsuxX
                  0x000642                  ___Printf_fF
                  0x000642                  ___Printf_cdfFnopuxX
                  0x000642                  ___Printf_s
                  0x000642                  ___Printf_cdfFnopsuxX
                  0x000642                  ___Printf_cdnopuxX
 .libc            0x0007b8        0x2fa /opt/microchip/xc16/v1.10/bin/bin/../../lib/liblega-c-elf.a(xputfld_cdfFnopsuxX.EPeo)
                  0x0007b8                  ___Putfld_s
                  0x0007b8                  ___Putfld_fF
                  0x0007b8                  ___Putfld_cdnopuxX
                  0x0007b8                  ___Putfld_cdnopsuxX
                  0x0007b8                  ___Putfld_cdfFnopuxX
                  0x0007b8                  ___Putfld_cdfFnopsuxX
 .libc            0x000ab2        0x274 /opt/microchip/xc16/v1.10/bin/bin/../../lib/liblega-c-elf.a(xldtob_cdfFnopsuxX.EPeo)
                  0x000ab2                  ___Ldtob_cdfFnopuxX
                  0x000ab2                  ___Ldtob_cdfFnopsuxX
                  0x000ab2                  ___Ldtob_fF
 .libc            0x000d26        0x214 /opt/microchip/xc16/v1.10/bin/bin/../../lib/liblega-c-elf.a(xgenld_cdfFnopsuxX.EPeo)
                  0x000d26                  ___Genld_cdfFnopuxX
                  0x000d26                  ___Genld_fF
                  0x000d26                  ___Genld_cdfFnopsuxX
 *(.libm)
 *(.libdsp)
 .libdsp          0x000f3a         0x40 build/default/production/_ext/679848855/madd.o
                  0x000f3a                  _MatrixAdd
 .libdsp          0x000f7a         0x7a build/default/production/_ext/679848855/mmul.o
                  0x000f7a                  _MatrixMultiply
 .libdsp          0x000ff4         0x3c build/default/production/_ext/679848855/mscl.o
                  0x000ff4                  _MatrixScale
 .libdsp          0x001030         0x4e build/default/production/_ext/679848855/msub.o
                  0x001030                  _MatrixSubtract
 .libdsp          0x00107e         0x48 build/default/production/_ext/679848855/mtrp.o
                  0x00107e                  _MatrixTranspose
 .libdsp          0x0010c6         0x3e build/default/production/_ext/679848855/vadd.o
                  0x0010c6                  _VectorAdd
 .libdsp          0x001104         0xf8 build/default/production/_ext/679848855/vcon.o
                  0x001104                  _VectorConvolve
 .libdsp          0x0011fc         0x10 build/default/production/_ext/679848855/vcopy.o
                  0x0011fc                  _VectorCopy
 .libdsp          0x00120c         0x30 build/default/production/_ext/679848855/vcor.o
                  0x00120c                  _VectorCorrelate
 .libdsp          0x00123c         0x3a build/default/production/_ext/679848855/vdot.o
                  0x00123c                  _VectorDotProduct
 .libdsp          0x001276         0x1a build/default/production/_ext/679848855/vmax.o
                  0x001276                  _VectorMax
 .libdsp          0x001290         0x1a build/default/production/_ext/679848855/vmin.o
                  0x001290                  _VectorMin
 .libdsp          0x0012aa         0x3c build/default/production/_ext/679848855/vmul.o
                  0x0012aa                  _VectorMultiply
 .libdsp          0x0012e6         0x40 build/default/production/_ext/679848855/vneg.o
                  0x0012e6                  _VectorNegate
 .libdsp          0x001326         0x38 build/default/production/_ext/679848855/vpow.o
                  0x001326                  _VectorPower
 .libdsp          0x00135e         0x3c build/default/production/_ext/679848855/vscl.o
                  0x00135e                  _VectorScale
 .libdsp          0x00139a         0x4c build/default/production/_ext/679848855/vsub.o
                  0x00139a                  _VectorSubtract
 .libdsp          0x0013e6         0x1e build/default/production/_ext/679848855/vzpad.o
                  0x0013e6                  _VectorZeroPad
 *(.lib*)
 .libperi         0x001404          0x8 /opt/microchip/xc16/v1.10/bin/bin/../../lib/dsPIC33E/libp33EP512MU810-elf.a(CloseSPI1.o)
                  0x001404                  _CloseSPI1
 .libperi         0x00140c          0x8 /opt/microchip/xc16/v1.10/bin/bin/../../lib/dsPIC33E/libp33EP512MU810-elf.a(CloseSPI2.o)
                  0x00140c                  _CloseSPI2
 .libperi         0x001414         0x20 /opt/microchip/xc16/v1.10/bin/bin/../../lib/dsPIC33E/libp33EP512MU810-elf.a(ConfigIntSPI1.o)
                  0x001414                  _ConfigIntSPI1
 .libperi         0x001434         0x20 /opt/microchip/xc16/v1.10/bin/bin/../../lib/dsPIC33E/libp33EP512MU810-elf.a(ConfigIntSPI2.o)
                  0x001434                  _ConfigIntSPI2
 .libperi         0x001454          0xe /opt/microchip/xc16/v1.10/bin/bin/../../lib/dsPIC33E/libp33EP512MU810-elf.a(OpenSPI1.o)
                  0x001454                  _OpenSPI1
 .libperi         0x001462          0xe /opt/microchip/xc16/v1.10/bin/bin/../../lib/dsPIC33E/libp33EP512MU810-elf.a(OpenSPI2.o)
                  0x001462                  _OpenSPI2
 .libm.subsf3     0x001470         0xbc /opt/microchip/xc16/v1.10/bin/bin/../../lib/libm-elf.a(addsf3.epeo)
                  0x001470                  ___subsf3
                  0x001472                  ___addsf3
 .libm.divfs3     0x00152c         0x84 /opt/microchip/xc16/v1.10/bin/bin/../../lib/libm-elf.a(divsf3.epeo)
                  0x00152c                  ___divsf3
 .libm.divsi3     0x0015b0         0x1e /opt/microchip/xc16/v1.10/bin/bin/../../lib/libm-elf.a(divsi3.epeo)
                  0x0015b0                  ___divsi3
 .libm.eqsf2      0x0015ce          0x4 /opt/microchip/xc16/v1.10/bin/bin/../../lib/libm-elf.a(feqltle.epeo)
                  0x0015ce                  ___lesf2
                  0x0015ce                  ___eqsf2
                  0x0015ce                  ___ltsf2
 .libm.gtsf2      0x0015d2          0x4 /opt/microchip/xc16/v1.10/bin/bin/../../lib/libm-elf.a(fgtge.epeo)
                  0x0015d2                  ___gtsf2
                  0x0015d2                  ___gesf2
 .libm.fixsfsi    0x0015d6         0x42 /opt/microchip/xc16/v1.10/bin/bin/../../lib/libm-elf.a(fixsfsi.epeo)
                  0x0015d6                  _(float, int, long long, short, float, short, int)
 .libm.fixunssfsi
                  0x001618         0x36 /opt/microchip/xc16/v1.10/bin/bin/../../lib/libm-elf.a(fixunssfsi.epeo)
                  0x001618                  ___fixunssfsi
 .libm.floatsisf
                  0x00164e         0x1c /opt/microchip/xc16/v1.10/bin/bin/../../lib/libm-elf.a(floatsisf.epeo)
                  0x00164e                  ___floatsisf
 .libm.floatunsisf
                  0x00166a         0x40 /opt/microchip/xc16/v1.10/bin/bin/../../lib/libm-elf.a(floatunsisf.epeo)
                  0x00166a                  ___floatunsisf
 .libm.floorf     0x0016aa         0x10 /opt/microchip/xc16/v1.10/bin/bin/../../lib/libm-elf.a(floorf.epeo)
                  0x0016aa                  _floorf
 .libm.fpack      0x0016ba         0x4c /opt/microchip/xc16/v1.10/bin/bin/../../lib/libm-elf.a(fpack.epeo)
                  0x0016ba                  __fpack
 .libm.funpack    0x001706         0x2a /opt/microchip/xc16/v1.10/bin/bin/../../lib/libm-elf.a(funpack.epeo)
                  0x001706                  __funpack
 .libm.funpack2
                  0x001730         0x10 /opt/microchip/xc16/v1.10/bin/bin/../../lib/libm-elf.a(funpack2.epeo)
                  0x001730                  __funpack2
 .libm.fPropagateNaN
                  0x001740         0x12 /opt/microchip/xc16/v1.10/bin/bin/../../lib/libm-elf.a(futil.epeo)
                  0x001740                  __fPropagateNaN
 .libm.fbobExit
                  0x001752          0x8 /opt/microchip/xc16/v1.10/bin/bin/../../lib/libm-elf.a(futil.epeo)
                  0x001752                  __fbopExit
 .libm.fbopReturnNaN
                  0x00175a          0x6 /opt/microchip/xc16/v1.10/bin/bin/../../lib/libm-elf.a(futil.epeo)
                  0x00175a                  __fbopReturnNaN
 .libm.modsi3     0x001760         0x1e /opt/microchip/xc16/v1.10/bin/bin/../../lib/libm-elf.a(modsi3.epeo)
                  0x001760                  ___modsi3
 .libm.mulsf3     0x00177e         0x68 /opt/microchip/xc16/v1.10/bin/bin/../../lib/libm-elf.a(mulsf3.epeo)
                  0x00177e                  ___mulsf3
 .libm.powf       0x0017e6        0x1c6 /opt/microchip/xc16/v1.10/bin/bin/../../lib/libm-elf.a(powf.epeo)
                  0x0017e6                  _powf
 .libm.udivsi3    0x0019ac         0x20 /opt/microchip/xc16/v1.10/bin/bin/../../lib/libm-elf.a(udivsi3.epeo)
                  0x0019ac                  ___udivsi3
 .libm.umodsi3    0x0019cc          0x6 /opt/microchip/xc16/v1.10/bin/bin/../../lib/libm-elf.a(umodsi3.epeo)
                  0x0019cc                  ___umodsi3
 .libm.__PplusBdi.__PplusBdi
                  0x0019d2         0x28 /opt/microchip/xc16/v1.10/bin/bin/../../lib/libm-elf.a(divmoddi3.epeo)
 .libm.__PminusBdi.__PminusBdi
                  0x0019fa         0x30 /opt/microchip/xc16/v1.10/bin/bin/../../lib/libm-elf.a(divmoddi3.epeo)
 .libm.__udivmoddi3.__udivmoddi3
                  0x001a2a         0xc4 /opt/microchip/xc16/v1.10/bin/bin/../../lib/libm-elf.a(divmoddi3.epeo)
                  0x001a2a                  ___udivmoddi3
 .libm.__udivdi3.__udivdi3
                  0x001aee          0xe /opt/microchip/xc16/v1.10/bin/bin/../../lib/libm-elf.a(divmoddi3.epeo)
                  0x001aee                  ___udivdi3
 .libm.__umoddi3.__umoddi3
                  0x001afc          0x8 /opt/microchip/xc16/v1.10/bin/bin/../../lib/libm-elf.a(divmoddi3.epeo)
                  0x001afc                  ___umoddi3
 .libm.__divdi3.__divdi3
                  0x001b04         0x66 /opt/microchip/xc16/v1.10/bin/bin/../../lib/libm-elf.a(divmoddi3.epeo)
                  0x001b04                  ___divdi3
 .libm.__moddi3.__moddi3
                  0x001b6a         0x5c /opt/microchip/xc16/v1.10/bin/bin/../../lib/libm-elf.a(divmoddi3.epeo)
                  0x001b6a                  ___moddi3
 .libm.frexpf     0x001bc6         0x1a /opt/microchip/xc16/v1.10/bin/bin/../../lib/libm-elf.a(_frexpf.epeo)
                  0x001bc6                  __frexpf
 .libm.expf       0x001be0         0xc4 /opt/microchip/xc16/v1.10/bin/bin/../../lib/libm-elf.a(expf.epeo)
                  0x001be0                  _expf
 .libm.fchop      0x001ca4         0x4e /opt/microchip/xc16/v1.10/bin/bin/../../lib/libm-elf.a(fchop.epeo)
                  0x001ca4                  __fchop
 .libm.fcompare
                  0x001cf2         0x36 /opt/microchip/xc16/v1.10/bin/bin/../../lib/libm-elf.a(fcompare.epeo)
                  0x001cf2                  __fcompare
 .libm.ldexpf     0x001d28         0x44 /opt/microchip/xc16/v1.10/bin/bin/../../lib/libm-elf.a(ldexpf.epeo)
                  0x001d28                  _ldexpf
 .libm.logf       0x001d6c         0xae /opt/microchip/xc16/v1.10/bin/bin/../../lib/libm-elf.a(logf.epeo)
                  0x001d6c                  _logf
 .libc.prout.prout
                  0x001e1a         0x1c /opt/microchip/xc16/v1.10/bin/bin/../../lib/liblega-c-elf.a(printf.EPeo)
                  0x001e1a                  printf.EPeo:_prout
 .libc.printf.printf
                  0x001e36         0x10 /opt/microchip/xc16/v1.10/bin/bin/../../lib/liblega-c-elf.a(printf.EPeo)
                  0x001e36                  _printf
 .libc._Printf._Printf
                  0x001e46        0x176 /opt/microchip/xc16/v1.10/bin/bin/../../lib/liblega-c-elf.a(xprintf.EPeo)
                  0x001e46                  __Printf
 .libc._Putfld._Putfld
                  0x001fbc        0x2fa /opt/microchip/xc16/v1.10/bin/bin/../../lib/liblega-c-elf.a(xputfld.EPeo)
                  0x001fbc                  __Putfld
 .libc.tolower    0x0022b6          0xe /opt/microchip/xc16/v1.10/bin/bin/../../lib/liblega-c-elf.a(tolower.EPeso)
                  0x0022b6                  _tolower
 .libc.toupper    0x0022c4          0xe /opt/microchip/xc16/v1.10/bin/bin/../../lib/liblega-c-elf.a(toupper.EPeso)
                  0x0022c4                  _toupper
 .libc.fwrite.fwrite
                  0x0022d2         0xaa /opt/microchip/xc16/v1.10/bin/bin/../../lib/liblega-c-elf.a(fwrite.EPeo)
                  0x0022d2                  _fwrite
 .libc.memchr.memchr
                  0x00237c         0x12 /opt/microchip/xc16/v1.10/bin/bin/../../lib/liblega-c-elf.a(memchr.EPeo)
                  0x00237c                  _memchr
 .libc.memcpy.memcpy
                  0x00238e          0xe /opt/microchip/xc16/v1.10/bin/bin/../../lib/liblega-c-elf.a(memcpy.EPeo)
                  0x00238e                  _memcpy
 .libc.memset.memset
                  0x00239c          0xe /opt/microchip/xc16/v1.10/bin/bin/../../lib/liblega-c-elf.a(memset.EPeo)
                  0x00239c                  _memset
 .libc.putchar.putchar
                  0x0023aa          0x6 /opt/microchip/xc16/v1.10/bin/bin/../../lib/liblega-c-elf.a(putchar.EPeo)
                  0x0023aa                  _putchar
 .libc.puts.puts
                  0x0023b0         0x16 /opt/microchip/xc16/v1.10/bin/bin/../../lib/liblega-c-elf.a(puts.EPeo)
                  0x0023b0                  _puts
 .libc.strchr.strchr
                  0x0023c6         0x12 /opt/microchip/xc16/v1.10/bin/bin/../../lib/liblega-c-elf.a(strchr.EPeo)
                  0x0023c6                  _strchr
 .libc.strcmp.strcmp
                  0x0023d8         0x1c /opt/microchip/xc16/v1.10/bin/bin/../../lib/liblega-c-elf.a(strcmp.EPeo)
                  0x0023d8                  _strcmp
 .libc.strlen.strlen
                  0x0023f4         0x10 /opt/microchip/xc16/v1.10/bin/bin/../../lib/liblega-c-elf.a(strlen.EPeo)
                  0x0023f4                  _strlen
 .libc.strncpy.strncpy
                  0x002404         0x20 /opt/microchip/xc16/v1.10/bin/bin/../../lib/liblega-c-elf.a(strncpy.EPeo)
                  0x002404                  _strncpy
 .libc.strtol.strtol
                  0x002424         0x8e /opt/microchip/xc16/v1.10/bin/bin/../../lib/liblega-c-elf.a(strtol.EPeo)
                  0x002424                  _strtol
 .libc._Assert._Assert
                  0x0024b2         0x32 /opt/microchip/xc16/v1.10/bin/bin/../../lib/liblega-c-elf.a(xassert.EPeo)
                  0x0024b2                  __Assert
 .libc._Fwprep._Fwprep
                  0x0024e4         0x8e /opt/microchip/xc16/v1.10/bin/bin/../../lib/liblega-c-elf.a(xfwprep.EPeo)
                  0x0024e4                  __Fwprep
 .libc._Ldtob._Ldtob
                  0x002572        0x462 /opt/microchip/xc16/v1.10/bin/bin/../../lib/liblega-c-elf.a(xldtob.EPeo)
                  0x002572                  __Ldtob
 .libc._LDunscale._LDunscale
                  0x0029d4         0x54 /opt/microchip/xc16/v1.10/bin/bin/../../lib/liblega-c-elf.a(xldunsca.EPeo)
                  0x0029d4                  __LDunscale
 .libc._Litob._Litob
                  0x002a28        0x29c /opt/microchip/xc16/v1.10/bin/bin/../../lib/liblega-c-elf.a(xlitob.EPeo)
                  0x002a28                  __Litob
 .libc._Puttxt._Puttxt
                  0x002cc4        0x178 /opt/microchip/xc16/v1.10/bin/bin/../../lib/liblega-c-elf.a(xputtxt.EPeo)
                  0x002cc4                  __Puttxt
 .libc._Stof._Stof
                  0x002e3c         0xaa /opt/microchip/xc16/v1.10/bin/bin/../../lib/liblega-c-elf.a(xstod.EPeo)
                  0x002e3c                  __Stof
 .libc._Stoflt._Stoflt
                  0x002ee6        0x1d8 /opt/microchip/xc16/v1.10/bin/bin/../../lib/liblega-c-elf.a(xstoflt.EPeo)
                  0x002ee6                  __Stoflt
 .libc._Stopfx._Stopfx
                  0x0030be        0x11e /opt/microchip/xc16/v1.10/bin/bin/../../lib/liblega-c-elf.a(xstopfx.EPeo)
                  0x0030be                  __Stopfx
 .libc._Stoul._Stoul
                  0x0031dc        0x14a /opt/microchip/xc16/v1.10/bin/bin/../../lib/liblega-c-elf.a(xstoul.EPeo)
                  0x0031dc                  __Stoul
 .libc._Stoxflt._Stoxflt
                  0x003326        0x1fc /opt/microchip/xc16/v1.10/bin/bin/../../lib/liblega-c-elf.a(xstoxflt.EPeo)
                  0x003326                  __Stoxflt
 .libc._Vacopy._Vacopy
                  0x003522          0x4 /opt/microchip/xc16/v1.10/bin/bin/../../lib/liblega-c-elf.a(xvacopy.EPeo)
                  0x003522                  __Vacopy
 .libc.isalnum    0x003526         0x1c /opt/microchip/xc16/v1.10/bin/bin/../../lib/liblega-c-elf.a(isalnum.EPelso)
                  0x003526                  _isalnum
 .libc.isspace    0x003542         0x10 /opt/microchip/xc16/v1.10/bin/bin/../../lib/liblega-c-elf.a(isspace.EPelso)
                  0x003542                  _isspace
 .libc.closeallreg.closeallreg
                  0x003552          0x6 /opt/microchip/xc16/v1.10/bin/bin/../../lib/liblega-c-elf.a(fclose.EPelo)
 .libc._Closreg._Closreg
                  0x003558         0x14 /opt/microchip/xc16/v1.10/bin/bin/../../lib/liblega-c-elf.a(fclose.EPelo)
                  0x003558                  __Closreg
 .libc.fclose.fclose
                  0x00356c         0x88 /opt/microchip/xc16/v1.10/bin/bin/../../lib/liblega-c-elf.a(fclose.EPelo)
                  0x00356c                  _fclose
 .libc.closeall.closeall
                  0x0035f4         0x1a /opt/microchip/xc16/v1.10/bin/bin/../../lib/liblega-c-elf.a(fclose.EPelo)
                  0x0035f4                  fclose.EPelo:_closeall
 .libc._DNKfflush._DNKfflush
                  0x00360e         0x80 /opt/microchip/xc16/v1.10/bin/bin/../../lib/liblega-c-elf.a(fflush.EPelo)
                  0x00360e                  __DNKfflush
 .libc.fputc.fputc
                  0x00368e         0x52 /opt/microchip/xc16/v1.10/bin/bin/../../lib/liblega-c-elf.a(fputc.EPelo)
                  0x00368e                  _fputc
 .libc.fputs.fputs
                  0x0036e0         0x9a /opt/microchip/xc16/v1.10/bin/bin/../../lib/liblega-c-elf.a(fputs.EPelo)
                  0x0036e0                  _fputs
 .libc.ldiv.ldiv
                  0x00377a         0x2a /opt/microchip/xc16/v1.10/bin/bin/../../lib/liblega-c-elf.a(ldiv.EPelo)
                  0x00377a                  _ldiv
 .libc.raise.raise
                  0x0037a4         0x88 /opt/microchip/xc16/v1.10/bin/bin/../../lib/liblega-c-elf.a(raise.EPelo)
                  0x0037a4                  _raise
 .libc.signal.signal
                  0x00382c         0x18 /opt/microchip/xc16/v1.10/bin/bin/../../lib/liblega-c-elf.a(signal.EPelo)
                  0x00382c                  _signal
 .libc.strrchr.strrchr
                  0x003844         0x16 /opt/microchip/xc16/v1.10/bin/bin/../../lib/liblega-c-elf.a(strrchr.EPelo)
                  0x003844                  _strrchr
 .libc._Atexit._Atexit
                  0x00385a         0x1a /opt/microchip/xc16/v1.10/bin/bin/../../lib/liblega-c-elf.a(xatexit.EPelo)
                  0x00385a                  __Atexit
 .libc._Dnorm._Dnorm
                  0x003874         0x9a /opt/microchip/xc16/v1.10/bin/bin/../../lib/liblega-c-elf.a(xdnorm.EPelo)
                  0x003874                  __Dnorm
 .libc.dmul.dmul
                  0x00390e         0x28 /opt/microchip/xc16/v1.10/bin/bin/../../lib/liblega-c-elf.a(xdtento.EPelo)
 .libc._FDtento._FDtento
                  0x003936         0xf2 /opt/microchip/xc16/v1.10/bin/bin/../../lib/liblega-c-elf.a(xdtento.EPelo)
                  0x003936                  __FDtento
 .libc._FDscale._FDscale
                  0x003a28         0xb8 /opt/microchip/xc16/v1.10/bin/bin/../../lib/liblega-c-elf.a(xfdscale.EPelo)
                  0x003a28                  __FDscale
 .libc._FDunscale._FDunscale
                  0x003ae0         0x4c /opt/microchip/xc16/v1.10/bin/bin/../../lib/liblega-c-elf.a(xfdunsca.EPelo)
                  0x003ae0                  __FDunscale
 .libc._Feraise._Feraise
                  0x003b2c         0x14 /opt/microchip/xc16/v1.10/bin/bin/../../lib/liblega-c-elf.a(xferaise.EPelo)
                  0x003b2c                  __Feraise
 .libc._LDscale._LDscale
                  0x003b40         0xf4 /opt/microchip/xc16/v1.10/bin/bin/../../lib/liblega-c-elf.a(xldscale.EPelo)
                  0x003b40                  __LDscale
 .libc.div.div    0x003c34         0x16 /opt/microchip/xc16/v1.10/bin/bin/../../lib/liblega-c-elf.a(div.EPeo)
                  0x003c34                  _div
 .libc.exit.exit
                  0x003c4a         0x28 /opt/microchip/xc16/v1.10/bin/bin/../../lib/liblega-c-elf.a(exit.EPeo)
                  0x003c4a                  _exit
 .libc.free.free
                  0x003c72         0x64 /opt/microchip/xc16/v1.10/bin/bin/../../lib/liblega-c-elf.a(free.EPeo)
                  0x003c72                  _free
 .libc.findmem.findmem
                  0x003cd6         0x64 /opt/microchip/xc16/v1.10/bin/bin/../../lib/liblega-c-elf.a(malloc.EPeo)
 .libc.malloc.malloc
                  0x003d3a         0x54 /opt/microchip/xc16/v1.10/bin/bin/../../lib/liblega-c-elf.a(malloc.EPeo)
                  0x003d3a                  _malloc
 .libc._FDnorm._FDnorm
                  0x003d8e         0x56 /opt/microchip/xc16/v1.10/bin/bin/../../lib/liblega-c-elf.a(xfdnorm.EPeo)
                  0x003d8e                  __FDnorm
 .libc._Genld._Genld
                  0x003de4        0x272 /opt/microchip/xc16/v1.10/bin/bin/../../lib/liblega-c-elf.a(xgenld.EPeo)
                  0x003de4                  __Genld
 .libc._Getmem._Getmem
                  0x004056         0x14 /opt/microchip/xc16/v1.10/bin/bin/../../lib/liblega-c-elf.a(xgetmem.EPeo)
                  0x004056                  __Getmem
 .libc._exit      0x00406a         0x16 /opt/microchip/xc16/v1.10/bin/bin/../../lib/liblega-pic30-elf.a(_exitep.Leo)
                  0x00406a                  __exit
 .libc.doclose.doclose
                  0x004080          0x4 /opt/microchip/xc16/v1.10/bin/bin/../../lib/liblega-pic30-elf.a(closeep.Leo)
 .libc.close      0x004084         0x12 /opt/microchip/xc16/v1.10/bin/bin/../../lib/liblega-pic30-elf.a(closeep.Leo)
                  0x004084                  _close
 .libc.doremove.doremove
                  0x004096          0x4 /opt/microchip/xc16/v1.10/bin/bin/../../lib/liblega-pic30-elf.a(removeep.Leo)
 .libc.remove     0x00409a         0x12 /opt/microchip/xc16/v1.10/bin/bin/../../lib/liblega-pic30-elf.a(removeep.Leo)
                  0x00409a                  _remove
 .libc.sbrk       0x0040ac         0x28 /opt/microchip/xc16/v1.10/bin/bin/../../lib/liblega-pic30-elf.a(sbrkep.Leo)
                  0x0040ac                  _sbrk
 .libc.brk        0x0040d4         0x1c /opt/microchip/xc16/v1.10/bin/bin/../../lib/liblega-pic30-elf.a(brkep.Lelo)
                  0x0040d4                  _brk
 .libm.eqdf2      0x0040f0          0xa /opt/microchip/xc16/v1.10/bin/bin/../../lib/libm-elf.a(deqltle.epeo)
                  0x0040f0                  ___ledf2
                  0x0040f0                  ___eqdf2
                  0x0040f0                  ___ltdf2
 .libm.gtdf2      0x0040fa          0xa /opt/microchip/xc16/v1.10/bin/bin/../../lib/libm-elf.a(dgtge.epeo)
                  0x0040fa                  ___gedf2
                  0x0040fa                  ___gtdf2
 .libm.divdf3     0x004104         0xb4 /opt/microchip/xc16/v1.10/bin/bin/../../lib/libm-elf.a(divdf3.epeo)
                  0x004104                  ___divdf3
 .libm.dpack      0x0041b8         0x58 /opt/microchip/xc16/v1.10/bin/bin/../../lib/libm-elf.a(dpack.epeo)
                  0x0041b8                  __dpack
 .libm.dunpack2
                  0x004210         0x32 /opt/microchip/xc16/v1.10/bin/bin/../../lib/libm-elf.a(dunpack2.epeo)
                  0x004210                  __dunpack2
                  0x004232                  __dreturnNaN
                  0x004238                  __dunpack2exit
 .libm.extendsfdf2
                  0x004242         0x3e /opt/microchip/xc16/v1.10/bin/bin/../../lib/libm-elf.a(extendsfdf.epeo)
                  0x004242                  ___extendsfdf2
 .libm.fixdfsi    0x004280         0x58 /opt/microchip/xc16/v1.10/bin/bin/../../lib/libm-elf.a(fixdfsi.epeo)
                  0x004280                  _(float, int, long long, double, float, short, int)
 .libm.floatsidf
                  0x0042d8          0x6 /opt/microchip/xc16/v1.10/bin/bin/../../lib/libm-elf.a(floatsidf.epeo)
                  0x0042d8                  ___floatsidf
 .libm.muldf3     0x0042de         0xea /opt/microchip/xc16/v1.10/bin/bin/../../lib/libm-elf.a(muldf3.epeo)
                  0x0042de                  ___muldf3
 .libm.subdf3     0x0043c8          0x4 /opt/microchip/xc16/v1.10/bin/bin/../../lib/libm-elf.a(subdf3.epeo)
                  0x0043c8                  ___subdf3
 .libm.mulsi3     0x0043cc          0xc /opt/microchip/xc16/v1.10/bin/bin/../../lib/libm-elf.a(mulsi3.epeo)
                  0x0043cc                  ___mulp32eds3
                  0x0043cc                  ___mulp32peds3
                  0x0043cc                  ___mulsi3
 .libm.adddf3     0x0043d8         0xfa /opt/microchip/xc16/v1.10/bin/bin/../../lib/libm-elf.a(adddf3.epeo)
                  0x0043d8                  ___adddf3
 .libm.dcompare
                  0x0044d2         0x52 /opt/microchip/xc16/v1.10/bin/bin/../../lib/libm-elf.a(dcompare.epeo)
                  0x0044d2                  __dcompare
 .libm.dPropagateNaN
                  0x004524         0x1c /opt/microchip/xc16/v1.10/bin/bin/../../lib/libm-elf.a(dpropagateNaN.epeo)
                  0x004524                  __dPropagateNaN
 .libm.dtype      0x004540         0x24 /opt/microchip/xc16/v1.10/bin/bin/../../lib/libm-elf.a(dtype.epeo)
                  0x004540                  __dtype
 .libm.dunpack    0x004564         0x4e /opt/microchip/xc16/v1.10/bin/bin/../../lib/libm-elf.a(dunpack.epeo)
                  0x004564                  __dunpack
 .libm.floatdidf
                  0x0045b2         0x6e /opt/microchip/xc16/v1.10/bin/bin/../../lib/libm-elf.a(floatdidf.epeo)
                  0x0045b2                  ___floatdidf

usercode
 *(usercode)

__FGS
 *(__FGS.sec*)

__FOSCSEL
 *(__FOSCSEL.sec*)

__FOSC
 *(__FOSC.sec*)

__FWDT
 *(__FWDT.sec*)

__FPOR
 *(__FPOR.sec*)

__FICD
 *(__FICD.sec*)

__FAS
 *(__FAS.sec*)

__FUID0
 *(__FUID0.sec*)

.comment          0x000000         0x5e
 *(.comment)
 .comment         0x000000         0x5e /opt/microchip/xc16/v1.10/bin/bin/../../lib/liblega-c-elf.a(xfiles.EPeo)

.debug_info       0x000000      0x34b83
 *(.debug_info)
 .debug_info      0x000000        0x16e build/default/production/_ext/1077454706/barometer_udb4.o
 .debug_info      0x00016e        0x97c build/default/production/_ext/1658199856/commands.o
 .debug_info      0x000aea        0x58f build/default/production/_ext/1658199856/read.o
 .debug_info      0x001079        0x574 build/default/production/_ext/1658199856/write.o
 .debug_info      0x0015ed        0x9e6 build/default/production/_ext/1658199856/uart.o
 .debug_info      0x001fd3        0x6a8 build/default/production/_ext/1077471063/estWind.o
 .debug_info      0x00267b        0x488 build/default/production/_ext/1077471063/estYawDrift.o
 .debug_info      0x002b03        0xbc5 build/default/production/_ext/1077471063/gpsParseCommon.o
 .debug_info      0x0036c8        0x174 build/default/production/_ext/1077471063/gpsParseSTD.o
 .debug_info      0x00383c       0x113b build/default/production/_ext/1077471063/gpsParseUBX.o
 .debug_info      0x004977        0x8f0 build/default/production/_ext/1077471063/mathlibNAV.o
 .debug_info      0x005267       0x10d1 build/default/production/_ext/1077471063/rmat.o
 .debug_info      0x006338        0x691 build/default/production/_ext/1077471063/libDCM.o
 .debug_info      0x0069c9        0x6ec build/default/production/_ext/1077471063/deadReckoning.o
 .debug_info      0x0070b5        0x175 build/default/production/_ext/1077471063/gpsParseMTEK.o
 .debug_info      0x00722a        0x35e build/default/production/_ext/1077471063/estAltitude.o
 .debug_info      0x007588        0x9a4 build/default/production/_ext/1864667112/AT45D.o
 .debug_info      0x007f2c        0xe14 build/default/production/_ext/1864667112/AT45D_DMA.o
 .debug_info      0x008d40        0x28f build/default/production/_ext/1864667112/AT45D_FS.o
 .debug_info      0x008fcf        0x4b1 build/default/production/_ext/1864667112/MDD_AT45D.o
 .debug_info      0x009480       0x1230 build/default/production/_ext/1864667112/minIni.o
 .debug_info      0x00a6b0       0x10a4 build/default/production/_ext/1864667112/usb.o
 .debug_info      0x00b754        0x86f build/default/production/_ext/1864667112/usb_descriptors.o
 .debug_info      0x00bfc3       0x2e4e build/default/production/_ext/65885567/FSIO.o
 .debug_info      0x00ee11       0x1b8f build/default/production/_ext/1077454706/background.o
 .debug_info      0x0109a0        0x6ed build/default/production/_ext/1077454706/libUDB.o
 .debug_info      0x01108d        0x173 build/default/production/_ext/1077454706/analog2digital_udb4.o
 .debug_info      0x011200       0x137e build/default/production/_ext/1077454706/servoOut.o
 .debug_info      0x01257e        0x163 build/default/production/_ext/1077454706/osd.o
 .debug_info      0x0126e1        0x167 build/default/production/_ext/1077454706/24LC256.o
 .debug_info      0x012848        0xf17 build/default/production/_ext/1077454706/events.o
 .debug_info      0x01375f        0xe59 build/default/production/_ext/1077454706/mpu6000.o
 .debug_info      0x0145b8       0x1621 build/default/production/_ext/1077454706/spiUtils.o
 .debug_info      0x015bd9       0x1a9f build/default/production/_ext/1077454706/analog2digital_auav3.o
 .debug_info      0x017678         0xbb build/default/production/_ext/1077454706/traps_asm.o
 .debug_info      0x017733       0x3359 build/default/production/_ext/1077454706/mcu.o
 .debug_info      0x01aa8c        0x4e8 build/default/production/_ext/1077454706/magnetometer.o
 .debug_info      0x01af74       0x2bbd build/default/production/_ext/1077454706/radioIn.o
 .debug_info      0x01db31       0x18d2 build/default/production/_ext/1077454706/serialIO.o
 .debug_info      0x01f403        0x51d build/default/production/_ext/1077454706/traps.o
 .debug_info      0x01f920        0x164 build/default/production/_ext/1077454706/I2C1.o
 .debug_info      0x01fa84       0x1199 build/default/production/_ext/1077454706/I2C2.o
 .debug_info      0x020c1d       0x2a19 build/default/production/_ext/713068069/usb_device.o
 .debug_info      0x023636       0x1fce build/default/production/_ext/41277818/usb_function_msd.o
 .debug_info      0x025604         0xbf build/default/production/_ext/679848855/madd.o
 .debug_info      0x0256c3         0xbf build/default/production/_ext/679848855/mmul.o
 .debug_info      0x025782         0xbf build/default/production/_ext/679848855/mscl.o
 .debug_info      0x025841         0xbf build/default/production/_ext/679848855/msub.o
 .debug_info      0x025900         0xbf build/default/production/_ext/679848855/mtrp.o
 .debug_info      0x0259bf         0xbf build/default/production/_ext/679848855/vadd.o
 .debug_info      0x025a7e         0xbf build/default/production/_ext/679848855/vcon.o
 .debug_info      0x025b3d         0xc0 build/default/production/_ext/679848855/vcopy.o
 .debug_info      0x025bfd         0xbf build/default/production/_ext/679848855/vcor.o
 .debug_info      0x025cbc         0xbf build/default/production/_ext/679848855/vdot.o
 .debug_info      0x025d7b         0xbf build/default/production/_ext/679848855/vmax.o
 .debug_info      0x025e3a         0xbf build/default/production/_ext/679848855/vmin.o
 .debug_info      0x025ef9         0xbf build/default/production/_ext/679848855/vmul.o
 .debug_info      0x025fb8         0xbf build/default/production/_ext/679848855/vneg.o
 .debug_info      0x026077         0xbf build/default/production/_ext/679848855/vpow.o
 .debug_info      0x026136         0xbf build/default/production/_ext/679848855/vscl.o
 .debug_info      0x0261f5         0xbf build/default/production/_ext/679848855/vsub.o
 .debug_info      0x0262b4         0xc0 build/default/production/_ext/679848855/vzpad.o
 .debug_info      0x026374        0x16b build/default/production/_ext/1472/config_tests.o
 .debug_info      0x0264df        0x6a4 build/default/production/_ext/1472/behavior.o
 .debug_info      0x026b83        0x50e build/default/production/_ext/1472/cameraCntrl.o
 .debug_info      0x027091        0xc47 build/default/production/_ext/1472/navigate.o
 .debug_info      0x027cd8        0x8c1 build/default/production/_ext/1472/pitchCntrl.o
 .debug_info      0x028599        0x725 build/default/production/_ext/1472/rollCntrl.o
 .debug_info      0x028cbe        0x5d7 build/default/production/_ext/1472/servoMix.o
 .debug_info      0x029295        0xa38 build/default/production/_ext/1472/states.o
 .debug_info      0x029ccd        0x81e build/default/production/_ext/1472/yawCntrl.o
 .debug_info      0x02a4eb        0x168 build/default/production/_ext/1472/telemetry.o
 .debug_info      0x02a653        0x4bc build/default/production/_ext/1472/servoPrepare.o
 .debug_info      0x02ab0f        0x9ab build/default/production/_ext/1472/flightplan-waypoints.o
 .debug_info      0x02b4ba        0x16e build/default/production/_ext/1472/flightplan-logo.o
 .debug_info      0x02b628        0x165 build/default/production/_ext/1472/mp_osd.o
 .debug_info      0x02b78d        0xaff build/default/production/_ext/1472/altitudeCntrl.o
 .debug_info      0x02c28c       0x6770 build/default/production/_ext/1472/MAVLink.o
 .debug_info      0x0329fc        0x4ef build/default/production/_ext/1472/mode_switch.o
 .debug_info      0x032eeb        0x163 build/default/production/_ext/1472/data_services.o
 .debug_info      0x03304e        0x162 build/default/production/_ext/1472/data_storage.o
 .debug_info      0x0331b0        0x16e build/default/production/_ext/1472/nv_memory_table.o
 .debug_info      0x03331e        0xc58 build/default/production/_ext/1472/parameter_table.o
 .debug_info      0x033f76        0x2c6 build/default/production/_ext/1472/airspeedCntrl.o
 .debug_info      0x03423c        0x174 build/default/production/_ext/1472/altitudeCntrlVariable.o
 .debug_info      0x0343b0        0x253 build/default/production/_ext/1472/euler_angles.o
 .debug_info      0x034603        0x405 build/default/production/_ext/1472/preflight.o
 .debug_info      0x034a08        0x17b build/default/production/_ext/1472/main.o
 *(.gnu.linkonce.wi.*)

.debug_abbrev     0x000000       0x4b31
 *(.debug_abbrev)
 .debug_abbrev    0x000000         0x1f build/default/production/_ext/1077454706/barometer_udb4.o
 .debug_abbrev    0x00001f        0x1b8 build/default/production/_ext/1658199856/commands.o
 .debug_abbrev    0x0001d7         0xeb build/default/production/_ext/1658199856/read.o
 .debug_abbrev    0x0002c2         0xe2 build/default/production/_ext/1658199856/write.o
 .debug_abbrev    0x0003a4        0x1eb build/default/production/_ext/1658199856/uart.o
 .debug_abbrev    0x00058f         0xeb build/default/production/_ext/1077471063/estWind.o
 .debug_abbrev    0x00067a         0xcf build/default/production/_ext/1077471063/estYawDrift.o
 .debug_abbrev    0x000749        0x142 build/default/production/_ext/1077471063/gpsParseCommon.o
 .debug_abbrev    0x00088b         0x1f build/default/production/_ext/1077471063/gpsParseSTD.o
 .debug_abbrev    0x0008aa        0x196 build/default/production/_ext/1077471063/gpsParseUBX.o
 .debug_abbrev    0x000a40        0x182 build/default/production/_ext/1077471063/mathlibNAV.o
 .debug_abbrev    0x000bc2        0x215 build/default/production/_ext/1077471063/rmat.o
 .debug_abbrev    0x000dd7        0x111 build/default/production/_ext/1077471063/libDCM.o
 .debug_abbrev    0x000ee8         0xda build/default/production/_ext/1077471063/deadReckoning.o
 .debug_abbrev    0x000fc2         0x1f build/default/production/_ext/1077471063/gpsParseMTEK.o
 .debug_abbrev    0x000fe1         0x74 build/default/production/_ext/1077471063/estAltitude.o
 .debug_abbrev    0x001055        0x13b build/default/production/_ext/1864667112/AT45D.o
 .debug_abbrev    0x001190        0x1da build/default/production/_ext/1864667112/AT45D_DMA.o
 .debug_abbrev    0x00136a         0xb8 build/default/production/_ext/1864667112/AT45D_FS.o
 .debug_abbrev    0x001422        0x124 build/default/production/_ext/1864667112/MDD_AT45D.o
 .debug_abbrev    0x001546        0x202 build/default/production/_ext/1864667112/minIni.o
 .debug_abbrev    0x001748        0x1fb build/default/production/_ext/1864667112/usb.o
 .debug_abbrev    0x001943        0x100 build/default/production/_ext/1864667112/usb_descriptors.o
 .debug_abbrev    0x001a43        0x23d build/default/production/_ext/65885567/FSIO.o
 .debug_abbrev    0x001c80        0x169 build/default/production/_ext/1077454706/background.o
 .debug_abbrev    0x001de9        0x1ac build/default/production/_ext/1077454706/libUDB.o
 .debug_abbrev    0x001f95         0x1f build/default/production/_ext/1077454706/analog2digital_udb4.o
 .debug_abbrev    0x001fb4        0x12e build/default/production/_ext/1077454706/servoOut.o
 .debug_abbrev    0x0020e2         0x1f build/default/production/_ext/1077454706/osd.o
 .debug_abbrev    0x002101         0x1f build/default/production/_ext/1077454706/24LC256.o
 .debug_abbrev    0x002120        0x1b6 build/default/production/_ext/1077454706/events.o
 .debug_abbrev    0x0022d6        0x128 build/default/production/_ext/1077454706/mpu6000.o
 .debug_abbrev    0x0023fe        0x1e1 build/default/production/_ext/1077454706/spiUtils.o
 .debug_abbrev    0x0025df        0x186 build/default/production/_ext/1077454706/analog2digital_auav3.o
 .debug_abbrev    0x002765         0x14 build/default/production/_ext/1077454706/traps_asm.o
 .debug_abbrev    0x002779        0x124 build/default/production/_ext/1077454706/mcu.o
 .debug_abbrev    0x00289d        0x107 build/default/production/_ext/1077454706/magnetometer.o
 .debug_abbrev    0x0029a4        0x18c build/default/production/_ext/1077454706/radioIn.o
 .debug_abbrev    0x002b30        0x153 build/default/production/_ext/1077454706/serialIO.o
 .debug_abbrev    0x002c83         0xe3 build/default/production/_ext/1077454706/traps.o
 .debug_abbrev    0x002d66         0x1f build/default/production/_ext/1077454706/I2C1.o
 .debug_abbrev    0x002d85        0x1e9 build/default/production/_ext/1077454706/I2C2.o
 .debug_abbrev    0x002f6e        0x29d build/default/production/_ext/713068069/usb_device.o
 .debug_abbrev    0x00320b        0x28e build/default/production/_ext/41277818/usb_function_msd.o
 .debug_abbrev    0x003499         0x14 build/default/production/_ext/679848855/madd.o
 .debug_abbrev    0x0034ad         0x14 build/default/production/_ext/679848855/mmul.o
 .debug_abbrev    0x0034c1         0x14 build/default/production/_ext/679848855/mscl.o
 .debug_abbrev    0x0034d5         0x14 build/default/production/_ext/679848855/msub.o
 .debug_abbrev    0x0034e9         0x14 build/default/production/_ext/679848855/mtrp.o
 .debug_abbrev    0x0034fd         0x14 build/default/production/_ext/679848855/vadd.o
 .debug_abbrev    0x003511         0x14 build/default/production/_ext/679848855/vcon.o
 .debug_abbrev    0x003525         0x14 build/default/production/_ext/679848855/vcopy.o
 .debug_abbrev    0x003539         0x14 build/default/production/_ext/679848855/vcor.o
 .debug_abbrev    0x00354d         0x14 build/default/production/_ext/679848855/vdot.o
 .debug_abbrev    0x003561         0x14 build/default/production/_ext/679848855/vmax.o
 .debug_abbrev    0x003575         0x14 build/default/production/_ext/679848855/vmin.o
 .debug_abbrev    0x003589         0x14 build/default/production/_ext/679848855/vmul.o
 .debug_abbrev    0x00359d         0x14 build/default/production/_ext/679848855/vneg.o
 .debug_abbrev    0x0035b1         0x14 build/default/production/_ext/679848855/vpow.o
 .debug_abbrev    0x0035c5         0x14 build/default/production/_ext/679848855/vscl.o
 .debug_abbrev    0x0035d9         0x14 build/default/production/_ext/679848855/vsub.o
 .debug_abbrev    0x0035ed         0x14 build/default/production/_ext/679848855/vzpad.o
 .debug_abbrev    0x003601         0x1f build/default/production/_ext/1472/config_tests.o
 .debug_abbrev    0x003620         0xff build/default/production/_ext/1472/behavior.o
 .debug_abbrev    0x00371f        0x103 build/default/production/_ext/1472/cameraCntrl.o
 .debug_abbrev    0x003822        0x18c build/default/production/_ext/1472/navigate.o
 .debug_abbrev    0x0039ae        0x135 build/default/production/_ext/1472/pitchCntrl.o
 .debug_abbrev    0x003ae3        0x117 build/default/production/_ext/1472/rollCntrl.o
 .debug_abbrev    0x003bfa         0xf2 build/default/production/_ext/1472/servoMix.o
 .debug_abbrev    0x003cec        0x166 build/default/production/_ext/1472/states.o
 .debug_abbrev    0x003e52        0x124 build/default/production/_ext/1472/yawCntrl.o
 .debug_abbrev    0x003f76         0x1f build/default/production/_ext/1472/telemetry.o
 .debug_abbrev    0x003f95         0xd7 build/default/production/_ext/1472/servoPrepare.o
 .debug_abbrev    0x00406c        0x18d build/default/production/_ext/1472/flightplan-waypoints.o
 .debug_abbrev    0x0041f9         0x1f build/default/production/_ext/1472/flightplan-logo.o
 .debug_abbrev    0x004218         0x1f build/default/production/_ext/1472/mp_osd.o
 .debug_abbrev    0x004237        0x19f build/default/production/_ext/1472/altitudeCntrl.o
 .debug_abbrev    0x0043d6        0x322 build/default/production/_ext/1472/MAVLink.o
 .debug_abbrev    0x0046f8         0xd7 build/default/production/_ext/1472/mode_switch.o
 .debug_abbrev    0x0047cf         0x1f build/default/production/_ext/1472/data_services.o
 .debug_abbrev    0x0047ee         0x1f build/default/production/_ext/1472/data_storage.o
 .debug_abbrev    0x00480d         0x1f build/default/production/_ext/1472/nv_memory_table.o
 .debug_abbrev    0x00482c        0x11a build/default/production/_ext/1472/parameter_table.o
 .debug_abbrev    0x004946         0x3d build/default/production/_ext/1472/airspeedCntrl.o
 .debug_abbrev    0x004983         0x1f build/default/production/_ext/1472/altitudeCntrlVariable.o
 .debug_abbrev    0x0049a2         0x8f build/default/production/_ext/1472/euler_angles.o
 .debug_abbrev    0x004a31         0xca build/default/production/_ext/1472/preflight.o
 .debug_abbrev    0x004afb         0x36 build/default/production/_ext/1472/main.o

.debug_line       0x000000      0x138ea
 *(.debug_line)
 .debug_line      0x000000         0x24 build/default/production/_ext/1077454706/barometer_udb4.o
 .debug_line      0x000024        0x584 build/default/production/_ext/1658199856/commands.o
 .debug_line      0x0005a8        0x174 build/default/production/_ext/1658199856/read.o
 .debug_line      0x00071c        0x165 build/default/production/_ext/1658199856/write.o
 .debug_line      0x000881        0x3dd build/default/production/_ext/1658199856/uart.o
 .debug_line      0x000c5e        0x2ee build/default/production/_ext/1077471063/estWind.o
 .debug_line      0x000f4c        0x1ae build/default/production/_ext/1077471063/estYawDrift.o
 .debug_line      0x0010fa        0x3ff build/default/production/_ext/1077471063/gpsParseCommon.o
 .debug_line      0x0014f9         0x24 build/default/production/_ext/1077471063/gpsParseSTD.o
 .debug_line      0x00151d        0x809 build/default/production/_ext/1077471063/gpsParseUBX.o
 .debug_line      0x001d26        0x7d4 build/default/production/_ext/1077471063/mathlibNAV.o
 .debug_line      0x0024fa        0xb01 build/default/production/_ext/1077471063/rmat.o
 .debug_line      0x002ffb        0x2c1 build/default/production/_ext/1077471063/libDCM.o
 .debug_line      0x0032bc        0x32e build/default/production/_ext/1077471063/deadReckoning.o
 .debug_line      0x0035ea         0x24 build/default/production/_ext/1077471063/gpsParseMTEK.o
 .debug_line      0x00360e         0xf6 build/default/production/_ext/1077471063/estAltitude.o
 .debug_line      0x003704        0x381 build/default/production/_ext/1864667112/AT45D.o
 .debug_line      0x003a85        0x45f build/default/production/_ext/1864667112/AT45D_DMA.o
 .debug_line      0x003ee4        0x132 build/default/production/_ext/1864667112/AT45D_FS.o
 .debug_line      0x004016        0x228 build/default/production/_ext/1864667112/MDD_AT45D.o
 .debug_line      0x00423e        0xfb8 build/default/production/_ext/1864667112/minIni.o
 .debug_line      0x0051f6        0x3ce build/default/production/_ext/1864667112/usb.o
 .debug_line      0x0055c4         0x98 build/default/production/_ext/1864667112/usb_descriptors.o
 .debug_line      0x00565c       0x2cc3 build/default/production/_ext/65885567/FSIO.o
 .debug_line      0x00831f        0x413 build/default/production/_ext/1077454706/background.o
 .debug_line      0x008732        0x24a build/default/production/_ext/1077454706/libUDB.o
 .debug_line      0x00897c         0x24 build/default/production/_ext/1077454706/analog2digital_udb4.o
 .debug_line      0x0089a0        0x318 build/default/production/_ext/1077454706/servoOut.o
 .debug_line      0x008cb8         0x24 build/default/production/_ext/1077454706/osd.o
 .debug_line      0x008cdc         0x24 build/default/production/_ext/1077454706/24LC256.o
 .debug_line      0x008d00        0x339 build/default/production/_ext/1077454706/events.o
 .debug_line      0x009039        0x2b0 build/default/production/_ext/1077454706/mpu6000.o
 .debug_line      0x0092e9        0x4cd build/default/production/_ext/1077454706/spiUtils.o
 .debug_line      0x0097b6        0x3ff build/default/production/_ext/1077454706/analog2digital_auav3.o
 .debug_line      0x009bb5         0x5b build/default/production/_ext/1077454706/traps_asm.o
 .debug_line      0x009c10        0x437 build/default/production/_ext/1077454706/mcu.o
 .debug_line      0x00a047        0x303 build/default/production/_ext/1077454706/magnetometer.o
 .debug_line      0x00a34a        0x2a3 build/default/production/_ext/1077454706/radioIn.o
 .debug_line      0x00a5ed        0x50b build/default/production/_ext/1077454706/serialIO.o
 .debug_line      0x00aaf8        0x219 build/default/production/_ext/1077454706/traps.o
 .debug_line      0x00ad11         0x24 build/default/production/_ext/1077454706/I2C1.o
 .debug_line      0x00ad35        0x827 build/default/production/_ext/1077454706/I2C2.o
 .debug_line      0x00b55c       0x123d build/default/production/_ext/713068069/usb_device.o
 .debug_line      0x00c799       0x1008 build/default/production/_ext/41277818/usb_function_msd.o
 .debug_line      0x00d7a1         0x69 build/default/production/_ext/679848855/madd.o
 .debug_line      0x00d80a         0x83 build/default/production/_ext/679848855/mmul.o
 .debug_line      0x00d88d         0x69 build/default/production/_ext/679848855/mscl.o
 .debug_line      0x00d8f6         0x6e build/default/production/_ext/679848855/msub.o
 .debug_line      0x00d964         0x6b build/default/production/_ext/679848855/mtrp.o
 .debug_line      0x00d9cf         0x68 build/default/production/_ext/679848855/vadd.o
 .debug_line      0x00da37         0xc0 build/default/production/_ext/679848855/vcon.o
 .debug_line      0x00daf7         0x52 build/default/production/_ext/679848855/vcopy.o
 .debug_line      0x00db49         0x61 build/default/production/_ext/679848855/vcor.o
 .debug_line      0x00dbaa         0x68 build/default/production/_ext/679848855/vdot.o
 .debug_line      0x00dc12         0x56 build/default/production/_ext/679848855/vmax.o
 .debug_line      0x00dc68         0x56 build/default/production/_ext/679848855/vmin.o
 .debug_line      0x00dcbe         0x69 build/default/production/_ext/679848855/vmul.o
 .debug_line      0x00dd27         0x6b build/default/production/_ext/679848855/vneg.o
 .debug_line      0x00dd92         0x67 build/default/production/_ext/679848855/vpow.o
 .debug_line      0x00ddf9         0x69 build/default/production/_ext/679848855/vscl.o
 .debug_line      0x00de62         0x6d build/default/production/_ext/679848855/vsub.o
 .debug_line      0x00decf         0x58 build/default/production/_ext/679848855/vzpad.o
 .debug_line      0x00df27         0x24 build/default/production/_ext/1472/config_tests.o
 .debug_line      0x00df4b        0x33a build/default/production/_ext/1472/behavior.o
 .debug_line      0x00e285        0x1bf build/default/production/_ext/1472/cameraCntrl.o
 .debug_line      0x00e444        0x5a2 build/default/production/_ext/1472/navigate.o
 .debug_line      0x00e9e6        0x36a build/default/production/_ext/1472/pitchCntrl.o
 .debug_line      0x00ed50        0x293 build/default/production/_ext/1472/rollCntrl.o
 .debug_line      0x00efe3        0x210 build/default/production/_ext/1472/servoMix.o
 .debug_line      0x00f1f3        0x723 build/default/production/_ext/1472/states.o
 .debug_line      0x00f916        0x2c0 build/default/production/_ext/1472/yawCntrl.o
 .debug_line      0x00fbd6         0x24 build/default/production/_ext/1472/telemetry.o
 .debug_line      0x00fbfa        0x1e9 build/default/production/_ext/1472/servoPrepare.o
 .debug_line      0x00fde3        0x42f build/default/production/_ext/1472/flightplan-waypoints.o
 .debug_line      0x010212         0x24 build/default/production/_ext/1472/flightplan-logo.o
 .debug_line      0x010236         0x24 build/default/production/_ext/1472/mp_osd.o
 .debug_line      0x01025a        0x467 build/default/production/_ext/1472/altitudeCntrl.o
 .debug_line      0x0106c1       0x298a build/default/production/_ext/1472/MAVLink.o
 .debug_line      0x01304b        0x231 build/default/production/_ext/1472/mode_switch.o
 .debug_line      0x01327c         0x24 build/default/production/_ext/1472/data_services.o
 .debug_line      0x0132a0         0x24 build/default/production/_ext/1472/data_storage.o
 .debug_line      0x0132c4         0x24 build/default/production/_ext/1472/nv_memory_table.o
 .debug_line      0x0132e8        0x1a4 build/default/production/_ext/1472/parameter_table.o
 .debug_line      0x01348c         0xc0 build/default/production/_ext/1472/airspeedCntrl.o
 .debug_line      0x01354c         0x24 build/default/production/_ext/1472/altitudeCntrlVariable.o
 .debug_line      0x013570        0x156 build/default/production/_ext/1472/euler_angles.o
 .debug_line      0x0136c6        0x177 build/default/production/_ext/1472/preflight.o
 .debug_line      0x01383d         0x93 build/default/production/_ext/1472/main.o
 .debug_line      0x0138d0         0x1a build/default/production/stack.o

.debug_frame      0x000000       0x2cb8
 *(.debug_frame)
 .debug_frame     0x000000        0x3ec build/default/production/_ext/1658199856/commands.o
 .debug_frame     0x0003ec         0x24 build/default/production/_ext/1658199856/read.o
 .debug_frame     0x000410         0x24 build/default/production/_ext/1658199856/write.o
 .debug_frame     0x000434         0xe4 build/default/production/_ext/1658199856/uart.o
 .debug_frame     0x000518         0x24 build/default/production/_ext/1077471063/estWind.o
 .debug_frame     0x00053c         0x34 build/default/production/_ext/1077471063/estYawDrift.o
 .debug_frame     0x000570         0x64 build/default/production/_ext/1077471063/gpsParseCommon.o
 .debug_frame     0x0005d4        0x134 build/default/production/_ext/1077471063/gpsParseUBX.o
 .debug_frame     0x000708        0x114 build/default/production/_ext/1077471063/mathlibNAV.o
 .debug_frame     0x00081c        0x144 build/default/production/_ext/1077471063/rmat.o
 .debug_frame     0x000960         0x84 build/default/production/_ext/1077471063/libDCM.o
 .debug_frame     0x0009e4         0x24 build/default/production/_ext/1077471063/deadReckoning.o
 .debug_frame     0x000a08         0x74 build/default/production/_ext/1077471063/estAltitude.o
 .debug_frame     0x000a7c         0xdc build/default/production/_ext/1864667112/AT45D.o
 .debug_frame     0x000b58         0xa4 build/default/production/_ext/1864667112/AT45D_DMA.o
 .debug_frame     0x000bfc         0x24 build/default/production/_ext/1864667112/AT45D_FS.o
 .debug_frame     0x000c20         0x94 build/default/production/_ext/1864667112/MDD_AT45D.o
 .debug_frame     0x000cb4        0x1f8 build/default/production/_ext/1864667112/minIni.o
 .debug_frame     0x000eac         0xa4 build/default/production/_ext/1864667112/usb.o
 .debug_frame     0x000f50        0x2e4 build/default/production/_ext/65885567/FSIO.o
 .debug_frame     0x001234         0x84 build/default/production/_ext/1077454706/background.o
 .debug_frame     0x0012b8         0x74 build/default/production/_ext/1077454706/libUDB.o
 .debug_frame     0x00132c         0x54 build/default/production/_ext/1077454706/servoOut.o
 .debug_frame     0x001380         0x74 build/default/production/_ext/1077454706/events.o
 .debug_frame     0x0013f4         0xb4 build/default/production/_ext/1077454706/mpu6000.o
 .debug_frame     0x0014a8         0xa4 build/default/production/_ext/1077454706/spiUtils.o
 .debug_frame     0x00154c         0x34 build/default/production/_ext/1077454706/analog2digital_auav3.o
 .debug_frame     0x001580         0xb4 build/default/production/_ext/1077454706/mcu.o
 .debug_frame     0x001634         0x44 build/default/production/_ext/1077454706/magnetometer.o
 .debug_frame     0x001678         0xb4 build/default/production/_ext/1077454706/radioIn.o
 .debug_frame     0x00172c         0xd4 build/default/production/_ext/1077454706/serialIO.o
 .debug_frame     0x001800         0x74 build/default/production/_ext/1077454706/traps.o
 .debug_frame     0x001874        0x1a4 build/default/production/_ext/1077454706/I2C2.o
 .debug_frame     0x001a18        0x194 build/default/production/_ext/713068069/usb_device.o
 .debug_frame     0x001bac         0xd4 build/default/production/_ext/41277818/usb_function_msd.o
 .debug_frame     0x001c80         0x84 build/default/production/_ext/1472/behavior.o
 .debug_frame     0x001d04         0x64 build/default/production/_ext/1472/cameraCntrl.o
 .debug_frame     0x001d68         0x94 build/default/production/_ext/1472/navigate.o
 .debug_frame     0x001dfc         0x54 build/default/production/_ext/1472/pitchCntrl.o
 .debug_frame     0x001e50         0x54 build/default/production/_ext/1472/rollCntrl.o
 .debug_frame     0x001ea4         0x34 build/default/production/_ext/1472/servoMix.o
 .debug_frame     0x001ed8        0x12c build/default/production/_ext/1472/states.o
 .debug_frame     0x002004         0x54 build/default/production/_ext/1472/yawCntrl.o
 .debug_frame     0x002058         0x44 build/default/production/_ext/1472/servoPrepare.o
 .debug_frame     0x00209c        0x168 build/default/production/_ext/1472/flightplan-waypoints.o
 .debug_frame     0x002204         0x84 build/default/production/_ext/1472/altitudeCntrl.o
 .debug_frame     0x002288        0x950 build/default/production/_ext/1472/MAVLink.o
 .debug_frame     0x002bd8         0x64 build/default/production/_ext/1472/mode_switch.o
 .debug_frame     0x002c3c         0x24 build/default/production/_ext/1472/euler_angles.o
 .debug_frame     0x002c60         0x34 build/default/production/_ext/1472/preflight.o
 .debug_frame     0x002c94         0x24 build/default/production/_ext/1472/main.o

.debug_str        0x000000       0x3543
 *(.debug_str)
 .debug_str       0x000000         0x2c build/default/production/_ext/1658199856/commands.o
 .debug_str       0x00002c         0x5f build/default/production/_ext/1658199856/read.o
 .debug_str       0x00008b         0x5f build/default/production/_ext/1658199856/write.o
 .debug_str       0x0000ea         0x3e build/default/production/_ext/1658199856/uart.o
 .debug_str       0x000128         0x24 build/default/production/_ext/1077471063/estWind.o
 .debug_str       0x00014c         0x5b build/default/production/_ext/1077471063/estYawDrift.o
 .debug_str       0x0001a7        0x14e build/default/production/_ext/1077471063/gpsParseCommon.o
 .debug_str       0x0002f5        0x2c3 build/default/production/_ext/1077471063/gpsParseUBX.o
 .debug_str       0x0005b8         0x5e build/default/production/_ext/1077471063/mathlibNAV.o
 .debug_str       0x000616        0x1a6 build/default/production/_ext/1077471063/rmat.o
 .debug_str       0x0007bc         0x42 build/default/production/_ext/1077471063/libDCM.o
 .debug_str       0x0007fe        0x138 build/default/production/_ext/1077471063/deadReckoning.o
 .debug_str       0x000936         0xa7 build/default/production/_ext/1077471063/estAltitude.o
 .debug_str       0x0009dd         0x45 build/default/production/_ext/1864667112/AT45D.o
 .debug_str       0x000a22         0x95 build/default/production/_ext/1864667112/AT45D_DMA.o
 .debug_str       0x000ab7         0x1a build/default/production/_ext/1864667112/AT45D_FS.o
 .debug_str       0x000ad1         0x17 build/default/production/_ext/1864667112/MDD_AT45D.o
 .debug_str       0x000ae8         0x53 build/default/production/_ext/1864667112/minIni.o
 .debug_str       0x000b3b         0x74 build/default/production/_ext/1864667112/usb.o
 .debug_str       0x000baf         0x2a build/default/production/_ext/1864667112/usb_descriptors.o
 .debug_str       0x000bd9        0x307 build/default/production/_ext/65885567/FSIO.o
 .debug_str       0x000ee0         0xf2 build/default/production/_ext/1077454706/background.o
 .debug_str       0x000fd2         0x67 build/default/production/_ext/1077454706/libUDB.o
 .debug_str       0x001039         0x8f build/default/production/_ext/1077454706/servoOut.o
 .debug_str       0x0010c8         0x82 build/default/production/_ext/1077454706/events.o
 .debug_str       0x00114a         0xad build/default/production/_ext/1077454706/mpu6000.o
 .debug_str       0x0011f7        0x10b build/default/production/_ext/1077454706/spiUtils.o
 .debug_str       0x001302         0xfe build/default/production/_ext/1077454706/analog2digital_auav3.o
 .debug_str       0x001400        0x17f build/default/production/_ext/1077454706/mcu.o
 .debug_str       0x00157f         0x42 build/default/production/_ext/1077454706/magnetometer.o
 .debug_str       0x0015c1        0x187 build/default/production/_ext/1077454706/radioIn.o
 .debug_str       0x001748         0xa5 build/default/production/_ext/1077454706/serialIO.o
 .debug_str       0x0017ed         0x67 build/default/production/_ext/1077454706/traps.o
 .debug_str       0x001854         0x7a build/default/production/_ext/1077454706/I2C2.o
 .debug_str       0x0018ce        0x279 build/default/production/_ext/713068069/usb_device.o
 .debug_str       0x001b47        0x131 build/default/production/_ext/41277818/usb_function_msd.o
 .debug_str       0x001c78         0x84 build/default/production/_ext/1472/behavior.o
 .debug_str       0x001cfc         0x97 build/default/production/_ext/1472/cameraCntrl.o
 .debug_str       0x001d93        0x118 build/default/production/_ext/1472/navigate.o
 .debug_str       0x001eab        0x100 build/default/production/_ext/1472/pitchCntrl.o
 .debug_str       0x001fab         0x7d build/default/production/_ext/1472/rollCntrl.o
 .debug_str       0x002028         0xc2 build/default/production/_ext/1472/servoMix.o
 .debug_str       0x0020ea         0x4d build/default/production/_ext/1472/states.o
 .debug_str       0x002137         0xa4 build/default/production/_ext/1472/yawCntrl.o
 .debug_str       0x0021db         0x6a build/default/production/_ext/1472/servoPrepare.o
 .debug_str       0x002245         0xe0 build/default/production/_ext/1472/flightplan-waypoints.o
 .debug_str       0x002325         0xe6 build/default/production/_ext/1472/altitudeCntrl.o
 .debug_str       0x00240b        0xe7a build/default/production/_ext/1472/MAVLink.o
 .debug_str       0x003285         0x13 build/default/production/_ext/1472/mode_switch.o
 .debug_str       0x003298        0x283 build/default/production/_ext/1472/parameter_table.o
 .debug_str       0x00351b         0x28 build/default/production/_ext/1472/preflight.o

.debug_loc
 *(.debug_loc)

.debug_macinfo
 *(.debug_macinfo)

.debug_pubnames
                  0x000000       0x3f6f
 *(.debug_pubnames)
 .debug_pubnames
                  0x000000        0x15a build/default/production/_ext/1658199856/commands.o
 .debug_pubnames
                  0x00015a         0x1b build/default/production/_ext/1658199856/read.o
 .debug_pubnames
                  0x000175         0x1c build/default/production/_ext/1658199856/write.o
 .debug_pubnames
                  0x000191         0xd1 build/default/production/_ext/1658199856/uart.o
 .debug_pubnames
                  0x000262         0x35 build/default/production/_ext/1077471063/estWind.o
 .debug_pubnames
                  0x000297         0x46 build/default/production/_ext/1077471063/estYawDrift.o
 .debug_pubnames
                  0x0002dd        0x25f build/default/production/_ext/1077471063/gpsParseCommon.o
 .debug_pubnames
                  0x00053c        0x4d3 build/default/production/_ext/1077471063/gpsParseUBX.o
 .debug_pubnames
                  0x000a0f        0x145 build/default/production/_ext/1077471063/mathlibNAV.o
 .debug_pubnames
                  0x000b54        0x1a8 build/default/production/_ext/1077471063/rmat.o
 .debug_pubnames
                  0x000cfc         0xd3 build/default/production/_ext/1077471063/libDCM.o
 .debug_pubnames
                  0x000dcf        0x148 build/default/production/_ext/1077471063/deadReckoning.o
 .debug_pubnames
                  0x000f17        0x174 build/default/production/_ext/1077471063/estAltitude.o
 .debug_pubnames
                  0x00108b         0x5f build/default/production/_ext/1864667112/AT45D.o
 .debug_pubnames
                  0x0010ea         0x95 build/default/production/_ext/1864667112/AT45D_DMA.o
 .debug_pubnames
                  0x00117f         0x50 build/default/production/_ext/1864667112/AT45D_FS.o
 .debug_pubnames
                  0x0011cf         0xea build/default/production/_ext/1864667112/MDD_AT45D.o
 .debug_pubnames
                  0x0012b9         0xae build/default/production/_ext/1864667112/minIni.o
 .debug_pubnames
                  0x001367         0xf6 build/default/production/_ext/1864667112/usb.o
 .debug_pubnames
                  0x00145d         0x7d build/default/production/_ext/1864667112/usb_descriptors.o
 .debug_pubnames
                  0x0014da        0x491 build/default/production/_ext/65885567/FSIO.o
 .debug_pubnames
                  0x00196b         0xcc build/default/production/_ext/1077454706/background.o
 .debug_pubnames
                  0x001a37         0xa9 build/default/production/_ext/1077454706/libUDB.o
 .debug_pubnames
                  0x001ae0         0x7f build/default/production/_ext/1077454706/servoOut.o
 .debug_pubnames
                  0x001b5f         0x9d build/default/production/_ext/1077454706/events.o
 .debug_pubnames
                  0x001bfc        0x104 build/default/production/_ext/1077454706/mpu6000.o
 .debug_pubnames
                  0x001d00        0x18b build/default/production/_ext/1077454706/spiUtils.o
 .debug_pubnames
                  0x001e8b         0xb3 build/default/production/_ext/1077454706/analog2digital_auav3.o
 .debug_pubnames
                  0x001f3e         0xad build/default/production/_ext/1077454706/mcu.o
 .debug_pubnames
                  0x001feb         0x9a build/default/production/_ext/1077454706/magnetometer.o
 .debug_pubnames
                  0x002085        0x107 build/default/production/_ext/1077454706/radioIn.o
 .debug_pubnames
                  0x00218c        0x121 build/default/production/_ext/1077454706/serialIO.o
 .debug_pubnames
                  0x0022ad         0x9f build/default/production/_ext/1077454706/traps.o
 .debug_pubnames
                  0x00234c         0x8d build/default/production/_ext/1077454706/I2C2.o
 .debug_pubnames
                  0x0023d9        0x339 build/default/production/_ext/713068069/usb_device.o
 .debug_pubnames
                  0x002712        0x238 build/default/production/_ext/41277818/usb_function_msd.o
 .debug_pubnames
                  0x00294a        0x136 build/default/production/_ext/1472/behavior.o
 .debug_pubnames
                  0x002a80        0x1c1 build/default/production/_ext/1472/cameraCntrl.o
 .debug_pubnames
                  0x002c41        0x175 build/default/production/_ext/1472/navigate.o
 .debug_pubnames
                  0x002db6         0xf1 build/default/production/_ext/1472/pitchCntrl.o
 .debug_pubnames
                  0x002ea7         0x9d build/default/production/_ext/1472/rollCntrl.o
 .debug_pubnames
                  0x002f44         0x65 build/default/production/_ext/1472/servoMix.o
 .debug_pubnames
                  0x002fa9         0x97 build/default/production/_ext/1472/states.o
 .debug_pubnames
                  0x003040         0x9d build/default/production/_ext/1472/yawCntrl.o
 .debug_pubnames
                  0x0030dd         0xbb build/default/production/_ext/1472/servoPrepare.o
 .debug_pubnames
                  0x003198        0x192 build/default/production/_ext/1472/flightplan-waypoints.o
 .debug_pubnames
                  0x00332a        0x1eb build/default/production/_ext/1472/altitudeCntrl.o
 .debug_pubnames
                  0x003515        0x7cf build/default/production/_ext/1472/MAVLink.o
 .debug_pubnames
                  0x003ce4         0xb4 build/default/production/_ext/1472/mode_switch.o
 .debug_pubnames
                  0x003d98         0x69 build/default/production/_ext/1472/parameter_table.o
 .debug_pubnames
                  0x003e01         0xf1 build/default/production/_ext/1472/airspeedCntrl.o
 .debug_pubnames
                  0x003ef2         0x2c build/default/production/_ext/1472/euler_angles.o
 .debug_pubnames
                  0x003f1e         0x36 build/default/production/_ext/1472/preflight.o
 .debug_pubnames
                  0x003f54         0x1b build/default/production/_ext/1472/main.o

.debug_ranges
 *(.debug_ranges)

.debug_aranges    0x000000        0x6a0
 *(.debug_aranges)
 .debug_aranges
                  0x000000         0x18 build/default/production/_ext/1658199856/commands.o
 .debug_aranges
                  0x000018         0x20 build/default/production/_ext/1658199856/read.o
 .debug_aranges
                  0x000038         0x20 build/default/production/_ext/1658199856/write.o
 .debug_aranges
                  0x000058         0x18 build/default/production/_ext/1658199856/uart.o
 .debug_aranges
                  0x000070         0x18 build/default/production/_ext/1077471063/estWind.o
 .debug_aranges
                  0x000088         0x18 build/default/production/_ext/1077471063/estYawDrift.o
 .debug_aranges
                  0x0000a0         0x18 build/default/production/_ext/1077471063/gpsParseCommon.o
 .debug_aranges
                  0x0000b8         0x18 build/default/production/_ext/1077471063/gpsParseUBX.o
 .debug_aranges
                  0x0000d0         0x18 build/default/production/_ext/1077471063/mathlibNAV.o
 .debug_aranges
                  0x0000e8         0x18 build/default/production/_ext/1077471063/rmat.o
 .debug_aranges
                  0x000100         0x18 build/default/production/_ext/1077471063/libDCM.o
 .debug_aranges
                  0x000118         0x18 build/default/production/_ext/1077471063/deadReckoning.o
 .debug_aranges
                  0x000130         0x18 build/default/production/_ext/1077471063/estAltitude.o
 .debug_aranges
                  0x000148         0x18 build/default/production/_ext/1864667112/AT45D.o
 .debug_aranges
                  0x000160         0x18 build/default/production/_ext/1864667112/AT45D_DMA.o
 .debug_aranges
                  0x000178         0x18 build/default/production/_ext/1864667112/AT45D_FS.o
 .debug_aranges
                  0x000190         0x18 build/default/production/_ext/1864667112/MDD_AT45D.o
 .debug_aranges
                  0x0001a8         0x18 build/default/production/_ext/1864667112/minIni.o
 .debug_aranges
                  0x0001c0         0x18 build/default/production/_ext/1864667112/usb.o
 .debug_aranges
                  0x0001d8         0x18 build/default/production/_ext/65885567/FSIO.o
 .debug_aranges
                  0x0001f0         0x18 build/default/production/_ext/1077454706/background.o
 .debug_aranges
                  0x000208         0x18 build/default/production/_ext/1077454706/libUDB.o
 .debug_aranges
                  0x000220         0x18 build/default/production/_ext/1077454706/servoOut.o
 .debug_aranges
                  0x000238         0x18 build/default/production/_ext/1077454706/events.o
 .debug_aranges
                  0x000250         0x18 build/default/production/_ext/1077454706/mpu6000.o
 .debug_aranges
                  0x000268         0x18 build/default/production/_ext/1077454706/spiUtils.o
 .debug_aranges
                  0x000280         0x18 build/default/production/_ext/1077454706/analog2digital_auav3.o
 .debug_aranges
                  0x000298         0x18 build/default/production/_ext/1077454706/traps_asm.o
 .debug_aranges
                  0x0002b0         0x18 build/default/production/_ext/1077454706/mcu.o
 .debug_aranges
                  0x0002c8         0x18 build/default/production/_ext/1077454706/magnetometer.o
 .debug_aranges
                  0x0002e0         0x18 build/default/production/_ext/1077454706/radioIn.o
 .debug_aranges
                  0x0002f8         0x18 build/default/production/_ext/1077454706/serialIO.o
 .debug_aranges
                  0x000310         0x18 build/default/production/_ext/1077454706/traps.o
 .debug_aranges
                  0x000328         0x18 build/default/production/_ext/1077454706/I2C2.o
 .debug_aranges
                  0x000340         0x18 build/default/production/_ext/713068069/usb_device.o
 .debug_aranges
                  0x000358         0x18 build/default/production/_ext/41277818/usb_function_msd.o
 .debug_aranges
                  0x000370         0x18 build/default/production/_ext/679848855/madd.o
 .debug_aranges
                  0x000388         0x18 build/default/production/_ext/679848855/mmul.o
 .debug_aranges
                  0x0003a0         0x18 build/default/production/_ext/679848855/mscl.o
 .debug_aranges
                  0x0003b8         0x18 build/default/production/_ext/679848855/msub.o
 .debug_aranges
                  0x0003d0         0x18 build/default/production/_ext/679848855/mtrp.o
 .debug_aranges
                  0x0003e8         0x18 build/default/production/_ext/679848855/vadd.o
 .debug_aranges
                  0x000400         0x18 build/default/production/_ext/679848855/vcon.o
 .debug_aranges
                  0x000418         0x18 build/default/production/_ext/679848855/vcopy.o
 .debug_aranges
                  0x000430         0x18 build/default/production/_ext/679848855/vcor.o
 .debug_aranges
                  0x000448         0x18 build/default/production/_ext/679848855/vdot.o
 .debug_aranges
                  0x000460         0x18 build/default/production/_ext/679848855/vmax.o
 .debug_aranges
                  0x000478         0x18 build/default/production/_ext/679848855/vmin.o
 .debug_aranges
                  0x000490         0x18 build/default/production/_ext/679848855/vmul.o
 .debug_aranges
                  0x0004a8         0x18 build/default/production/_ext/679848855/vneg.o
 .debug_aranges
                  0x0004c0         0x18 build/default/production/_ext/679848855/vpow.o
 .debug_aranges
                  0x0004d8         0x18 build/default/production/_ext/679848855/vscl.o
 .debug_aranges
                  0x0004f0         0x18 build/default/production/_ext/679848855/vsub.o
 .debug_aranges
                  0x000508         0x18 build/default/production/_ext/679848855/vzpad.o
 .debug_aranges
                  0x000520         0x18 build/default/production/_ext/1472/behavior.o
 .debug_aranges
                  0x000538         0x18 build/default/production/_ext/1472/cameraCntrl.o
 .debug_aranges
                  0x000550         0x18 build/default/production/_ext/1472/navigate.o
 .debug_aranges
                  0x000568         0x18 build/default/production/_ext/1472/pitchCntrl.o
 .debug_aranges
                  0x000580         0x18 build/default/production/_ext/1472/rollCntrl.o
 .debug_aranges
                  0x000598         0x18 build/default/production/_ext/1472/servoMix.o
 .debug_aranges
                  0x0005b0         0x18 build/default/production/_ext/1472/states.o
 .debug_aranges
                  0x0005c8         0x18 build/default/production/_ext/1472/yawCntrl.o
 .debug_aranges
                  0x0005e0         0x18 build/default/production/_ext/1472/servoPrepare.o
 .debug_aranges
                  0x0005f8         0x18 build/default/production/_ext/1472/flightplan-waypoints.o
 .debug_aranges
                  0x000610         0x18 build/default/production/_ext/1472/altitudeCntrl.o
 .debug_aranges
                  0x000628         0x18 build/default/production/_ext/1472/MAVLink.o
 .debug_aranges
                  0x000640         0x18 build/default/production/_ext/1472/mode_switch.o
 .debug_aranges
                  0x000658         0x18 build/default/production/_ext/1472/euler_angles.o
 .debug_aranges
                  0x000670         0x18 build/default/production/_ext/1472/preflight.o
 .debug_aranges
                  0x000688         0x18 build/default/production/_ext/1472/main.o

.ivt              0x000004        0x130
                  0x000004          0x4 LONG 0x151bc DEFINED (__OscillatorFail)?ABSOLUTE (__OscillatorFail):ABSOLUTE (__DefaultInterrupt)
                  0x000006          0x4 LONG 0x151e8 DEFINED (__AddressError)?ABSOLUTE (__AddressError):ABSOLUTE (__DefaultInterrupt)
                  0x000008          0x4 LONG 0x42c DEFINED (__HardTrapError)?ABSOLUTE (__HardTrapError):ABSOLUTE (__DefaultInterrupt)
                  0x00000a          0x4 LONG 0x1520e DEFINED (__StackError)?ABSOLUTE (__StackError):ABSOLUTE (__DefaultInterrupt)
                  0x00000c          0x4 LONG 0x15234 DEFINED (__MathError)?ABSOLUTE (__MathError):ABSOLUTE (__DefaultInterrupt)
                  0x00000e          0x4 LONG 0x1525a DEFINED (__DMACError)?ABSOLUTE (__DMACError):ABSOLUTE (__DefaultInterrupt)
                  0x000010          0x4 LONG 0x42c DEFINED (__SoftTrapError)?ABSOLUTE (__SoftTrapError):ABSOLUTE (__DefaultInterrupt)
                  0x000012          0x4 LONG 0x42c DEFINED (__ReservedTrap7)?ABSOLUTE (__ReservedTrap7):ABSOLUTE (__DefaultInterrupt)
                  0x000014          0x4 LONG 0x42c DEFINED (__INT0Interrupt)?ABSOLUTE (__INT0Interrupt):ABSOLUTE (__DefaultInterrupt)
                  0x000016          0x4 LONG 0x116d0 DEFINED (__IC1Interrupt)?ABSOLUTE (__IC1Interrupt):ABSOLUTE (__DefaultInterrupt)
                  0x000018          0x4 LONG 0x42c DEFINED (__OC1Interrupt)?ABSOLUTE (__OC1Interrupt):ABSOLUTE (__DefaultInterrupt)
                  0x00001a          0x4 LONG 0x14508 DEFINED (__T1Interrupt)?ABSOLUTE (__T1Interrupt):ABSOLUTE (__DefaultInterrupt)
                  0x00001c          0x4 LONG 0x135c6 DEFINED (__DMA0Interrupt)?ABSOLUTE (__DMA0Interrupt):ABSOLUTE (__DefaultInterrupt)
                  0x00001e          0x4 LONG 0x1171e DEFINED (__IC2Interrupt)?ABSOLUTE (__IC2Interrupt):ABSOLUTE (__DefaultInterrupt)
                  0x000020          0x4 LONG 0x42c DEFINED (__OC2Interrupt)?ABSOLUTE (__OC2Interrupt):ABSOLUTE (__DefaultInterrupt)
                  0x000022          0x4 LONG 0x42c DEFINED (__T2Interrupt)?ABSOLUTE (__T2Interrupt):ABSOLUTE (__DefaultInterrupt)
                  0x000024          0x4 LONG 0x42c DEFINED (__T3Interrupt)?ABSOLUTE (__T3Interrupt):ABSOLUTE (__DefaultInterrupt)
                  0x000026          0x4 LONG 0x42c DEFINED (__SPI1ErrInterrupt)?ABSOLUTE (__SPI1ErrInterrupt):ABSOLUTE (__DefaultInterrupt)
                  0x000028          0x4 LONG 0x12e08 DEFINED (__SPI1Interrupt)?ABSOLUTE (__SPI1Interrupt):ABSOLUTE (__DefaultInterrupt)
                  0x00002a          0x4 LONG 0x13b18 DEFINED (__U1RXInterrupt)?ABSOLUTE (__U1RXInterrupt):ABSOLUTE (__DefaultInterrupt)
                  0x00002c          0x4 LONG 0x13ade DEFINED (__U1TXInterrupt)?ABSOLUTE (__U1TXInterrupt):ABSOLUTE (__DefaultInterrupt)
                  0x00002e          0x4 LONG 0x42c DEFINED (__AD1Interrupt)?ABSOLUTE (__AD1Interrupt):ABSOLUTE (__DefaultInterrupt)
                  0x000030          0x4 LONG 0x135dc DEFINED (__DMA1Interrupt)?ABSOLUTE (__DMA1Interrupt):ABSOLUTE (__DefaultInterrupt)
                  0x000032          0x4 LONG 0x42c DEFINED (__NVMInterrupt)?ABSOLUTE (__NVMInterrupt):ABSOLUTE (__DefaultInterrupt)
                  0x000034          0x4 LONG 0x42c DEFINED (__SI2C1Interrupt)?ABSOLUTE (__SI2C1Interrupt):ABSOLUTE (__DefaultInterrupt)
                  0x000036          0x4 LONG 0x42c DEFINED (__MI2C1Interrupt)?ABSOLUTE (__MI2C1Interrupt):ABSOLUTE (__DefaultInterrupt)
                  0x000038          0x4 LONG 0x42c DEFINED (__CM1Interrupt)?ABSOLUTE (__CM1Interrupt):ABSOLUTE (__DefaultInterrupt)
                  0x00003a          0x4 LONG 0x42c DEFINED (__CNInterrupt)?ABSOLUTE (__CNInterrupt):ABSOLUTE (__DefaultInterrupt)
                  0x00003c          0x4 LONG 0x14f14 DEFINED (__INT1Interrupt)?ABSOLUTE (__INT1Interrupt):ABSOLUTE (__DefaultInterrupt)
                  0x00003e          0x4 LONG 0x42c DEFINED (__AD2Interrupt)?ABSOLUTE (__AD2Interrupt):ABSOLUTE (__DefaultInterrupt)
                  0x000040          0x4 LONG 0x118ae DEFINED (__IC7Interrupt)?ABSOLUTE (__IC7Interrupt):ABSOLUTE (__DefaultInterrupt)
                  0x000042          0x4 LONG 0x118fc DEFINED (__IC8Interrupt)?ABSOLUTE (__IC8Interrupt):ABSOLUTE (__DefaultInterrupt)
                  0x000044          0x4 LONG 0x42c DEFINED (__DMA2Interrupt)?ABSOLUTE (__DMA2Interrupt):ABSOLUTE (__DefaultInterrupt)
                  0x000046          0x4 LONG 0x42c DEFINED (__OC3Interrupt)?ABSOLUTE (__OC3Interrupt):ABSOLUTE (__DefaultInterrupt)
                  0x000048          0x4 LONG 0x42c DEFINED (__OC4Interrupt)?ABSOLUTE (__OC4Interrupt):ABSOLUTE (__DefaultInterrupt)
                  0x00004a          0x4 LONG 0x146da DEFINED (__T4Interrupt)?ABSOLUTE (__T4Interrupt):ABSOLUTE (__DefaultInterrupt)
                  0x00004c          0x4 LONG 0x145ae DEFINED (__T5Interrupt)?ABSOLUTE (__T5Interrupt):ABSOLUTE (__DefaultInterrupt)
                  0x00004e          0x4 LONG 0x42c DEFINED (__INT2Interrupt)?ABSOLUTE (__INT2Interrupt):ABSOLUTE (__DefaultInterrupt)
                  0x000050          0x4 LONG 0x13c54 DEFINED (__U2RXInterrupt)?ABSOLUTE (__U2RXInterrupt):ABSOLUTE (__DefaultInterrupt)
                  0x000052          0x4 LONG 0x13c1a DEFINED (__U2TXInterrupt)?ABSOLUTE (__U2TXInterrupt):ABSOLUTE (__DefaultInterrupt)
                  0x000054          0x4 LONG 0x42c DEFINED (__SPI2ErrInterrupt)?ABSOLUTE (__SPI2ErrInterrupt):ABSOLUTE (__DefaultInterrupt)
                  0x000056          0x4 LONG 0x12f38 DEFINED (__SPI2Interrupt)?ABSOLUTE (__SPI2Interrupt):ABSOLUTE (__DefaultInterrupt)
                  0x000058          0x4 LONG 0x42c DEFINED (__C1RxRdyInterrupt)?ABSOLUTE (__C1RxRdyInterrupt):ABSOLUTE (__DefaultInterrupt)
                  0x00005a          0x4 LONG 0x14422 DEFINED (__C1Interrupt)?ABSOLUTE (__C1Interrupt):ABSOLUTE (__DefaultInterrupt)
                  0x00005c          0x4 LONG 0x1285a DEFINED (__DMA3Interrupt)?ABSOLUTE (__DMA3Interrupt):ABSOLUTE (__DefaultInterrupt)
                  0x00005e          0x4 LONG 0x1176e DEFINED (__IC3Interrupt)?ABSOLUTE (__IC3Interrupt):ABSOLUTE (__DefaultInterrupt)
                  0x000060          0x4 LONG 0x117be DEFINED (__IC4Interrupt)?ABSOLUTE (__IC4Interrupt):ABSOLUTE (__DefaultInterrupt)
                  0x000062          0x4 LONG 0x1180e DEFINED (__IC5Interrupt)?ABSOLUTE (__IC5Interrupt):ABSOLUTE (__DefaultInterrupt)
                  0x000064          0x4 LONG 0x1185e DEFINED (__IC6Interrupt)?ABSOLUTE (__IC6Interrupt):ABSOLUTE (__DefaultInterrupt)
                  0x000066          0x4 LONG 0x42c DEFINED (__OC5Interrupt)?ABSOLUTE (__OC5Interrupt):ABSOLUTE (__DefaultInterrupt)
                  0x000068          0x4 LONG 0x42c DEFINED (__OC6Interrupt)?ABSOLUTE (__OC6Interrupt):ABSOLUTE (__DefaultInterrupt)
                  0x00006a          0x4 LONG 0x42c DEFINED (__OC7Interrupt)?ABSOLUTE (__OC7Interrupt):ABSOLUTE (__DefaultInterrupt)
                  0x00006c          0x4 LONG 0x42c DEFINED (__OC8Interrupt)?ABSOLUTE (__OC8Interrupt):ABSOLUTE (__DefaultInterrupt)
                  0x00006e          0x4 LONG 0x42c DEFINED (__PMPInterrupt)?ABSOLUTE (__PMPInterrupt):ABSOLUTE (__DefaultInterrupt)
                  0x000070          0x4 LONG 0x42c DEFINED (__DMA4Interrupt)?ABSOLUTE (__DMA4Interrupt):ABSOLUTE (__DefaultInterrupt)
                  0x000072          0x4 LONG 0x145cc DEFINED (__T6Interrupt)?ABSOLUTE (__T6Interrupt):ABSOLUTE (__DefaultInterrupt)
                  0x000074          0x4 LONG 0x14572 DEFINED (__T7Interrupt)?ABSOLUTE (__T7Interrupt):ABSOLUTE (__DefaultInterrupt)
                  0x000076          0x4 LONG 0x42c DEFINED (__SI2C2Interrupt)?ABSOLUTE (__SI2C2Interrupt):ABSOLUTE (__DefaultInterrupt)
                  0x000078          0x4 LONG 0x11a08 DEFINED (__MI2C2Interrupt)?ABSOLUTE (__MI2C2Interrupt):ABSOLUTE (__DefaultInterrupt)
                  0x00007a          0x4 LONG 0x42c DEFINED (__T8Interrupt)?ABSOLUTE (__T8Interrupt):ABSOLUTE (__DefaultInterrupt)
                  0x00007c          0x4 LONG 0x42c DEFINED (__T9Interrupt)?ABSOLUTE (__T9Interrupt):ABSOLUTE (__DefaultInterrupt)
                  0x00007e          0x4 LONG 0x42c DEFINED (__INT3Interrupt)?ABSOLUTE (__INT3Interrupt):ABSOLUTE (__DefaultInterrupt)
                  0x000080          0x4 LONG 0x42c DEFINED (__INT4Interrupt)?ABSOLUTE (__INT4Interrupt):ABSOLUTE (__DefaultInterrupt)
                  0x000082          0x4 LONG 0x42c DEFINED (__C2RxRdyInterrupt)?ABSOLUTE (__C2RxRdyInterrupt):ABSOLUTE (__DefaultInterrupt)
                  0x000084          0x4 LONG 0x143b6 DEFINED (__C2Interrupt)?ABSOLUTE (__C2Interrupt):ABSOLUTE (__DefaultInterrupt)
                  0x000086          0x4 LONG 0x42c DEFINED (__PWMSpEventMatchInterrupt)?ABSOLUTE (__PWMSpEventMatchInterrupt):ABSOLUTE (__DefaultInterrupt)
                  0x000088          0x4 LONG 0x42c DEFINED (__QEI1Interrupt)?ABSOLUTE (__QEI1Interrupt):ABSOLUTE (__DefaultInterrupt)
                  0x00008a          0x4 LONG 0x42c DEFINED (__DCIEInterrupt)?ABSOLUTE (__DCIEInterrupt):ABSOLUTE (__DefaultInterrupt)
                  0x00008c          0x4 LONG 0x42c DEFINED (__DCIInterrupt)?ABSOLUTE (__DCIInterrupt):ABSOLUTE (__DefaultInterrupt)
                  0x00008e          0x4 LONG 0x42c DEFINED (__DMA5Interrupt)?ABSOLUTE (__DMA5Interrupt):ABSOLUTE (__DefaultInterrupt)
                  0x000090          0x4 LONG 0x42c DEFINED (__RTCCInterrupt)?ABSOLUTE (__RTCCInterrupt):ABSOLUTE (__DefaultInterrupt)
                  0x000092          0x4 LONG 0x42c DEFINED (__Interrupt63)?ABSOLUTE (__Interrupt63):ABSOLUTE (__DefaultInterrupt)
                  0x000094          0x4 LONG 0x42c DEFINED (__Interrupt64)?ABSOLUTE (__Interrupt64):ABSOLUTE (__DefaultInterrupt)
                  0x000096          0x4 LONG 0x42c DEFINED (__U1ErrInterrupt)?ABSOLUTE (__U1ErrInterrupt):ABSOLUTE (__DefaultInterrupt)
                  0x000098          0x4 LONG 0x42c DEFINED (__U2ErrInterrupt)?ABSOLUTE (__U2ErrInterrupt):ABSOLUTE (__DefaultInterrupt)
                  0x00009a          0x4 LONG 0x42c DEFINED (__CRCInterrupt)?ABSOLUTE (__CRCInterrupt):ABSOLUTE (__DefaultInterrupt)
                  0x00009c          0x4 LONG 0x42c DEFINED (__DMA6Interrupt)?ABSOLUTE (__DMA6Interrupt):ABSOLUTE (__DefaultInterrupt)
                  0x00009e          0x4 LONG 0x42c DEFINED (__DMA7Interrupt)?ABSOLUTE (__DMA7Interrupt):ABSOLUTE (__DefaultInterrupt)
                  0x0000a0          0x4 LONG 0x42c DEFINED (__C1TxReqInterrupt)?ABSOLUTE (__C1TxReqInterrupt):ABSOLUTE (__DefaultInterrupt)
                  0x0000a2          0x4 LONG 0x42c DEFINED (__C2TxReqInterrupt)?ABSOLUTE (__C2TxReqInterrupt):ABSOLUTE (__DefaultInterrupt)
                  0x0000a4          0x4 LONG 0x42c DEFINED (__Interrupt72)?ABSOLUTE (__Interrupt72):ABSOLUTE (__DefaultInterrupt)
                  0x0000a6          0x4 LONG 0x42c DEFINED (__PWMSecSpEventMatchInterrupt)?ABSOLUTE (__PWMSecSpEventMatchInterrupt):ABSOLUTE (__DefaultInterrupt)
                  0x0000a8          0x4 LONG 0x42c DEFINED (__Interrupt74)?ABSOLUTE (__Interrupt74):ABSOLUTE (__DefaultInterrupt)
                  0x0000aa          0x4 LONG 0x42c DEFINED (__QEI2Interrupt)?ABSOLUTE (__QEI2Interrupt):ABSOLUTE (__DefaultInterrupt)
                  0x0000ac          0x4 LONG 0x42c DEFINED (__Interrupt76)?ABSOLUTE (__Interrupt76):ABSOLUTE (__DefaultInterrupt)
                  0x0000ae          0x4 LONG 0x42c DEFINED (__Interrupt77)?ABSOLUTE (__Interrupt77):ABSOLUTE (__DefaultInterrupt)
                  0x0000b0          0x4 LONG 0x42c DEFINED (__Interrupt78)?ABSOLUTE (__Interrupt78):ABSOLUTE (__DefaultInterrupt)
                  0x0000b2          0x4 LONG 0x42c DEFINED (__Interrupt79)?ABSOLUTE (__Interrupt79):ABSOLUTE (__DefaultInterrupt)
                  0x0000b4          0x4 LONG 0x42c DEFINED (__Interrupt80)?ABSOLUTE (__Interrupt80):ABSOLUTE (__DefaultInterrupt)