Microchip Technology Inc, vv1_10 (A) @TF-8I

Tool Name:
  /opt/microchip/xc16/v1.10/bin/bin/../bin/elf-ld

Command:
  -p33EP512MU810 \
  -o \
  dist/default/production/MatrixPilot-auav3_noFS_MDD_USB.production.elf \
  -L/opt/microchip/xc16/v1.10/bin/bin/.. \
  -L/opt/microchip/xc16/v1.10/bin/bin/../../lib \
  -L/opt/microchip/xc16/v1.10/bin/bin/../../lib/PIC24E \
  -L/opt/microchip/xc16/v1.10/bin/bin/../../support/PIC24E/gld \
  -L/opt/microchip/xc16/v1.10/bin/bin/../../lib/PIC24F \
  -L/opt/microchip/xc16/v1.10/bin/bin/../../support/PIC24F/gld \
  -L/opt/microchip/xc16/v1.10/bin/bin/../../lib/PIC24H \
  -L/opt/microchip/xc16/v1.10/bin/bin/../../support/PIC24H/gld \
  -L/opt/microchip/xc16/v1.10/bin/bin/../../lib/dsPIC30F \
  -L/opt/microchip/xc16/v1.10/bin/bin/../../support/dsPIC30F/gld \
  -L/opt/microchip/xc16/v1.10/bin/bin/../../lib/dsPIC33E \
  -L/opt/microchip/xc16/v1.10/bin/bin/../../support/dsPIC33E/gld \
  -L/opt/microchip/xc16/v1.10/bin/bin/../../lib/dsPIC33F \
  -L/opt/microchip/xc16/v1.10/bin/bin/../../support/dsPIC33F/gld \
  build/default/production/_ext/1658199856/read.o \
  build/default/production/_ext/1658199856/write.o \
  build/default/production/_ext/1658199856/uart.o \
  build/default/production/_ext/1658199856/commands.o \
  build/default/production/_ext/1077471063/estWind.o \
  build/default/production/_ext/1077471063/estYawDrift.o \
  build/default/production/_ext/1077471063/gpsParseCommon.o \
  build/default/production/_ext/1077471063/gpsParseSTD.o \
  build/default/production/_ext/1077471063/gpsParseUBX.o \
  build/default/production/_ext/1077471063/mathlibNAV.o \
  build/default/production/_ext/1077471063/rmat.o \
  build/default/production/_ext/1077471063/libDCM.o \
  build/default/production/_ext/1077471063/deadReckoning.o \
  build/default/production/_ext/1077471063/gpsParseMTEK.o \
  build/default/production/_ext/1077471063/estAltitude.o \
  build/default/production/_ext/1077454706/background.o \
  build/default/production/_ext/1077454706/libUDB.o \
  build/default/production/_ext/1077454706/analog2digital_udb4.o \
  build/default/production/_ext/1077454706/servoOut.o \
  build/default/production/_ext/1077454706/osd.o \
  build/default/production/_ext/1077454706/24LC256.o \
  build/default/production/_ext/1077454706/events.o \
  build/default/production/_ext/1077454706/mpu6000.o \
  build/default/production/_ext/1077454706/spiUtils.o \
  build/default/production/_ext/1077454706/analog2digital_auav3.o \
  build/default/production/_ext/1077454706/traps_asm.o \
  build/default/production/_ext/1077454706/mcu.o \
  build/default/production/_ext/1077454706/magnetometer.o \
  build/default/production/_ext/1077454706/radioIn.o \
  build/default/production/_ext/1077454706/serialIO.o \
  build/default/production/_ext/1077454706/traps.o \
  build/default/production/_ext/1077454706/I2C1.o \
  build/default/production/_ext/1077454706/I2C2.o \
  build/default/production/_ext/1077454706/barometer.o \
  build/default/production/_ext/679848855/madd.o \
  build/default/production/_ext/679848855/mmul.o \
  build/default/production/_ext/679848855/mscl.o \
  build/default/production/_ext/679848855/msub.o \
  build/default/production/_ext/679848855/mtrp.o \
  build/default/production/_ext/679848855/vadd.o \
  build/default/production/_ext/679848855/vcon.o \
  build/default/production/_ext/679848855/vcopy.o \
  build/default/production/_ext/679848855/vcor.o \
  build/default/production/_ext/679848855/vdot.o \
  build/default/production/_ext/679848855/vmax.o \
  build/default/production/_ext/679848855/vmin.o \
  build/default/production/_ext/679848855/vmul.o \
  build/default/production/_ext/679848855/vneg.o \
  build/default/production/_ext/679848855/vpow.o \
  build/default/production/_ext/679848855/vscl.o \
  build/default/production/_ext/679848855/vsub.o \
  build/default/production/_ext/679848855/vzpad.o \
  build/default/production/_ext/1472/config_tests.o \
  build/default/production/_ext/1472/behavior.o \
  build/default/production/_ext/1472/cameraCntrl.o \
  build/default/production/_ext/1472/navigate.o \
  build/default/production/_ext/1472/pitchCntrl.o \
  build/default/production/_ext/1472/rollCntrl.o \
  build/default/production/_ext/1472/servoMix.o \
  build/default/production/_ext/1472/states.o \
  build/default/production/_ext/1472/yawCntrl.o \
  build/default/production/_ext/1472/telemetry.o \
  build/default/production/_ext/1472/servoPrepare.o \
  build/default/production/_ext/1472/flightplan-waypoints.o \
  build/default/production/_ext/1472/flightplan-logo.o \
  build/default/production/_ext/1472/mp_osd.o \
  build/default/production/_ext/1472/altitudeCntrl.o \
  build/default/production/_ext/1472/MAVLink.o \
  build/default/production/_ext/1472/mode_switch.o \
  build/default/production/_ext/1472/data_services.o \
  build/default/production/_ext/1472/data_storage.o \
  build/default/production/_ext/1472/nv_memory_table.o \
[...]
Memory Configuration

Name             Origin             Length             Attributes
data             0x001000           0x00d000           a !xr
reset            0x000000           0x000004  
ivt              0x000004           0x0001fc  
program          0x000200           0x0555fe           xr
auxflash         0x7fc000           0x003ff8           xr
FGS              0xf80004           0x000002  
FOSCSEL          0xf80006           0x000002  
FOSC             0xf80008           0x000002  
FWDT             0xf8000a           0x000002  
FPOR             0xf8000c           0x000002  
FICD             0xf8000e           0x000002  
FAS              0xf80010           0x000002  
FUID0            0xf80012           0x000002  
*default*        0x000000           0xffffffff  

Linker script and memory map

LOAD build/default/production/_ext/1658199856/read.o
LOAD build/default/production/_ext/1658199856/write.o
LOAD build/default/production/_ext/1658199856/uart.o
LOAD build/default/production/_ext/1658199856/commands.o
LOAD build/default/production/_ext/1077471063/estWind.o
LOAD build/default/production/_ext/1077471063/estYawDrift.o
LOAD build/default/production/_ext/1077471063/gpsParseCommon.o
LOAD build/default/production/_ext/1077471063/gpsParseSTD.o
LOAD build/default/production/_ext/1077471063/gpsParseUBX.o
LOAD build/default/production/_ext/1077471063/mathlibNAV.o
LOAD build/default/production/_ext/1077471063/rmat.o
LOAD build/default/production/_ext/1077471063/libDCM.o
LOAD build/default/production/_ext/1077471063/deadReckoning.o
LOAD build/default/production/_ext/1077471063/gpsParseMTEK.o
LOAD build/default/production/_ext/1077471063/estAltitude.o
LOAD build/default/production/_ext/1077454706/background.o
LOAD build/default/production/_ext/1077454706/libUDB.o
LOAD build/default/production/_ext/1077454706/analog2digital_udb4.o
LOAD build/default/production/_ext/1077454706/servoOut.o
LOAD build/default/production/_ext/1077454706/osd.o
LOAD build/default/production/_ext/1077454706/24LC256.o
LOAD build/default/production/_ext/1077454706/events.o
LOAD build/default/production/_ext/1077454706/mpu6000.o
LOAD build/default/production/_ext/1077454706/spiUtils.o
LOAD build/default/production/_ext/1077454706/analog2digital_auav3.o
LOAD build/default/production/_ext/1077454706/traps_asm.o
LOAD build/default/production/_ext/1077454706/mcu.o
LOAD build/default/production/_ext/1077454706/magnetometer.o
LOAD build/default/production/_ext/1077454706/radioIn.o
LOAD build/default/production/_ext/1077454706/serialIO.o
LOAD build/default/production/_ext/1077454706/traps.o
LOAD build/default/production/_ext/1077454706/I2C1.o
LOAD build/default/production/_ext/1077454706/I2C2.o
LOAD build/default/production/_ext/1077454706/barometer.o
LOAD build/default/production/_ext/679848855/madd.o
LOAD build/default/production/_ext/679848855/mmul.o
LOAD build/default/production/_ext/679848855/mscl.o
LOAD build/default/production/_ext/679848855/msub.o
LOAD build/default/production/_ext/679848855/mtrp.o
LOAD build/default/production/_ext/679848855/vadd.o
LOAD build/default/production/_ext/679848855/vcon.o
LOAD build/default/production/_ext/679848855/vcopy.o
LOAD build/default/production/_ext/679848855/vcor.o
LOAD build/default/production/_ext/679848855/vdot.o
LOAD build/default/production/_ext/679848855/vmax.o
LOAD build/default/production/_ext/679848855/vmin.o
LOAD build/default/production/_ext/679848855/vmul.o
LOAD build/default/production/_ext/679848855/vneg.o
LOAD build/default/production/_ext/679848855/vpow.o
LOAD build/default/production/_ext/679848855/vscl.o
LOAD build/default/production/_ext/679848855/vsub.o
LOAD build/default/production/_ext/679848855/vzpad.o
LOAD build/default/production/_ext/1472/config_tests.o
LOAD build/default/production/_ext/1472/behavior.o
LOAD build/default/production/_ext/1472/cameraCntrl.o
LOAD build/default/production/_ext/1472/navigate.o
LOAD build/default/production/_ext/1472/pitchCntrl.o
LOAD build/default/production/_ext/1472/rollCntrl.o
LOAD build/default/production/_ext/1472/servoMix.o
LOAD build/default/production/_ext/1472/states.o
LOAD build/default/production/_ext/1472/yawCntrl.o
LOAD build/default/production/_ext/1472/telemetry.o
LOAD build/default/production/_ext/1472/servoPrepare.o
LOAD build/default/production/_ext/1472/flightplan-waypoints.o
LOAD build/default/production/_ext/1472/flightplan-logo.o
LOAD build/default/production/_ext/1472/mp_osd.o
LOAD build/default/production/_ext/1472/altitudeCntrl.o
LOAD build/default/production/_ext/1472/MAVLink.o
LOAD build/default/production/_ext/1472/mode_switch.o
LOAD build/default/production/_ext/1472/data_services.o
LOAD build/default/production/_ext/1472/data_storage.o
LOAD build/default/production/_ext/1472/nv_memory_table.o
LOAD build/default/production/_ext/1472/parameter_table.o
LOAD build/default/production/_ext/1472/airspeedCntrl.o
LOAD build/default/production/_ext/1472/altitudeCntrlVariable.o
LOAD build/default/production/_ext/1472/euler_angles.o
LOAD build/default/production/_ext/1472/main.o
LOAD build/default/production/stack.o
                    0x0001                  __MPLAB_BUILD = 0x1
LOAD /opt/microchip/xc16/v1.10/bin/bin/../../lib/dsPIC33E/libp33EP512MU810-elf.a
                    0xf80004                  __FGS = 0xf80004
                    0xf80006                  __FOSCSEL = 0xf80006
                    0xf80008                  __FOSC = 0xf80008
                    0xf8000a                  __FWDT = 0xf8000a
                    0xf8000c                  __FPOR = 0xf8000c
                    0xf8000e                  __FICD = 0xf8000e
                    0xf80010                  __FAS = 0xf80010
                    0xf80012                  __FUID0 = 0xf80012
                    0x0004                  __IVT_BASE = 0x4
                    0x1000                  __DATA_BASE = 0x1000
                    0xd000                  __DATA_LENGTH = 0xd000
                    0x9000                  __YDATA_BASE = 0x9000
                    0xd000                  __DMA_BASE = 0xd000
                    0xdfff                  __DMA_END = 0xdfff
                    0x7fc000                  __CODE_BASE = 0x7fc000
                    0x3ffa                  __CODE_LENGTH = 0x3ffa

.reset            0x000000          0x4
                  0x000000          0x2 SHORT 0x200 ABSOLUTE (__reset)
                  0x000001          0x2 SHORT 0x4
                  0x000002          0x2 SHORT 0x0 ((ABSOLUTE (__reset) >> 0x10) & 0x7f)
                  0x000003          0x2 SHORT 0x0

.text             0x000200       0x3386
 *(.init)
 .init            0x000200         0x2e /opt/microchip/xc16/v1.10/bin/bin/../../lib/liblega-pic30-elf.a(crt0_extendedep.o)
                  0x000200                  __reset
                  0x000200                  __resetPRI
                  0x000222                  __psv_init
 .init            0x00022e         0x9a /opt/microchip/xc16/v1.10/bin/bin/../../lib/liblega-pic30-elf.a(data_init_extendedep.o)
                  0x00022e                  __data_init_extended
                  0x00022e                  __data_init
 *(.user_init)
 *(.handle)
 .handle          0x0002c8        0x164 jump_table
 *(.isr*)
 .isr             0x00042c          0x4 default_isr
                  0x00042c                  __DefaultInterrupt
 *(.libc)
 .libc            0x000430         0xd8 build/default/production/_ext/1658199856/read.o
                  0x000430                  _read
 .libc            0x000508         0xca build/default/production/_ext/1658199856/write.o
                  0x000508                  _write
 .libc            0x0005d2         0x2c /opt/microchip/xc16/v1.10/bin/bin/../../lib/liblega-c-elf.a(sprintf_cdnopuxX.EPeo)
                  0x0005d2                  sprintf_cdnopuxX.EPeo:_prout
                  0x0005e0                  __sprintf_cdnopuxX
 .libc            0x0005fe         0x2c /opt/microchip/xc16/v1.10/bin/bin/../../lib/liblega-c-elf.a(printf_cdnopsuxX.EPeo)
                  0x0005fe                  printf_cdnopsuxX.EPeo:_prout
                  0x00061a                  __printf_cdnopsuxX
                  0x00061a                  __printf_0
                  0x00061a                  __printf_s
                  0x00061a                  __printf_cdnopuxX
 .libc            0x00062a        0x176 /opt/microchip/xc16/v1.10/bin/bin/../../lib/liblega-c-elf.a(xprintf_cdnopsuxX.EPeo)
                  0x00062a                  ___Printf_cdnopsuxX
                  0x00062a                  ___Printf_s
                  0x00062a                  ___Printf_cdnopuxX
 .libc            0x0007a0        0x292 /opt/microchip/xc16/v1.10/bin/bin/../../lib/liblega-c-elf.a(xputfld_cdnopsuxX.EPeo)
                  0x0007a0                  ___Putfld_s
                  0x0007a0                  ___Putfld_cdnopuxX
                  0x0007a0                  ___Putfld_cdnopsuxX
 *(.libm)
 *(.libdsp)
 .libdsp          0x000a32         0x40 build/default/production/_ext/679848855/madd.o
                  0x000a32                  _MatrixAdd
 .libdsp          0x000a72         0x7a build/default/production/_ext/679848855/mmul.o
                  0x000a72                  _MatrixMultiply
 .libdsp          0x000aec         0x3c build/default/production/_ext/679848855/mscl.o
                  0x000aec                  _MatrixScale
 .libdsp          0x000b28         0x4e build/default/production/_ext/679848855/msub.o
                  0x000b28                  _MatrixSubtract
 .libdsp          0x000b76         0x48 build/default/production/_ext/679848855/mtrp.o
                  0x000b76                  _MatrixTranspose
 .libdsp          0x000bbe         0x3e build/default/production/_ext/679848855/vadd.o
                  0x000bbe                  _VectorAdd
 .libdsp          0x000bfc         0xf8 build/default/production/_ext/679848855/vcon.o
                  0x000bfc                  _VectorConvolve
 .libdsp          0x000cf4         0x10 build/default/production/_ext/679848855/vcopy.o
                  0x000cf4                  _VectorCopy
 .libdsp          0x000d04         0x30 build/default/production/_ext/679848855/vcor.o
                  0x000d04                  _VectorCorrelate
 .libdsp          0x000d34         0x3a build/default/production/_ext/679848855/vdot.o
                  0x000d34                  _VectorDotProduct
 .libdsp          0x000d6e         0x1a build/default/production/_ext/679848855/vmax.o
                  0x000d6e                  _VectorMax
 .libdsp          0x000d88         0x1a build/default/production/_ext/679848855/vmin.o
                  0x000d88                  _VectorMin
 .libdsp          0x000da2         0x3c build/default/production/_ext/679848855/vmul.o
                  0x000da2                  _VectorMultiply
 .libdsp          0x000dde         0x40 build/default/production/_ext/679848855/vneg.o
                  0x000dde                  _VectorNegate
 .libdsp          0x000e1e         0x38 build/default/production/_ext/679848855/vpow.o
                  0x000e1e                  _VectorPower
 .libdsp          0x000e56         0x3c build/default/production/_ext/679848855/vscl.o
                  0x000e56                  _VectorScale
 .libdsp          0x000e92         0x4c build/default/production/_ext/679848855/vsub.o
                  0x000e92                  _VectorSubtract
 .libdsp          0x000ede         0x1e build/default/production/_ext/679848855/vzpad.o
                  0x000ede                  _VectorZeroPad
 *(.lib*)
 .libperi         0x000efc          0x8 /opt/microchip/xc16/v1.10/bin/bin/../../lib/dsPIC33E/libp33EP512MU810-elf.a(CloseSPI1.o)
                  0x000efc                  _CloseSPI1
 .libperi         0x000f04          0x8 /opt/microchip/xc16/v1.10/bin/bin/../../lib/dsPIC33E/libp33EP512MU810-elf.a(CloseSPI2.o)
                  0x000f04                  _CloseSPI2
 .libperi         0x000f0c         0x20 /opt/microchip/xc16/v1.10/bin/bin/../../lib/dsPIC33E/libp33EP512MU810-elf.a(ConfigIntSPI1.o)
                  0x000f0c                  _ConfigIntSPI1
 .libperi         0x000f2c         0x20 /opt/microchip/xc16/v1.10/bin/bin/../../lib/dsPIC33E/libp33EP512MU810-elf.a(ConfigIntSPI2.o)
                  0x000f2c                  _ConfigIntSPI2
 .libperi         0x000f4c          0xe /opt/microchip/xc16/v1.10/bin/bin/../../lib/dsPIC33E/libp33EP512MU810-elf.a(OpenSPI1.o)
                  0x000f4c                  _OpenSPI1
 .libperi         0x000f5a          0xe /opt/microchip/xc16/v1.10/bin/bin/../../lib/dsPIC33E/libp33EP512MU810-elf.a(OpenSPI2.o)
                  0x000f5a                  _OpenSPI2
 .libm.subsf3     0x000f68         0xbc /opt/microchip/xc16/v1.10/bin/bin/../../lib/libm-elf.a(addsf3.epeo)
                  0x000f68                  ___subsf3
                  0x000f6a                  ___addsf3
 .libm.divfs3     0x001024         0x84 /opt/microchip/xc16/v1.10/bin/bin/../../lib/libm-elf.a(divsf3.epeo)
                  0x001024                  ___divsf3
 .libm.divsi3     0x0010a8         0x1e /opt/microchip/xc16/v1.10/bin/bin/../../lib/libm-elf.a(divsi3.epeo)
                  0x0010a8                  ___divsi3
 .libm.eqsf2      0x0010c6          0x4 /opt/microchip/xc16/v1.10/bin/bin/../../lib/libm-elf.a(feqltle.epeo)
                  0x0010c6                  ___lesf2
                  0x0010c6                  ___eqsf2
                  0x0010c6                  ___ltsf2
 .libm.gtsf2      0x0010ca          0x4 /opt/microchip/xc16/v1.10/bin/bin/../../lib/libm-elf.a(fgtge.epeo)
                  0x0010ca                  ___gtsf2
                  0x0010ca                  ___gesf2
 .libm.fixsfsi    0x0010ce         0x42 /opt/microchip/xc16/v1.10/bin/bin/../../lib/libm-elf.a(fixsfsi.epeo)
                  0x0010ce                  _(float, int, long long, short, float, short, int)
 .libm.fixunssfsi
                  0x001110         0x36 /opt/microchip/xc16/v1.10/bin/bin/../../lib/libm-elf.a(fixunssfsi.epeo)
                  0x001110                  ___fixunssfsi
 .libm.floatsisf
                  0x001146         0x1c /opt/microchip/xc16/v1.10/bin/bin/../../lib/libm-elf.a(floatsisf.epeo)
                  0x001146                  ___floatsisf
 .libm.floatunsisf
                  0x001162         0x40 /opt/microchip/xc16/v1.10/bin/bin/../../lib/libm-elf.a(floatunsisf.epeo)
                  0x001162                  ___floatunsisf
 .libm.floorf     0x0011a2         0x10 /opt/microchip/xc16/v1.10/bin/bin/../../lib/libm-elf.a(floorf.epeo)
                  0x0011a2                  _floorf
 .libm.fpack      0x0011b2         0x4c /opt/microchip/xc16/v1.10/bin/bin/../../lib/libm-elf.a(fpack.epeo)
                  0x0011b2                  __fpack
 .libm.funpack    0x0011fe         0x2a /opt/microchip/xc16/v1.10/bin/bin/../../lib/libm-elf.a(funpack.epeo)
                  0x0011fe                  __funpack
 .libm.funpack2
                  0x001228         0x10 /opt/microchip/xc16/v1.10/bin/bin/../../lib/libm-elf.a(funpack2.epeo)
                  0x001228                  __funpack2
 .libm.fPropagateNaN
                  0x001238         0x12 /opt/microchip/xc16/v1.10/bin/bin/../../lib/libm-elf.a(futil.epeo)
                  0x001238                  __fPropagateNaN
 .libm.fbobExit
                  0x00124a          0x8 /opt/microchip/xc16/v1.10/bin/bin/../../lib/libm-elf.a(futil.epeo)
                  0x00124a                  __fbopExit
 .libm.fbopReturnNaN
                  0x001252          0x6 /opt/microchip/xc16/v1.10/bin/bin/../../lib/libm-elf.a(futil.epeo)
                  0x001252                  __fbopReturnNaN
 .libm.mulsf3     0x001258         0x68 /opt/microchip/xc16/v1.10/bin/bin/../../lib/libm-elf.a(mulsf3.epeo)
                  0x001258                  ___mulsf3
 .libm.powf       0x0012c0        0x1c6 /opt/microchip/xc16/v1.10/bin/bin/../../lib/libm-elf.a(powf.epeo)
                  0x0012c0                  _powf
 .libm.udivsi3    0x001486         0x20 /opt/microchip/xc16/v1.10/bin/bin/../../lib/libm-elf.a(udivsi3.epeo)
                  0x001486                  ___udivsi3
 .libm.__PplusBdi.__PplusBdi
                  0x0014a6         0x28 /opt/microchip/xc16/v1.10/bin/bin/../../lib/libm-elf.a(divmoddi3.epeo)
 .libm.__PminusBdi.__PminusBdi
                  0x0014ce         0x30 /opt/microchip/xc16/v1.10/bin/bin/../../lib/libm-elf.a(divmoddi3.epeo)
 .libm.__udivmoddi3.__udivmoddi3
                  0x0014fe         0xc4 /opt/microchip/xc16/v1.10/bin/bin/../../lib/libm-elf.a(divmoddi3.epeo)
                  0x0014fe                  ___udivmoddi3
 .libm.__udivdi3.__udivdi3
                  0x0015c2          0xe /opt/microchip/xc16/v1.10/bin/bin/../../lib/libm-elf.a(divmoddi3.epeo)
                  0x0015c2                  ___udivdi3
 .libm.__umoddi3.__umoddi3
                  0x0015d0          0x8 /opt/microchip/xc16/v1.10/bin/bin/../../lib/libm-elf.a(divmoddi3.epeo)
                  0x0015d0                  ___umoddi3
 .libm.__divdi3.__divdi3
                  0x0015d8         0x66 /opt/microchip/xc16/v1.10/bin/bin/../../lib/libm-elf.a(divmoddi3.epeo)
                  0x0015d8                  ___divdi3
 .libm.__moddi3.__moddi3
                  0x00163e         0x5c /opt/microchip/xc16/v1.10/bin/bin/../../lib/libm-elf.a(divmoddi3.epeo)
                  0x00163e                  ___moddi3
 .libm.frexpf     0x00169a         0x1a /opt/microchip/xc16/v1.10/bin/bin/../../lib/libm-elf.a(_frexpf.epeo)
                  0x00169a                  __frexpf
 .libm.expf       0x0016b4         0xc4 /opt/microchip/xc16/v1.10/bin/bin/../../lib/libm-elf.a(expf.epeo)
                  0x0016b4                  _expf
 .libm.fchop      0x001778         0x4e /opt/microchip/xc16/v1.10/bin/bin/../../lib/libm-elf.a(fchop.epeo)
                  0x001778                  __fchop
 .libm.fcompare
                  0x0017c6         0x36 /opt/microchip/xc16/v1.10/bin/bin/../../lib/libm-elf.a(fcompare.epeo)
                  0x0017c6                  __fcompare
 .libm.ldexpf     0x0017fc         0x44 /opt/microchip/xc16/v1.10/bin/bin/../../lib/libm-elf.a(ldexpf.epeo)
                  0x0017fc                  _ldexpf
 .libm.logf       0x001840         0xae /opt/microchip/xc16/v1.10/bin/bin/../../lib/libm-elf.a(logf.epeo)
                  0x001840                  _logf
 .libc.prout.prout
                  0x0018ee         0x1c /opt/microchip/xc16/v1.10/bin/bin/../../lib/liblega-c-elf.a(printf.EPeo)
                  0x0018ee                  printf.EPeo:_prout
 .libc.printf.printf
                  0x00190a         0x10 /opt/microchip/xc16/v1.10/bin/bin/../../lib/liblega-c-elf.a(printf.EPeo)
                  0x00190a                  _printf
 .libc._Printf._Printf
                  0x00191a        0x176 /opt/microchip/xc16/v1.10/bin/bin/../../lib/liblega-c-elf.a(xprintf.EPeo)
                  0x00191a                  __Printf
 .libc._Putfld._Putfld
                  0x001a90        0x2fa /opt/microchip/xc16/v1.10/bin/bin/../../lib/liblega-c-elf.a(xputfld.EPeo)
                  0x001a90                  __Putfld
 .libc.fwrite.fwrite
                  0x001d8a         0xaa /opt/microchip/xc16/v1.10/bin/bin/../../lib/liblega-c-elf.a(fwrite.EPeo)
                  0x001d8a                  _fwrite
 .libc.memchr.memchr
                  0x001e34         0x12 /opt/microchip/xc16/v1.10/bin/bin/../../lib/liblega-c-elf.a(memchr.EPeo)
                  0x001e34                  _memchr
 .libc.memcpy.memcpy
                  0x001e46          0xe /opt/microchip/xc16/v1.10/bin/bin/../../lib/liblega-c-elf.a(memcpy.EPeo)
                  0x001e46                  _memcpy
 .libc.memset.memset
                  0x001e54          0xe /opt/microchip/xc16/v1.10/bin/bin/../../lib/liblega-c-elf.a(memset.EPeo)
                  0x001e54                  _memset
 .libc.putchar.putchar
                  0x001e62          0x6 /opt/microchip/xc16/v1.10/bin/bin/../../lib/liblega-c-elf.a(putchar.EPeo)
                  0x001e62                  _putchar
 .libc.puts.puts
                  0x001e68         0x16 /opt/microchip/xc16/v1.10/bin/bin/../../lib/liblega-c-elf.a(puts.EPeo)
                  0x001e68                  _puts
 .libc.strchr.strchr
                  0x001e7e         0x12 /opt/microchip/xc16/v1.10/bin/bin/../../lib/liblega-c-elf.a(strchr.EPeo)
                  0x001e7e                  _strchr
 .libc.strcmp.strcmp
                  0x001e90         0x1c /opt/microchip/xc16/v1.10/bin/bin/../../lib/liblega-c-elf.a(strcmp.EPeo)
                  0x001e90                  _strcmp
 .libc.strlen.strlen
                  0x001eac         0x10 /opt/microchip/xc16/v1.10/bin/bin/../../lib/liblega-c-elf.a(strlen.EPeo)
                  0x001eac                  _strlen
 .libc._Fwprep._Fwprep
                  0x001ebc         0x8e /opt/microchip/xc16/v1.10/bin/bin/../../lib/liblega-c-elf.a(xfwprep.EPeo)
                  0x001ebc                  __Fwprep
 .libc._Ldtob._Ldtob
                  0x001f4a        0x462 /opt/microchip/xc16/v1.10/bin/bin/../../lib/liblega-c-elf.a(xldtob.EPeo)
                  0x001f4a                  __Ldtob
 .libc._LDunscale._LDunscale
                  0x0023ac         0x54 /opt/microchip/xc16/v1.10/bin/bin/../../lib/liblega-c-elf.a(xldunsca.EPeo)
                  0x0023ac                  __LDunscale
 .libc._Litob._Litob
                  0x002400        0x29c /opt/microchip/xc16/v1.10/bin/bin/../../lib/liblega-c-elf.a(xlitob.EPeo)
                  0x002400                  __Litob
 .libc._Puttxt._Puttxt
                  0x00269c        0x178 /opt/microchip/xc16/v1.10/bin/bin/../../lib/liblega-c-elf.a(xputtxt.EPeo)
                  0x00269c                  __Puttxt
 .libc._Vacopy._Vacopy
                  0x002814          0x4 /opt/microchip/xc16/v1.10/bin/bin/../../lib/liblega-c-elf.a(xvacopy.EPeo)
                  0x002814                  __Vacopy
 .libc.closeallreg.closeallreg
                  0x002818          0x6 /opt/microchip/xc16/v1.10/bin/bin/../../lib/liblega-c-elf.a(fclose.EPelo)
 .libc._Closreg._Closreg
                  0x00281e         0x14 /opt/microchip/xc16/v1.10/bin/bin/../../lib/liblega-c-elf.a(fclose.EPelo)
                  0x00281e                  __Closreg
 .libc.fclose.fclose
                  0x002832         0x88 /opt/microchip/xc16/v1.10/bin/bin/../../lib/liblega-c-elf.a(fclose.EPelo)
                  0x002832                  _fclose
 .libc.closeall.closeall
                  0x0028ba         0x1a /opt/microchip/xc16/v1.10/bin/bin/../../lib/liblega-c-elf.a(fclose.EPelo)
                  0x0028ba                  fclose.EPelo:_closeall
 .libc._DNKfflush._DNKfflush
                  0x0028d4         0x80 /opt/microchip/xc16/v1.10/bin/bin/../../lib/liblega-c-elf.a(fflush.EPelo)
                  0x0028d4                  __DNKfflush
 .libc.fputc.fputc
                  0x002954         0x52 /opt/microchip/xc16/v1.10/bin/bin/../../lib/liblega-c-elf.a(fputc.EPelo)
                  0x002954                  _fputc
 .libc.fputs.fputs
                  0x0029a6         0x9a /opt/microchip/xc16/v1.10/bin/bin/../../lib/liblega-c-elf.a(fputs.EPelo)
                  0x0029a6                  _fputs
 .libc.ldiv.ldiv
                  0x002a40         0x2a /opt/microchip/xc16/v1.10/bin/bin/../../lib/liblega-c-elf.a(ldiv.EPelo)
                  0x002a40                  _ldiv
 .libc.strrchr.strrchr
                  0x002a6a         0x16 /opt/microchip/xc16/v1.10/bin/bin/../../lib/liblega-c-elf.a(strrchr.EPelo)
                  0x002a6a                  _strrchr
 .libc._Atexit._Atexit
                  0x002a80         0x1a /opt/microchip/xc16/v1.10/bin/bin/../../lib/liblega-c-elf.a(xatexit.EPelo)
                  0x002a80                  __Atexit
 .libc._Dnorm._Dnorm
                  0x002a9a         0x9a /opt/microchip/xc16/v1.10/bin/bin/../../lib/liblega-c-elf.a(xdnorm.EPelo)
                  0x002a9a                  __Dnorm
 .libc._LDscale._LDscale
                  0x002b34         0xf4 /opt/microchip/xc16/v1.10/bin/bin/../../lib/liblega-c-elf.a(xldscale.EPelo)
                  0x002b34                  __LDscale
 .libc.free.free
                  0x002c28         0x64 /opt/microchip/xc16/v1.10/bin/bin/../../lib/liblega-c-elf.a(free.EPeo)
                  0x002c28                  _free
 .libc.findmem.findmem
                  0x002c8c         0x64 /opt/microchip/xc16/v1.10/bin/bin/../../lib/liblega-c-elf.a(malloc.EPeo)
 .libc.malloc.malloc
                  0x002cf0         0x54 /opt/microchip/xc16/v1.10/bin/bin/../../lib/liblega-c-elf.a(malloc.EPeo)
                  0x002cf0                  _malloc
 .libc._Genld._Genld
                  0x002d44        0x272 /opt/microchip/xc16/v1.10/bin/bin/../../lib/liblega-c-elf.a(xgenld.EPeo)
                  0x002d44                  __Genld
 .libc._Getmem._Getmem
                  0x002fb6         0x14 /opt/microchip/xc16/v1.10/bin/bin/../../lib/liblega-c-elf.a(xgetmem.EPeo)
                  0x002fb6                  __Getmem
 .libc.div.div    0x002fca         0x16 /opt/microchip/xc16/v1.10/bin/bin/../../lib/liblega-c-elf.a(div.EPelo)
                  0x002fca                  _div
 .libc.doclose.doclose
                  0x002fe0          0x4 /opt/microchip/xc16/v1.10/bin/bin/../../lib/liblega-pic30-elf.a(closeep.Leo)
 .libc.close      0x002fe4         0x12 /opt/microchip/xc16/v1.10/bin/bin/../../lib/liblega-pic30-elf.a(closeep.Leo)
                  0x002fe4                  _close
 .libc.doremove.doremove
                  0x002ff6          0x4 /opt/microchip/xc16/v1.10/bin/bin/../../lib/liblega-pic30-elf.a(removeep.Leo)
 .libc.remove     0x002ffa         0x12 /opt/microchip/xc16/v1.10/bin/bin/../../lib/liblega-pic30-elf.a(removeep.Leo)
                  0x002ffa                  _remove
 .libc.sbrk       0x00300c         0x28 /opt/microchip/xc16/v1.10/bin/bin/../../lib/liblega-pic30-elf.a(sbrkep.Leo)
                  0x00300c                  _sbrk
 .libc.brk        0x003034         0x1c /opt/microchip/xc16/v1.10/bin/bin/../../lib/liblega-pic30-elf.a(brkep.Lelo)
                  0x003034                  _brk
 .libm.eqdf2      0x003050          0xa /opt/microchip/xc16/v1.10/bin/bin/../../lib/libm-elf.a(deqltle.epeo)
                  0x003050                  ___ledf2
                  0x003050                  ___eqdf2
                  0x003050                  ___ltdf2
 .libm.gtdf2      0x00305a          0xa /opt/microchip/xc16/v1.10/bin/bin/../../lib/libm-elf.a(dgtge.epeo)
                  0x00305a                  ___gedf2
                  0x00305a                  ___gtdf2
 .libm.divdf3     0x003064         0xb4 /opt/microchip/xc16/v1.10/bin/bin/../../lib/libm-elf.a(divdf3.epeo)
                  0x003064                  ___divdf3
 .libm.dpack      0x003118         0x58 /opt/microchip/xc16/v1.10/bin/bin/../../lib/libm-elf.a(dpack.epeo)
                  0x003118                  __dpack
 .libm.dunpack2
                  0x003170         0x32 /opt/microchip/xc16/v1.10/bin/bin/../../lib/libm-elf.a(dunpack2.epeo)
                  0x003170                  __dunpack2
                  0x003192                  __dreturnNaN
                  0x003198                  __dunpack2exit
 .libm.extendsfdf2
                  0x0031a2         0x3e /opt/microchip/xc16/v1.10/bin/bin/../../lib/libm-elf.a(extendsfdf.epeo)
                  0x0031a2                  ___extendsfdf2
 .libm.fixdfsi    0x0031e0         0x58 /opt/microchip/xc16/v1.10/bin/bin/../../lib/libm-elf.a(fixdfsi.epeo)
                  0x0031e0                  _(float, int, long long, double, float, short, int)
 .libm.floatsidf
                  0x003238          0x6 /opt/microchip/xc16/v1.10/bin/bin/../../lib/libm-elf.a(floatsidf.epeo)
                  0x003238                  ___floatsidf
 .libm.muldf3     0x00323e         0xea /opt/microchip/xc16/v1.10/bin/bin/../../lib/libm-elf.a(muldf3.epeo)
                  0x00323e                  ___muldf3
 .libm.subdf3     0x003328          0x4 /opt/microchip/xc16/v1.10/bin/bin/../../lib/libm-elf.a(subdf3.epeo)
                  0x003328                  ___subdf3
 .libm.umodsi3    0x00332c          0x6 /opt/microchip/xc16/v1.10/bin/bin/../../lib/libm-elf.a(umodsi3.epeo)
                  0x00332c                  ___umodsi3
 .libm.mulsi3     0x003332          0xc /opt/microchip/xc16/v1.10/bin/bin/../../lib/libm-elf.a(mulsi3.epeo)
                  0x003332                  ___mulp32eds3
                  0x003332                  ___mulp32peds3
                  0x003332                  ___mulsi3
 .libm.adddf3     0x00333e         0xfa /opt/microchip/xc16/v1.10/bin/bin/../../lib/libm-elf.a(adddf3.epeo)
                  0x00333e                  ___adddf3
 .libm.dcompare
                  0x003438         0x52 /opt/microchip/xc16/v1.10/bin/bin/../../lib/libm-elf.a(dcompare.epeo)
                  0x003438                  __dcompare
 .libm.dPropagateNaN
                  0x00348a         0x1c /opt/microchip/xc16/v1.10/bin/bin/../../lib/libm-elf.a(dpropagateNaN.epeo)
                  0x00348a                  __dPropagateNaN
 .libm.dtype      0x0034a6         0x24 /opt/microchip/xc16/v1.10/bin/bin/../../lib/libm-elf.a(dtype.epeo)
                  0x0034a6                  __dtype
 .libm.dunpack    0x0034ca         0x4e /opt/microchip/xc16/v1.10/bin/bin/../../lib/libm-elf.a(dunpack.epeo)
                  0x0034ca                  __dunpack
 .libm.floatdidf
                  0x003518         0x6e /opt/microchip/xc16/v1.10/bin/bin/../../lib/libm-elf.a(floatdidf.epeo)
                  0x003518                  ___floatdidf

usercode
 *(usercode)

__FGS
 *(__FGS.sec*)

__FOSCSEL
 *(__FOSCSEL.sec*)

__FOSC
 *(__FOSC.sec*)

__FWDT
 *(__FWDT.sec*)

__FPOR
 *(__FPOR.sec*)

__FICD
 *(__FICD.sec*)

__FAS
 *(__FAS.sec*)

__FUID0
 *(__FUID0.sec*)

.comment          0x000000         0x5e
 *(.comment)
 .comment         0x000000         0x5e /opt/microchip/xc16/v1.10/bin/bin/../../lib/liblega-c-elf.a(xfiles.EPeo)

.debug_info       0x000000      0x2a874
 *(.debug_info)
 .debug_info      0x000000       0x106c build/default/production/_ext/1658199856/read.o
 .debug_info      0x00106c       0x1051 build/default/production/_ext/1658199856/write.o
 .debug_info      0x0020bd        0x9f1 build/default/production/_ext/1658199856/uart.o
 .debug_info      0x002aae        0x9c8 build/default/production/_ext/1658199856/commands.o
 .debug_info      0x003476        0x6cf build/default/production/_ext/1077471063/estWind.o
 .debug_info      0x003b45        0x4af build/default/production/_ext/1077471063/estYawDrift.o
 .debug_info      0x003ff4        0xbec build/default/production/_ext/1077471063/gpsParseCommon.o
 .debug_info      0x004be0        0x17e build/default/production/_ext/1077471063/gpsParseSTD.o
 .debug_info      0x004d5e       0x1162 build/default/production/_ext/1077471063/gpsParseUBX.o
 .debug_info      0x005ec0        0x8fa build/default/production/_ext/1077471063/mathlibNAV.o
 .debug_info      0x0067ba       0x1291 build/default/production/_ext/1077471063/rmat.o
 .debug_info      0x007a4b        0x702 build/default/production/_ext/1077471063/libDCM.o
 .debug_info      0x00814d        0x713 build/default/production/_ext/1077471063/deadReckoning.o
 .debug_info      0x008860        0x17f build/default/production/_ext/1077471063/gpsParseMTEK.o
 .debug_info      0x0089df        0x405 build/default/production/_ext/1077471063/estAltitude.o
 .debug_info      0x008de4       0x1b99 build/default/production/_ext/1077454706/background.o
 .debug_info      0x00a97d        0x6f7 build/default/production/_ext/1077454706/libUDB.o
 .debug_info      0x00b074        0x17d build/default/production/_ext/1077454706/analog2digital_udb4.o
 .debug_info      0x00b1f1       0x1388 build/default/production/_ext/1077454706/servoOut.o
 .debug_info      0x00c579        0x16d build/default/production/_ext/1077454706/osd.o
 .debug_info      0x00c6e6        0x171 build/default/production/_ext/1077454706/24LC256.o
 .debug_info      0x00c857        0xf21 build/default/production/_ext/1077454706/events.o
 .debug_info      0x00d778        0xe63 build/default/production/_ext/1077454706/mpu6000.o
 .debug_info      0x00e5db       0x162b build/default/production/_ext/1077454706/spiUtils.o
 .debug_info      0x00fc06       0x1aa9 build/default/production/_ext/1077454706/analog2digital_auav3.o
 .debug_info      0x0116af         0xc5 build/default/production/_ext/1077454706/traps_asm.o
 .debug_info      0x011774       0x3349 build/default/production/_ext/1077454706/mcu.o
 .debug_info      0x014abd        0x4f2 build/default/production/_ext/1077454706/magnetometer.o
 .debug_info      0x014faf       0x2bc7 build/default/production/_ext/1077454706/radioIn.o
 .debug_info      0x017b76       0x18dc build/default/production/_ext/1077454706/serialIO.o
 .debug_info      0x019452        0x527 build/default/production/_ext/1077454706/traps.o
 .debug_info      0x019979        0x16e build/default/production/_ext/1077454706/I2C1.o
 .debug_info      0x019ae7       0x11a3 build/default/production/_ext/1077454706/I2C2.o
 .debug_info      0x01ac8a        0x6af build/default/production/_ext/1077454706/barometer.o
 .debug_info      0x01b339         0xc9 build/default/production/_ext/679848855/madd.o
 .debug_info      0x01b402         0xc9 build/default/production/_ext/679848855/mmul.o
 .debug_info      0x01b4cb         0xc9 build/default/production/_ext/679848855/mscl.o
 .debug_info      0x01b594         0xc9 build/default/production/_ext/679848855/msub.o
 .debug_info      0x01b65d         0xc9 build/default/production/_ext/679848855/mtrp.o
 .debug_info      0x01b726         0xc9 build/default/production/_ext/679848855/vadd.o
 .debug_info      0x01b7ef         0xc9 build/default/production/_ext/679848855/vcon.o
 .debug_info      0x01b8b8         0xca build/default/production/_ext/679848855/vcopy.o
 .debug_info      0x01b982         0xc9 build/default/production/_ext/679848855/vcor.o
 .debug_info      0x01ba4b         0xc9 build/default/production/_ext/679848855/vdot.o
 .debug_info      0x01bb14         0xc9 build/default/production/_ext/679848855/vmax.o
 .debug_info      0x01bbdd         0xc9 build/default/production/_ext/679848855/vmin.o
 .debug_info      0x01bca6         0xc9 build/default/production/_ext/679848855/vmul.o
 .debug_info      0x01bd6f         0xc9 build/default/production/_ext/679848855/vneg.o
 .debug_info      0x01be38         0xc9 build/default/production/_ext/679848855/vpow.o
 .debug_info      0x01bf01         0xc9 build/default/production/_ext/679848855/vscl.o
 .debug_info      0x01bfca         0xc9 build/default/production/_ext/679848855/vsub.o
 .debug_info      0x01c093         0xca build/default/production/_ext/679848855/vzpad.o
 .debug_info      0x01c15d        0x175 build/default/production/_ext/1472/config_tests.o
 .debug_info      0x01c2d2        0x6ae build/default/production/_ext/1472/behavior.o
 .debug_info      0x01c980        0x518 build/default/production/_ext/1472/cameraCntrl.o
 .debug_info      0x01ce98        0xc51 build/default/production/_ext/1472/navigate.o
 .debug_info      0x01dae9        0x8ac build/default/production/_ext/1472/pitchCntrl.o
 .debug_info      0x01e395        0x70c build/default/production/_ext/1472/rollCntrl.o
 .debug_info      0x01eaa1        0x5e1 build/default/production/_ext/1472/servoMix.o
 .debug_info      0x01f082        0xb3e build/default/production/_ext/1472/states.o
 .debug_info      0x01fbc0        0x80b build/default/production/_ext/1472/yawCntrl.o
 .debug_info      0x0203cb        0x172 build/default/production/_ext/1472/telemetry.o
 .debug_info      0x02053d        0x4e3 build/default/production/_ext/1472/servoPrepare.o
 .debug_info      0x020a20        0x9b5 build/default/production/_ext/1472/flightplan-waypoints.o
 .debug_info      0x0213d5        0x178 build/default/production/_ext/1472/flightplan-logo.o
 .debug_info      0x02154d        0x16f build/default/production/_ext/1472/mp_osd.o
 .debug_info      0x0216bc        0xb09 build/default/production/_ext/1472/altitudeCntrl.o
 .debug_info      0x0221c5       0x68d3 build/default/production/_ext/1472/MAVLink.o
 .debug_info      0x028a98        0x4f9 build/default/production/_ext/1472/mode_switch.o
 .debug_info      0x028f91        0x16d build/default/production/_ext/1472/data_services.o
 .debug_info      0x0290fe        0x16c build/default/production/_ext/1472/data_storage.o
 .debug_info      0x02926a        0x178 build/default/production/_ext/1472/nv_memory_table.o
 .debug_info      0x0293e2        0xc62 build/default/production/_ext/1472/parameter_table.o
 .debug_info      0x02a044        0x2d0 build/default/production/_ext/1472/airspeedCntrl.o
 .debug_info      0x02a314        0x17e build/default/production/_ext/1472/altitudeCntrlVariable.o
 .debug_info      0x02a492        0x25d build/default/production/_ext/1472/euler_angles.o
 .debug_info      0x02a6ef        0x185 build/default/production/_ext/1472/main.o
 *(.gnu.linkonce.wi.*)

.debug_abbrev     0x000000       0x3b3d
 *(.debug_abbrev)
 .debug_abbrev    0x000000        0x119 build/default/production/_ext/1658199856/read.o
 .debug_abbrev    0x000119        0x110 build/default/production/_ext/1658199856/write.o
 .debug_abbrev    0x000229        0x1dc build/default/production/_ext/1658199856/uart.o
 .debug_abbrev    0x000405        0x1e4 build/default/production/_ext/1658199856/commands.o
 .debug_abbrev    0x0005e9         0xeb build/default/production/_ext/1077471063/estWind.o
 .debug_abbrev    0x0006d4         0xcf build/default/production/_ext/1077471063/estYawDrift.o
 .debug_abbrev    0x0007a3        0x142 build/default/production/_ext/1077471063/gpsParseCommon.o
 .debug_abbrev    0x0008e5         0x1f build/default/production/_ext/1077471063/gpsParseSTD.o
 .debug_abbrev    0x000904        0x196 build/default/production/_ext/1077471063/gpsParseUBX.o
 .debug_abbrev    0x000a9a        0x182 build/default/production/_ext/1077471063/mathlibNAV.o
 .debug_abbrev    0x000c1c        0x215 build/default/production/_ext/1077471063/rmat.o
 .debug_abbrev    0x000e31        0x111 build/default/production/_ext/1077471063/libDCM.o
 .debug_abbrev    0x000f42         0xda build/default/production/_ext/1077471063/deadReckoning.o
 .debug_abbrev    0x00101c         0x1f build/default/production/_ext/1077471063/gpsParseMTEK.o
 .debug_abbrev    0x00103b         0xa9 build/default/production/_ext/1077471063/estAltitude.o
 .debug_abbrev    0x0010e4        0x169 build/default/production/_ext/1077454706/background.o
 .debug_abbrev    0x00124d        0x1ac build/default/production/_ext/1077454706/libUDB.o
 .debug_abbrev    0x0013f9         0x1f build/default/production/_ext/1077454706/analog2digital_udb4.o
 .debug_abbrev    0x001418        0x12e build/default/production/_ext/1077454706/servoOut.o
 .debug_abbrev    0x001546         0x1f build/default/production/_ext/1077454706/osd.o
 .debug_abbrev    0x001565         0x1f build/default/production/_ext/1077454706/24LC256.o
 .debug_abbrev    0x001584        0x1b6 build/default/production/_ext/1077454706/events.o
 .debug_abbrev    0x00173a        0x128 build/default/production/_ext/1077454706/mpu6000.o
 .debug_abbrev    0x001862        0x1e1 build/default/production/_ext/1077454706/spiUtils.o
 .debug_abbrev    0x001a43        0x186 build/default/production/_ext/1077454706/analog2digital_auav3.o
 .debug_abbrev    0x001bc9         0x14 build/default/production/_ext/1077454706/traps_asm.o
 .debug_abbrev    0x001bdd        0x124 build/default/production/_ext/1077454706/mcu.o
 .debug_abbrev    0x001d01        0x107 build/default/production/_ext/1077454706/magnetometer.o
 .debug_abbrev    0x001e08        0x18c build/default/production/_ext/1077454706/radioIn.o
 .debug_abbrev    0x001f94        0x153 build/default/production/_ext/1077454706/serialIO.o
 .debug_abbrev    0x0020e7         0xe3 build/default/production/_ext/1077454706/traps.o
 .debug_abbrev    0x0021ca         0x1f build/default/production/_ext/1077454706/I2C1.o
 .debug_abbrev    0x0021e9        0x1e9 build/default/production/_ext/1077454706/I2C2.o
 .debug_abbrev    0x0023d2        0x178 build/default/production/_ext/1077454706/barometer.o
 .debug_abbrev    0x00254a         0x14 build/default/production/_ext/679848855/madd.o
 .debug_abbrev    0x00255e         0x14 build/default/production/_ext/679848855/mmul.o
 .debug_abbrev    0x002572         0x14 build/default/production/_ext/679848855/mscl.o
 .debug_abbrev    0x002586         0x14 build/default/production/_ext/679848855/msub.o
 .debug_abbrev    0x00259a         0x14 build/default/production/_ext/679848855/mtrp.o
 .debug_abbrev    0x0025ae         0x14 build/default/production/_ext/679848855/vadd.o
 .debug_abbrev    0x0025c2         0x14 build/default/production/_ext/679848855/vcon.o
 .debug_abbrev    0x0025d6         0x14 build/default/production/_ext/679848855/vcopy.o
 .debug_abbrev    0x0025ea         0x14 build/default/production/_ext/679848855/vcor.o
 .debug_abbrev    0x0025fe         0x14 build/default/production/_ext/679848855/vdot.o
 .debug_abbrev    0x002612         0x14 build/default/production/_ext/679848855/vmax.o
 .debug_abbrev    0x002626         0x14 build/default/production/_ext/679848855/vmin.o
 .debug_abbrev    0x00263a         0x14 build/default/production/_ext/679848855/vmul.o
 .debug_abbrev    0x00264e         0x14 build/default/production/_ext/679848855/vneg.o
 .debug_abbrev    0x002662         0x14 build/default/production/_ext/679848855/vpow.o
 .debug_abbrev    0x002676         0x14 build/default/production/_ext/679848855/vscl.o
 .debug_abbrev    0x00268a         0x14 build/default/production/_ext/679848855/vsub.o
 .debug_abbrev    0x00269e         0x14 build/default/production/_ext/679848855/vzpad.o
 .debug_abbrev    0x0026b2         0x1f build/default/production/_ext/1472/config_tests.o
 .debug_abbrev    0x0026d1         0xff build/default/production/_ext/1472/behavior.o
 .debug_abbrev    0x0027d0        0x103 build/default/production/_ext/1472/cameraCntrl.o
 .debug_abbrev    0x0028d3        0x18c build/default/production/_ext/1472/navigate.o
 .debug_abbrev    0x002a5f        0x135 build/default/production/_ext/1472/pitchCntrl.o
 .debug_abbrev    0x002b94        0x117 build/default/production/_ext/1472/rollCntrl.o
 .debug_abbrev    0x002cab         0xf2 build/default/production/_ext/1472/servoMix.o
 .debug_abbrev    0x002d9d        0x18b build/default/production/_ext/1472/states.o
 .debug_abbrev    0x002f28        0x124 build/default/production/_ext/1472/yawCntrl.o
 .debug_abbrev    0x00304c         0x1f build/default/production/_ext/1472/telemetry.o
 .debug_abbrev    0x00306b         0xd7 build/default/production/_ext/1472/servoPrepare.o
 .debug_abbrev    0x003142        0x18d build/default/production/_ext/1472/flightplan-waypoints.o
 .debug_abbrev    0x0032cf         0x1f build/default/production/_ext/1472/flightplan-logo.o
 .debug_abbrev    0x0032ee         0x1f build/default/production/_ext/1472/mp_osd.o
 .debug_abbrev    0x00330d        0x19f build/default/production/_ext/1472/altitudeCntrl.o
 .debug_abbrev    0x0034ac        0x322 build/default/production/_ext/1472/MAVLink.o
 .debug_abbrev    0x0037ce         0xd7 build/default/production/_ext/1472/mode_switch.o
 .debug_abbrev    0x0038a5         0x1f build/default/production/_ext/1472/data_services.o
 .debug_abbrev    0x0038c4         0x1f build/default/production/_ext/1472/data_storage.o
 .debug_abbrev    0x0038e3         0x1f build/default/production/_ext/1472/nv_memory_table.o
 .debug_abbrev    0x003902        0x11a build/default/production/_ext/1472/parameter_table.o
 .debug_abbrev    0x003a1c         0x3d build/default/production/_ext/1472/airspeedCntrl.o
 .debug_abbrev    0x003a59         0x1f build/default/production/_ext/1472/altitudeCntrlVariable.o
 .debug_abbrev    0x003a78         0x8f build/default/production/_ext/1472/euler_angles.o
 .debug_abbrev    0x003b07         0x36 build/default/production/_ext/1472/main.o

.debug_line       0x000000       0xcecf
 *(.debug_line)
 .debug_line      0x000000        0x1b6 build/default/production/_ext/1658199856/read.o
 .debug_line      0x0001b6        0x1a7 build/default/production/_ext/1658199856/write.o
 .debug_line      0x00035d        0x3dd build/default/production/_ext/1658199856/uart.o
 .debug_line      0x00073a        0x5a7 build/default/production/_ext/1658199856/commands.o
 .debug_line      0x000ce1        0x2ee build/default/production/_ext/1077471063/estWind.o
 .debug_line      0x000fcf        0x1ae build/default/production/_ext/1077471063/estYawDrift.o
 .debug_line      0x00117d        0x3ff build/default/production/_ext/1077471063/gpsParseCommon.o
 .debug_line      0x00157c         0x24 build/default/production/_ext/1077471063/gpsParseSTD.o
 .debug_line      0x0015a0        0x809 build/default/production/_ext/1077471063/gpsParseUBX.o
 .debug_line      0x001da9        0x7d4 build/default/production/_ext/1077471063/mathlibNAV.o
 .debug_line      0x00257d        0xb38 build/default/production/_ext/1077471063/rmat.o
 .debug_line      0x0030b5        0x31b build/default/production/_ext/1077471063/libDCM.o
 .debug_line      0x0033d0        0x32e build/default/production/_ext/1077471063/deadReckoning.o
 .debug_line      0x0036fe         0x24 build/default/production/_ext/1077471063/gpsParseMTEK.o
 .debug_line      0x003722        0x140 build/default/production/_ext/1077471063/estAltitude.o
 .debug_line      0x003862        0x413 build/default/production/_ext/1077454706/background.o
 .debug_line      0x003c75        0x24a build/default/production/_ext/1077454706/libUDB.o
 .debug_line      0x003ebf         0x24 build/default/production/_ext/1077454706/analog2digital_udb4.o
 .debug_line      0x003ee3        0x318 build/default/production/_ext/1077454706/servoOut.o
 .debug_line      0x0041fb         0x24 build/default/production/_ext/1077454706/osd.o
 .debug_line      0x00421f         0x24 build/default/production/_ext/1077454706/24LC256.o
 .debug_line      0x004243        0x339 build/default/production/_ext/1077454706/events.o
 .debug_line      0x00457c        0x2b0 build/default/production/_ext/1077454706/mpu6000.o
 .debug_line      0x00482c        0x4cd build/default/production/_ext/1077454706/spiUtils.o
 .debug_line      0x004cf9        0x3ff build/default/production/_ext/1077454706/analog2digital_auav3.o
 .debug_line      0x0050f8         0x5b build/default/production/_ext/1077454706/traps_asm.o
 .debug_line      0x005153        0x42f build/default/production/_ext/1077454706/mcu.o
 .debug_line      0x005582        0x303 build/default/production/_ext/1077454706/magnetometer.o
 .debug_line      0x005885        0x2a3 build/default/production/_ext/1077454706/radioIn.o
 .debug_line      0x005b28        0x50b build/default/production/_ext/1077454706/serialIO.o
 .debug_line      0x006033        0x219 build/default/production/_ext/1077454706/traps.o
 .debug_line      0x00624c         0x24 build/default/production/_ext/1077454706/I2C1.o
 .debug_line      0x006270        0x827 build/default/production/_ext/1077454706/I2C2.o
 .debug_line      0x006a97        0x36d build/default/production/_ext/1077454706/barometer.o
 .debug_line      0x006e04         0x69 build/default/production/_ext/679848855/madd.o
 .debug_line      0x006e6d         0x83 build/default/production/_ext/679848855/mmul.o
 .debug_line      0x006ef0         0x69 build/default/production/_ext/679848855/mscl.o
 .debug_line      0x006f59         0x6e build/default/production/_ext/679848855/msub.o
 .debug_line      0x006fc7         0x6b build/default/production/_ext/679848855/mtrp.o
 .debug_line      0x007032         0x68 build/default/production/_ext/679848855/vadd.o
 .debug_line      0x00709a         0xc0 build/default/production/_ext/679848855/vcon.o
 .debug_line      0x00715a         0x52 build/default/production/_ext/679848855/vcopy.o
 .debug_line      0x0071ac         0x61 build/default/production/_ext/679848855/vcor.o
 .debug_line      0x00720d         0x68 build/default/production/_ext/679848855/vdot.o
 .debug_line      0x007275         0x56 build/default/production/_ext/679848855/vmax.o
 .debug_line      0x0072cb         0x56 build/default/production/_ext/679848855/vmin.o
 .debug_line      0x007321         0x69 build/default/production/_ext/679848855/vmul.o
 .debug_line      0x00738a         0x6b build/default/production/_ext/679848855/vneg.o
 .debug_line      0x0073f5         0x67 build/default/production/_ext/679848855/vpow.o
 .debug_line      0x00745c         0x69 build/default/production/_ext/679848855/vscl.o
 .debug_line      0x0074c5         0x6d build/default/production/_ext/679848855/vsub.o
 .debug_line      0x007532         0x58 build/default/production/_ext/679848855/vzpad.o
 .debug_line      0x00758a         0x24 build/default/production/_ext/1472/config_tests.o
 .debug_line      0x0075ae        0x33a build/default/production/_ext/1472/behavior.o
 .debug_line      0x0078e8        0x1bf build/default/production/_ext/1472/cameraCntrl.o
 .debug_line      0x007aa7        0x5aa build/default/production/_ext/1472/navigate.o
 .debug_line      0x008051        0x320 build/default/production/_ext/1472/pitchCntrl.o
 .debug_line      0x008371        0x251 build/default/production/_ext/1472/rollCntrl.o
 .debug_line      0x0085c2        0x210 build/default/production/_ext/1472/servoMix.o
 .debug_line      0x0087d2        0x84e build/default/production/_ext/1472/states.o
 .debug_line      0x009020        0x27e build/default/production/_ext/1472/yawCntrl.o
 .debug_line      0x00929e         0x24 build/default/production/_ext/1472/telemetry.o
 .debug_line      0x0092c2        0x1e9 build/default/production/_ext/1472/servoPrepare.o
 .debug_line      0x0094ab        0x42f build/default/production/_ext/1472/flightplan-waypoints.o
 .debug_line      0x0098da         0x24 build/default/production/_ext/1472/flightplan-logo.o
 .debug_line      0x0098fe         0x24 build/default/production/_ext/1472/mp_osd.o
 .debug_line      0x009922        0x457 build/default/production/_ext/1472/altitudeCntrl.o
 .debug_line      0x009d79       0x2a2e build/default/production/_ext/1472/MAVLink.o
 .debug_line      0x00c7a7        0x231 build/default/production/_ext/1472/mode_switch.o
 .debug_line      0x00c9d8         0x24 build/default/production/_ext/1472/data_services.o
 .debug_line      0x00c9fc         0x24 build/default/production/_ext/1472/data_storage.o
 .debug_line      0x00ca20         0x24 build/default/production/_ext/1472/nv_memory_table.o
 .debug_line      0x00ca44        0x1a4 build/default/production/_ext/1472/parameter_table.o
 .debug_line      0x00cbe8         0xc0 build/default/production/_ext/1472/airspeedCntrl.o
 .debug_line      0x00cca8         0x24 build/default/production/_ext/1472/altitudeCntrlVariable.o
 .debug_line      0x00cccc        0x156 build/default/production/_ext/1472/euler_angles.o
 .debug_line      0x00ce22         0x93 build/default/production/_ext/1472/main.o
 .debug_line      0x00ceb5         0x1a build/default/production/stack.o

.debug_frame      0x000000       0x2364
 *(.debug_frame)
 .debug_frame     0x000000         0x24 build/default/production/_ext/1658199856/read.o
 .debug_frame     0x000024         0x24 build/default/production/_ext/1658199856/write.o
 .debug_frame     0x000048         0xe4 build/default/production/_ext/1658199856/uart.o
 .debug_frame     0x00012c        0x3fc build/default/production/_ext/1658199856/commands.o
 .debug_frame     0x000528         0x24 build/default/production/_ext/1077471063/estWind.o
 .debug_frame     0x00054c         0x34 build/default/production/_ext/1077471063/estYawDrift.o
 .debug_frame     0x000580         0x64 build/default/production/_ext/1077471063/gpsParseCommon.o
 .debug_frame     0x0005e4        0x134 build/default/production/_ext/1077471063/gpsParseUBX.o
 .debug_frame     0x000718        0x114 build/default/production/_ext/1077471063/mathlibNAV.o
 .debug_frame     0x00082c        0x144 build/default/production/_ext/1077471063/rmat.o
 .debug_frame     0x000970         0x94 build/default/production/_ext/1077471063/libDCM.o
 .debug_frame     0x000a04         0x24 build/default/production/_ext/1077471063/deadReckoning.o
 .debug_frame     0x000a28         0x84 build/default/production/_ext/1077471063/estAltitude.o
 .debug_frame     0x000aac         0x84 build/default/production/_ext/1077454706/background.o
 .debug_frame     0x000b30         0x74 build/default/production/_ext/1077454706/libUDB.o
 .debug_frame     0x000ba4         0x54 build/default/production/_ext/1077454706/servoOut.o
 .debug_frame     0x000bf8         0x74 build/default/production/_ext/1077454706/events.o
 .debug_frame     0x000c6c         0xb4 build/default/production/_ext/1077454706/mpu6000.o
 .debug_frame     0x000d20         0xa4 build/default/production/_ext/1077454706/spiUtils.o
 .debug_frame     0x000dc4         0x34 build/default/production/_ext/1077454706/analog2digital_auav3.o
 .debug_frame     0x000df8         0xb4 build/default/production/_ext/1077454706/mcu.o
 .debug_frame     0x000eac         0x44 build/default/production/_ext/1077454706/magnetometer.o
 .debug_frame     0x000ef0         0xb4 build/default/production/_ext/1077454706/radioIn.o
 .debug_frame     0x000fa4         0xd4 build/default/production/_ext/1077454706/serialIO.o
 .debug_frame     0x001078         0x74 build/default/production/_ext/1077454706/traps.o
 .debug_frame     0x0010ec        0x1a4 build/default/production/_ext/1077454706/I2C2.o
 .debug_frame     0x001290         0x84 build/default/production/_ext/1077454706/barometer.o
 .debug_frame     0x001314         0x84 build/default/production/_ext/1472/behavior.o
 .debug_frame     0x001398         0x64 build/default/production/_ext/1472/cameraCntrl.o
 .debug_frame     0x0013fc         0x94 build/default/production/_ext/1472/navigate.o
 .debug_frame     0x001490         0x44 build/default/production/_ext/1472/pitchCntrl.o
 .debug_frame     0x0014d4         0x44 build/default/production/_ext/1472/rollCntrl.o
 .debug_frame     0x001518         0x34 build/default/production/_ext/1472/servoMix.o
 .debug_frame     0x00154c        0x17c build/default/production/_ext/1472/states.o
 .debug_frame     0x0016c8         0x44 build/default/production/_ext/1472/yawCntrl.o
 .debug_frame     0x00170c         0x44 build/default/production/_ext/1472/servoPrepare.o
 .debug_frame     0x001750        0x168 build/default/production/_ext/1472/flightplan-waypoints.o
 .debug_frame     0x0018b8         0x84 build/default/production/_ext/1472/altitudeCntrl.o
 .debug_frame     0x00193c        0x97c build/default/production/_ext/1472/MAVLink.o
 .debug_frame     0x0022b8         0x64 build/default/production/_ext/1472/mode_switch.o
 .debug_frame     0x00231c         0x24 build/default/production/_ext/1472/euler_angles.o
 .debug_frame     0x002340         0x24 build/default/production/_ext/1472/main.o

.debug_str        0x000000       0x2e01
 *(.debug_str)
 .debug_str       0x000000        0x104 build/default/production/_ext/1658199856/read.o
 .debug_str       0x000104        0x104 build/default/production/_ext/1658199856/write.o
 .debug_str       0x000208         0x3e build/default/production/_ext/1658199856/uart.o
 .debug_str       0x000246         0x2c build/default/production/_ext/1658199856/commands.o
 .debug_str       0x000272         0x24 build/default/production/_ext/1077471063/estWind.o
 .debug_str       0x000296         0x5b build/default/production/_ext/1077471063/estYawDrift.o
 .debug_str       0x0002f1        0x14e build/default/production/_ext/1077471063/gpsParseCommon.o
 .debug_str       0x00043f        0x2c3 build/default/production/_ext/1077471063/gpsParseUBX.o
 .debug_str       0x000702         0x5e build/default/production/_ext/1077471063/mathlibNAV.o
 .debug_str       0x000760        0x1a6 build/default/production/_ext/1077471063/rmat.o
 .debug_str       0x000906         0x42 build/default/production/_ext/1077471063/libDCM.o
 .debug_str       0x000948        0x138 build/default/production/_ext/1077471063/deadReckoning.o
 .debug_str       0x000a80         0xa7 build/default/production/_ext/1077471063/estAltitude.o
 .debug_str       0x000b27         0xf2 build/default/production/_ext/1077454706/background.o
 .debug_str       0x000c19         0x67 build/default/production/_ext/1077454706/libUDB.o
 .debug_str       0x000c80         0x8f build/default/production/_ext/1077454706/servoOut.o
 .debug_str       0x000d0f         0x82 build/default/production/_ext/1077454706/events.o
 .debug_str       0x000d91         0xad build/default/production/_ext/1077454706/mpu6000.o
 .debug_str       0x000e3e        0x10b build/default/production/_ext/1077454706/spiUtils.o
 .debug_str       0x000f49         0xfe build/default/production/_ext/1077454706/analog2digital_auav3.o
 .debug_str       0x001047        0x174 build/default/production/_ext/1077454706/mcu.o
 .debug_str       0x0011bb         0x42 build/default/production/_ext/1077454706/magnetometer.o
 .debug_str       0x0011fd        0x187 build/default/production/_ext/1077454706/radioIn.o
 .debug_str       0x001384         0xa5 build/default/production/_ext/1077454706/serialIO.o
 .debug_str       0x001429         0x67 build/default/production/_ext/1077454706/traps.o
 .debug_str       0x001490         0x7a build/default/production/_ext/1077454706/I2C2.o
 .debug_str       0x00150a         0x1c build/default/production/_ext/1077454706/barometer.o
 .debug_str       0x001526         0x84 build/default/production/_ext/1472/behavior.o
 .debug_str       0x0015aa         0x97 build/default/production/_ext/1472/cameraCntrl.o
 .debug_str       0x001641        0x118 build/default/production/_ext/1472/navigate.o
 .debug_str       0x001759        0x100 build/default/production/_ext/1472/pitchCntrl.o
 .debug_str       0x001859         0x71 build/default/production/_ext/1472/rollCntrl.o
 .debug_str       0x0018ca         0xc2 build/default/production/_ext/1472/servoMix.o
 .debug_str       0x00198c         0x56 build/default/production/_ext/1472/states.o
 .debug_str       0x0019e2         0xa4 build/default/production/_ext/1472/yawCntrl.o
 .debug_str       0x001a86         0x6a build/default/production/_ext/1472/servoPrepare.o
 .debug_str       0x001af0         0xe0 build/default/production/_ext/1472/flightplan-waypoints.o
 .debug_str       0x001bd0         0xe6 build/default/production/_ext/1472/altitudeCntrl.o
 .debug_str       0x001cb6        0xeb5 build/default/production/_ext/1472/MAVLink.o
 .debug_str       0x002b6b         0x13 build/default/production/_ext/1472/mode_switch.o
 .debug_str       0x002b7e        0x283 build/default/production/_ext/1472/parameter_table.o

.debug_loc
 *(.debug_loc)

.debug_macinfo
 *(.debug_macinfo)

.debug_pubnames
                  0x000000       0x3190
 *(.debug_pubnames)
 .debug_pubnames
                  0x000000         0x1b build/default/production/_ext/1658199856/read.o
 .debug_pubnames
                  0x00001b         0x1c build/default/production/_ext/1658199856/write.o
 .debug_pubnames
                  0x000037         0xd1 build/default/production/_ext/1658199856/uart.o
 .debug_pubnames
                  0x000108        0x177 build/default/production/_ext/1658199856/commands.o
 .debug_pubnames
                  0x00027f         0x35 build/default/production/_ext/1077471063/estWind.o
 .debug_pubnames
                  0x0002b4         0x46 build/default/production/_ext/1077471063/estYawDrift.o
 .debug_pubnames
                  0x0002fa        0x25f build/default/production/_ext/1077471063/gpsParseCommon.o
 .debug_pubnames
                  0x000559        0x4d3 build/default/production/_ext/1077471063/gpsParseUBX.o
 .debug_pubnames
                  0x000a2c        0x145 build/default/production/_ext/1077471063/mathlibNAV.o
 .debug_pubnames
                  0x000b71        0x1a8 build/default/production/_ext/1077471063/rmat.o
 .debug_pubnames
                  0x000d19         0xe4 build/default/production/_ext/1077471063/libDCM.o
 .debug_pubnames
                  0x000dfd        0x148 build/default/production/_ext/1077471063/deadReckoning.o
 .debug_pubnames
                  0x000f45        0x18f build/default/production/_ext/1077471063/estAltitude.o
 .debug_pubnames
                  0x0010d4         0xcc build/default/production/_ext/1077454706/background.o
 .debug_pubnames
                  0x0011a0         0xa9 build/default/production/_ext/1077454706/libUDB.o
 .debug_pubnames
                  0x001249         0x7f build/default/production/_ext/1077454706/servoOut.o
 .debug_pubnames
                  0x0012c8         0x9d build/default/production/_ext/1077454706/events.o
 .debug_pubnames
                  0x001365        0x104 build/default/production/_ext/1077454706/mpu6000.o
 .debug_pubnames
                  0x001469        0x18b build/default/production/_ext/1077454706/spiUtils.o
 .debug_pubnames
                  0x0015f4         0xb3 build/default/production/_ext/1077454706/analog2digital_auav3.o
 .debug_pubnames
                  0x0016a7         0xad build/default/production/_ext/1077454706/mcu.o
 .debug_pubnames
                  0x001754         0x9a build/default/production/_ext/1077454706/magnetometer.o
 .debug_pubnames
                  0x0017ee        0x107 build/default/production/_ext/1077454706/radioIn.o
 .debug_pubnames
                  0x0018f5        0x121 build/default/production/_ext/1077454706/serialIO.o
 .debug_pubnames
                  0x001a16         0x9f build/default/production/_ext/1077454706/traps.o
 .debug_pubnames
                  0x001ab5         0x8d build/default/production/_ext/1077454706/I2C2.o
 .debug_pubnames
                  0x001b42         0x85 build/default/production/_ext/1077454706/barometer.o
 .debug_pubnames
                  0x001bc7        0x136 build/default/production/_ext/1472/behavior.o
 .debug_pubnames
                  0x001cfd        0x1c1 build/default/production/_ext/1472/cameraCntrl.o
 .debug_pubnames
                  0x001ebe        0x175 build/default/production/_ext/1472/navigate.o
 .debug_pubnames
                  0x002033         0xdd build/default/production/_ext/1472/pitchCntrl.o
 .debug_pubnames
                  0x002110         0x8a build/default/production/_ext/1472/rollCntrl.o
 .debug_pubnames
                  0x00219a         0x65 build/default/production/_ext/1472/servoMix.o
 .debug_pubnames
                  0x0021ff         0xaa build/default/production/_ext/1472/states.o
 .debug_pubnames
                  0x0022a9         0x8b build/default/production/_ext/1472/yawCntrl.o
 .debug_pubnames
                  0x002334         0xbb build/default/production/_ext/1472/servoPrepare.o
 .debug_pubnames
                  0x0023ef        0x192 build/default/production/_ext/1472/flightplan-waypoints.o
 .debug_pubnames
                  0x002581        0x1eb build/default/production/_ext/1472/altitudeCntrl.o
 .debug_pubnames
                  0x00276c        0x7cf build/default/production/_ext/1472/MAVLink.o
 .debug_pubnames
                  0x002f3b         0xb4 build/default/production/_ext/1472/mode_switch.o
 .debug_pubnames
                  0x002fef         0x69 build/default/production/_ext/1472/parameter_table.o
 .debug_pubnames
                  0x003058         0xf1 build/default/production/_ext/1472/airspeedCntrl.o
 .debug_pubnames
                  0x003149         0x2c build/default/production/_ext/1472/euler_angles.o
 .debug_pubnames
                  0x003175         0x1b build/default/production/_ext/1472/main.o

.debug_ranges
 *(.debug_ranges)

.debug_aranges    0x000000        0x5c8
 *(.debug_aranges)
 .debug_aranges
                  0x000000         0x20 build/default/production/_ext/1658199856/read.o
 .debug_aranges
                  0x000020         0x20 build/default/production/_ext/1658199856/write.o
 .debug_aranges
                  0x000040         0x18 build/default/production/_ext/1658199856/uart.o
 .debug_aranges
                  0x000058         0x18 build/default/production/_ext/1658199856/commands.o
 .debug_aranges
                  0x000070         0x18 build/default/production/_ext/1077471063/estWind.o
 .debug_aranges
                  0x000088         0x18 build/default/production/_ext/1077471063/estYawDrift.o
 .debug_aranges
                  0x0000a0         0x18 build/default/production/_ext/1077471063/gpsParseCommon.o
 .debug_aranges
                  0x0000b8         0x18 build/default/production/_ext/1077471063/gpsParseUBX.o
 .debug_aranges
                  0x0000d0         0x18 build/default/production/_ext/1077471063/mathlibNAV.o
 .debug_aranges
                  0x0000e8         0x18 build/default/production/_ext/1077471063/rmat.o
 .debug_aranges
                  0x000100         0x18 build/default/production/_ext/1077471063/libDCM.o
 .debug_aranges
                  0x000118         0x18 build/default/production/_ext/1077471063/deadReckoning.o
 .debug_aranges
                  0x000130         0x18 build/default/production/_ext/1077471063/estAltitude.o
 .debug_aranges
                  0x000148         0x18 build/default/production/_ext/1077454706/background.o
 .debug_aranges
                  0x000160         0x18 build/default/production/_ext/1077454706/libUDB.o
 .debug_aranges
                  0x000178         0x18 build/default/production/_ext/1077454706/servoOut.o
 .debug_aranges
                  0x000190         0x18 build/default/production/_ext/1077454706/events.o
 .debug_aranges
                  0x0001a8         0x18 build/default/production/_ext/1077454706/mpu6000.o
 .debug_aranges
                  0x0001c0         0x18 build/default/production/_ext/1077454706/spiUtils.o
 .debug_aranges
                  0x0001d8         0x18 build/default/production/_ext/1077454706/analog2digital_auav3.o
 .debug_aranges
                  0x0001f0         0x18 build/default/production/_ext/1077454706/traps_asm.o
 .debug_aranges
                  0x000208         0x18 build/default/production/_ext/1077454706/mcu.o
 .debug_aranges
                  0x000220         0x18 build/default/production/_ext/1077454706/magnetometer.o
 .debug_aranges
                  0x000238         0x18 build/default/production/_ext/1077454706/radioIn.o
 .debug_aranges
                  0x000250         0x18 build/default/production/_ext/1077454706/serialIO.o
 .debug_aranges
                  0x000268         0x18 build/default/production/_ext/1077454706/traps.o
 .debug_aranges
                  0x000280         0x18 build/default/production/_ext/1077454706/I2C2.o
 .debug_aranges
                  0x000298         0x18 build/default/production/_ext/1077454706/barometer.o
 .debug_aranges
                  0x0002b0         0x18 build/default/production/_ext/679848855/madd.o
 .debug_aranges
                  0x0002c8         0x18 build/default/production/_ext/679848855/mmul.o
 .debug_aranges
                  0x0002e0         0x18 build/default/production/_ext/679848855/mscl.o
 .debug_aranges
                  0x0002f8         0x18 build/default/production/_ext/679848855/msub.o
 .debug_aranges
                  0x000310         0x18 build/default/production/_ext/679848855/mtrp.o
 .debug_aranges
                  0x000328         0x18 build/default/production/_ext/679848855/vadd.o
 .debug_aranges
                  0x000340         0x18 build/default/production/_ext/679848855/vcon.o
 .debug_aranges
                  0x000358         0x18 build/default/production/_ext/679848855/vcopy.o
 .debug_aranges
                  0x000370         0x18 build/default/production/_ext/679848855/vcor.o
 .debug_aranges
                  0x000388         0x18 build/default/production/_ext/679848855/vdot.o
 .debug_aranges
                  0x0003a0         0x18 build/default/production/_ext/679848855/vmax.o
 .debug_aranges
                  0x0003b8         0x18 build/default/production/_ext/679848855/vmin.o
 .debug_aranges
                  0x0003d0         0x18 build/default/production/_ext/679848855/vmul.o
 .debug_aranges
                  0x0003e8         0x18 build/default/production/_ext/679848855/vneg.o
 .debug_aranges
                  0x000400         0x18 build/default/production/_ext/679848855/vpow.o
 .debug_aranges
                  0x000418         0x18 build/default/production/_ext/679848855/vscl.o
 .debug_aranges
                  0x000430         0x18 build/default/production/_ext/679848855/vsub.o
 .debug_aranges
                  0x000448         0x18 build/default/production/_ext/679848855/vzpad.o
 .debug_aranges
                  0x000460         0x18 build/default/production/_ext/1472/behavior.o
 .debug_aranges
                  0x000478         0x18 build/default/production/_ext/1472/cameraCntrl.o
 .debug_aranges
                  0x000490         0x18 build/default/production/_ext/1472/navigate.o
 .debug_aranges
                  0x0004a8         0x18 build/default/production/_ext/1472/pitchCntrl.o
 .debug_aranges
                  0x0004c0         0x18 build/default/production/_ext/1472/rollCntrl.o
 .debug_aranges
                  0x0004d8         0x18 build/default/production/_ext/1472/servoMix.o
 .debug_aranges
                  0x0004f0         0x18 build/default/production/_ext/1472/states.o
 .debug_aranges
                  0x000508         0x18 build/default/production/_ext/1472/yawCntrl.o
 .debug_aranges
                  0x000520         0x18 build/default/production/_ext/1472/servoPrepare.o
 .debug_aranges
                  0x000538         0x18 build/default/production/_ext/1472/flightplan-waypoints.o
 .debug_aranges
                  0x000550         0x18 build/default/production/_ext/1472/altitudeCntrl.o
 .debug_aranges
                  0x000568         0x18 build/default/production/_ext/1472/MAVLink.o
 .debug_aranges
                  0x000580         0x18 build/default/production/_ext/1472/mode_switch.o
 .debug_aranges
                  0x000598         0x18 build/default/production/_ext/1472/euler_angles.o
 .debug_aranges
                  0x0005b0         0x18 build/default/production/_ext/1472/main.o

.ivt              0x000004        0x130
                  0x000004          0x4 LONG 0xce80 DEFINED (__OscillatorFail)?ABSOLUTE (__OscillatorFail):ABSOLUTE (__DefaultInterrupt)
                  0x000006          0x4 LONG 0xceac DEFINED (__AddressError)?ABSOLUTE (__AddressError):ABSOLUTE (__DefaultInterrupt)
                  0x000008          0x4 LONG 0x42c DEFINED (__HardTrapError)?ABSOLUTE (__HardTrapError):ABSOLUTE (__DefaultInterrupt)
                  0x00000a          0x4 LONG 0xced2 DEFINED (__StackError)?ABSOLUTE (__StackError):ABSOLUTE (__DefaultInterrupt)
                  0x00000c          0x4 LONG 0xcef8 DEFINED (__MathError)?ABSOLUTE (__MathError):ABSOLUTE (__DefaultInterrupt)
                  0x00000e          0x4 LONG 0xcf1e DEFINED (__DMACError)?ABSOLUTE (__DMACError):ABSOLUTE (__DefaultInterrupt)
                  0x000010          0x4 LONG 0x42c DEFINED (__SoftTrapError)?ABSOLUTE (__SoftTrapError):ABSOLUTE (__DefaultInterrupt)
                  0x000012          0x4 LONG 0x42c DEFINED (__ReservedTrap7)?ABSOLUTE (__ReservedTrap7):ABSOLUTE (__DefaultInterrupt)
                  0x000014          0x4 LONG 0x42c DEFINED (__INT0Interrupt)?ABSOLUTE (__INT0Interrupt):ABSOLUTE (__DefaultInterrupt)
                  0x000016          0x4 LONG 0x99be DEFINED (__IC1Interrupt)?ABSOLUTE (__IC1Interrupt):ABSOLUTE (__DefaultInterrupt)
                  0x000018          0x4 LONG 0x42c DEFINED (__OC1Interrupt)?ABSOLUTE (__OC1Interrupt):ABSOLUTE (__DefaultInterrupt)
                  0x00001a          0x4 LONG 0xc370 DEFINED (__T1Interrupt)?ABSOLUTE (__T1Interrupt):ABSOLUTE (__DefaultInterrupt)
                  0x00001c          0x4 LONG 0x42c DEFINED (__DMA0Interrupt)?ABSOLUTE (__DMA0Interrupt):ABSOLUTE (__DefaultInterrupt)
                  0x00001e          0x4 LONG 0x9a0c DEFINED (__IC2Interrupt)?ABSOLUTE (__IC2Interrupt):ABSOLUTE (__DefaultInterrupt)
                  0x000020          0x4 LONG 0x42c DEFINED (__OC2Interrupt)?ABSOLUTE (__OC2Interrupt):ABSOLUTE (__DefaultInterrupt)
                  0x000022          0x4 LONG 0x42c DEFINED (__T2Interrupt)?ABSOLUTE (__T2Interrupt):ABSOLUTE (__DefaultInterrupt)
                  0x000024          0x4 LONG 0x42c DEFINED (__T3Interrupt)?ABSOLUTE (__T3Interrupt):ABSOLUTE (__DefaultInterrupt)
                  0x000026          0x4 LONG 0x42c DEFINED (__SPI1ErrInterrupt)?ABSOLUTE (__SPI1ErrInterrupt):ABSOLUTE (__DefaultInterrupt)
                  0x000028          0x4 LONG 0xb0ea DEFINED (__SPI1Interrupt)?ABSOLUTE (__SPI1Interrupt):ABSOLUTE (__DefaultInterrupt)
                  0x00002a          0x4 LONG 0xbb74 DEFINED (__U1RXInterrupt)?ABSOLUTE (__U1RXInterrupt):ABSOLUTE (__DefaultInterrupt)
                  0x00002c          0x4 LONG 0xbb3a DEFINED (__U1TXInterrupt)?ABSOLUTE (__U1TXInterrupt):ABSOLUTE (__DefaultInterrupt)
                  0x00002e          0x4 LONG 0x42c DEFINED (__AD1Interrupt)?ABSOLUTE (__AD1Interrupt):ABSOLUTE (__DefaultInterrupt)
                  0x000030          0x4 LONG 0x42c DEFINED (__DMA1Interrupt)?ABSOLUTE (__DMA1Interrupt):ABSOLUTE (__DefaultInterrupt)
                  0x000032          0x4 LONG 0x42c DEFINED (__NVMInterrupt)?ABSOLUTE (__NVMInterrupt):ABSOLUTE (__DefaultInterrupt)
                  0x000034          0x4 LONG 0x42c DEFINED (__SI2C1Interrupt)?ABSOLUTE (__SI2C1Interrupt):ABSOLUTE (__DefaultInterrupt)
                  0x000036          0x4 LONG 0x42c DEFINED (__MI2C1Interrupt)?ABSOLUTE (__MI2C1Interrupt):ABSOLUTE (__DefaultInterrupt)
                  0x000038          0x4 LONG 0x42c DEFINED (__CM1Interrupt)?ABSOLUTE (__CM1Interrupt):ABSOLUTE (__DefaultInterrupt)
                  0x00003a          0x4 LONG 0x42c DEFINED (__CNInterrupt)?ABSOLUTE (__CNInterrupt):ABSOLUTE (__DefaultInterrupt)
                  0x00003c          0x4 LONG 0xccf2 DEFINED (__INT1Interrupt)?ABSOLUTE (__INT1Interrupt):ABSOLUTE (__DefaultInterrupt)
                  0x00003e          0x4 LONG 0x42c DEFINED (__AD2Interrupt)?ABSOLUTE (__AD2Interrupt):ABSOLUTE (__DefaultInterrupt)
                  0x000040          0x4 LONG 0x9b9c DEFINED (__IC7Interrupt)?ABSOLUTE (__IC7Interrupt):ABSOLUTE (__DefaultInterrupt)
                  0x000042          0x4 LONG 0x9bea DEFINED (__IC8Interrupt)?ABSOLUTE (__IC8Interrupt):ABSOLUTE (__DefaultInterrupt)
                  0x000044          0x4 LONG 0x42c DEFINED (__DMA2Interrupt)?ABSOLUTE (__DMA2Interrupt):ABSOLUTE (__DefaultInterrupt)
                  0x000046          0x4 LONG 0x42c DEFINED (__OC3Interrupt)?ABSOLUTE (__OC3Interrupt):ABSOLUTE (__DefaultInterrupt)
                  0x000048          0x4 LONG 0x42c DEFINED (__OC4Interrupt)?ABSOLUTE (__OC4Interrupt):ABSOLUTE (__DefaultInterrupt)
                  0x00004a          0x4 LONG 0xc8aa DEFINED (__T4Interrupt)?ABSOLUTE (__T4Interrupt):ABSOLUTE (__DefaultInterrupt)
                  0x00004c          0x4 LONG 0xc416 DEFINED (__T5Interrupt)?ABSOLUTE (__T5Interrupt):ABSOLUTE (__DefaultInterrupt)
                  0x00004e          0x4 LONG 0x42c DEFINED (__INT2Interrupt)?ABSOLUTE (__INT2Interrupt):ABSOLUTE (__DefaultInterrupt)
                  0x000050          0x4 LONG 0xbcb0 DEFINED (__U2RXInterrupt)?ABSOLUTE (__U2RXInterrupt):ABSOLUTE (__DefaultInterrupt)
                  0x000052          0x4 LONG 0xbc76 DEFINED (__U2TXInterrupt)?ABSOLUTE (__U2TXInterrupt):ABSOLUTE (__DefaultInterrupt)
                  0x000054          0x4 LONG 0x42c DEFINED (__SPI2ErrInterrupt)?ABSOLUTE (__SPI2ErrInterrupt):ABSOLUTE (__DefaultInterrupt)
                  0x000056          0x4 LONG 0xb21a DEFINED (__SPI2Interrupt)?ABSOLUTE (__SPI2Interrupt):ABSOLUTE (__DefaultInterrupt)
                  0x000058          0x4 LONG 0x42c DEFINED (__C1RxRdyInterrupt)?ABSOLUTE (__C1RxRdyInterrupt):ABSOLUTE (__DefaultInterrupt)
                  0x00005a          0x4 LONG 0xc28a DEFINED (__C1Interrupt)?ABSOLUTE (__C1Interrupt):ABSOLUTE (__DefaultInterrupt)
                  0x00005c          0x4 LONG 0xab3c DEFINED (__DMA3Interrupt)?ABSOLUTE (__DMA3Interrupt):ABSOLUTE (__DefaultInterrupt)
                  0x00005e          0x4 LONG 0x9a5c DEFINED (__IC3Interrupt)?ABSOLUTE (__IC3Interrupt):ABSOLUTE (__DefaultInterrupt)
                  0x000060          0x4 LONG 0x9aac DEFINED (__IC4Interrupt)?ABSOLUTE (__IC4Interrupt):ABSOLUTE (__DefaultInterrupt)
                  0x000062          0x4 LONG 0x9afc DEFINED (__IC5Interrupt)?ABSOLUTE (__IC5Interrupt):ABSOLUTE (__DefaultInterrupt)
                  0x000064          0x4 LONG 0x9b4c DEFINED (__IC6Interrupt)?ABSOLUTE (__IC6Interrupt):ABSOLUTE (__DefaultInterrupt)
                  0x000066          0x4 LONG 0x42c DEFINED (__OC5Interrupt)?ABSOLUTE (__OC5Interrupt):ABSOLUTE (__DefaultInterrupt)
                  0x000068          0x4 LONG 0x42c DEFINED (__OC6Interrupt)?ABSOLUTE (__OC6Interrupt):ABSOLUTE (__DefaultInterrupt)
                  0x00006a          0x4 LONG 0x42c DEFINED (__OC7Interrupt)?ABSOLUTE (__OC7Interrupt):ABSOLUTE (__DefaultInterrupt)
                  0x00006c          0x4 LONG 0x42c DEFINED (__OC8Interrupt)?ABSOLUTE (__OC8Interrupt):ABSOLUTE (__DefaultInterrupt)
                  0x00006e          0x4 LONG 0x42c DEFINED (__PMPInterrupt)?ABSOLUTE (__PMPInterrupt):ABSOLUTE (__DefaultInterrupt)
                  0x000070          0x4 LONG 0x42c DEFINED (__DMA4Interrupt)?ABSOLUTE (__DMA4Interrupt):ABSOLUTE (__DefaultInterrupt)
                  0x000072          0x4 LONG 0xc434 DEFINED (__T6Interrupt)?ABSOLUTE (__T6Interrupt):ABSOLUTE (__DefaultInterrupt)
                  0x000074          0x4 LONG 0xc3da DEFINED (__T7Interrupt)?ABSOLUTE (__T7Interrupt):ABSOLUTE (__DefaultInterrupt)
                  0x000076          0x4 LONG 0x42c DEFINED (__SI2C2Interrupt)?ABSOLUTE (__SI2C2Interrupt):ABSOLUTE (__DefaultInterrupt)
                  0x000078          0x4 LONG 0x9cf6 DEFINED (__MI2C2Interrupt)?ABSOLUTE (__MI2C2Interrupt):ABSOLUTE (__DefaultInterrupt)
                  0x00007a          0x4 LONG 0x42c DEFINED (__T8Interrupt)?ABSOLUTE (__T8Interrupt):ABSOLUTE (__DefaultInterrupt)
                  0x00007c          0x4 LONG 0x42c DEFINED (__T9Interrupt)?ABSOLUTE (__T9Interrupt):ABSOLUTE (__DefaultInterrupt)
                  0x00007e          0x4 LONG 0x42c DEFINED (__INT3Interrupt)?ABSOLUTE (__INT3Interrupt):ABSOLUTE (__DefaultInterrupt)
                  0x000080          0x4 LONG 0x42c DEFINED (__INT4Interrupt)?ABSOLUTE (__INT4Interrupt):ABSOLUTE (__DefaultInterrupt)
                  0x000082          0x4 LONG 0x42c DEFINED (__C2RxRdyInterrupt)?ABSOLUTE (__C2RxRdyInterrupt):ABSOLUTE (__DefaultInterrupt)
                  0x000084          0x4 LONG 0xc21e DEFINED (__C2Interrupt)?ABSOLUTE (__C2Interrupt):ABSOLUTE (__DefaultInterrupt)
                  0x000086          0x4 LONG 0x42c DEFINED (__PWMSpEventMatchInterrupt)?ABSOLUTE (__PWMSpEventMatchInterrupt):ABSOLUTE (__DefaultInterrupt)
                  0x000088          0x4 LONG 0x42c DEFINED (__QEI1Interrupt)?ABSOLUTE (__QEI1Interrupt):ABSOLUTE (__DefaultInterrupt)
                  0x00008a          0x4 LONG 0x42c DEFINED (__DCIEInterrupt)?ABSOLUTE (__DCIEInterrupt):ABSOLUTE (__DefaultInterrupt)
                  0x00008c          0x4 LONG 0x42c DEFINED (__DCIInterrupt)?ABSOLUTE (__DCIInterrupt):ABSOLUTE (__DefaultInterrupt)
                  0x00008e          0x4 LONG 0x42c DEFINED (__DMA5Interrupt)?ABSOLUTE (__DMA5Interrupt):ABSOLUTE (__DefaultInterrupt)
                  0x000090          0x4 LONG 0x42c DEFINED (__RTCCInterrupt)?ABSOLUTE (__RTCCInterrupt):ABSOLUTE (__DefaultInterrupt)
                  0x000092          0x4 LONG 0x42c DEFINED (__Interrupt63)?ABSOLUTE (__Interrupt63):ABSOLUTE (__DefaultInterrupt)
                  0x000094          0x4 LONG 0x42c DEFINED (__Interrupt64)?ABSOLUTE (__Interrupt64):ABSOLUTE (__DefaultInterrupt)
                  0x000096          0x4 LONG 0x42c DEFINED (__U1ErrInterrupt)?ABSOLUTE (__U1ErrInterrupt):ABSOLUTE (__DefaultInterrupt)
                  0x000098          0x4 LONG 0x42c DEFINED (__U2ErrInterrupt)?ABSOLUTE (__U2ErrInterrupt):ABSOLUTE (__DefaultInterrupt)
                  0x00009a          0x4 LONG 0x42c DEFINED (__CRCInterrupt)?ABSOLUTE (__CRCInterrupt):ABSOLUTE (__DefaultInterrupt)
                  0x00009c          0x4 LONG 0x42c DEFINED (__DMA6Interrupt)?ABSOLUTE (__DMA6Interrupt):ABSOLUTE (__DefaultInterrupt)
                  0x00009e          0x4 LONG 0x42c DEFINED (__DMA7Interrupt)?ABSOLUTE (__DMA7Interrupt):ABSOLUTE (__DefaultInterrupt)
                  0x0000a0          0x4 LONG 0x42c DEFINED (__C1TxReqInterrupt)?ABSOLUTE (__C1TxReqInterrupt):ABSOLUTE (__DefaultInterrupt)
                  0x0000a2          0x4 LONG 0x42c DEFINED (__C2TxReqInterrupt)?ABSOLUTE (__C2TxReqInterrupt):ABSOLUTE (__DefaultInterrupt)
                  0x0000a4          0x4 LONG 0x42c DEFINED (__Interrupt72)?ABSOLUTE (__Interrupt72):ABSOLUTE (__DefaultInterrupt)
                  0x0000a6          0x4 LONG 0x42c DEFINED (__PWMSecSpEventMatchInterrupt)?ABSOLUTE (__PWMSecSpEventMatchInterrupt):ABSOLUTE (__DefaultInterrupt)
                  0x0000a8          0x4 LONG 0x42c DEFINED (__Interrupt74)?ABSOLUTE (__Interrupt74):ABSOLUTE (__DefaultInterrupt)
                  0x0000aa          0x4 LONG 0x42c DEFINED (__QEI2Interrupt)?ABSOLUTE (__QEI2Interrupt):ABSOLUTE (__DefaultInterrupt)
                  0x0000ac          0x4 LONG 0x42c DEFINED (__Interrupt76)?ABSOLUTE (__Interrupt76):ABSOLUTE (__DefaultInterrupt)
                  0x0000ae          0x4 LONG 0x42c DEFINED (__Interrupt77)?ABSOLUTE (__Interrupt77):ABSOLUTE (__DefaultInterrupt)
                  0x0000b0          0x4 LONG 0x42c DEFINED (__Interrupt78)?ABSOLUTE (__Interrupt78):ABSOLUTE (__DefaultInterrupt)
                  0x0000b2          0x4 LONG 0x42c DEFINED (__Interrupt79)?ABSOLUTE (__Interrupt79):ABSOLUTE (__DefaultInterrupt)
                  0x0000b4          0x4 LONG 0x42c DEFINED (__Interrupt80)?ABSOLUTE (__Interrupt80):ABSOLUTE (__DefaultInterrupt)
                  0x0000b6          0x4 LONG 0x42c DEFINED (__U3ErrInterrupt)?ABSOLUTE (__U3ErrInterrupt):ABSOLUTE (__DefaultInterrupt)
                  0x0000b8          0x4 LONG 0x42c DEFINED (__U3RXInterrupt)?ABSOLUTE (__U3RXInterrupt):ABSOLUTE (__DefaultInterrupt)
                  0x0000ba          0x4 LONG 0x42c DEFINED (__U3TXInterrupt)?ABSOLUTE (__U3TXInterrupt):ABSOLUTE (__DefaultInterrupt)
                  0x0000bc          0x4 LONG 0x42c DEFINED (__Interrupt84)?ABSOLUTE (__Interrupt84):ABSOLUTE (__DefaultInterrupt)
                  0x0000be          0x4 LONG 0x42c DEFINED (__Interrupt85)?ABSOLUTE (__Interrupt85):ABSOLUTE (__DefaultInterrupt)
                  0x0000c0          0x4 LONG 0x42c DEFINED (__USB1Interrupt)?ABSOLUTE (__USB1Interrupt):ABSOLUTE (__DefaultInterrupt)
                  0x0000c2          0x4 LONG 0x42c DEFINED (__U4ErrInterrupt)?ABSOLUTE (__U4ErrInterrupt):ABSOLUTE (__DefaultInterrupt)
                  0x0000c4          0x4 LONG 0x42c DEFINED (__U4RXInterrupt)?ABSOLUTE (__U4RXInterrupt):ABSOLUTE (__DefaultInterrupt)
                  0x0000c6          0x4 LONG 0x42c DEFINED (__U4TXInterrupt)?ABSOLUTE (__U4TXInterrupt):ABSOLUTE (__DefaultInterrupt)
                  0x0000c8          0x4 LONG 0x42c DEFINED (__SPI3ErrInterrupt)?ABSOLUTE (__SPI3ErrInterrupt):ABSOLUTE (__DefaultInterrupt)
                  0x0000ca          0x4 LONG 0x42c DEFINED (__SPI3Interrupt)?ABSOLUTE (__SPI3Interrupt):ABSOLUTE (__DefaultInterrupt)
                  0x0000cc          0x4 LONG 0x42c DEFINED (__OC9Interrupt)?ABSOLUTE (__OC9Interrupt):ABSOLUTE (__DefaultInterrupt)
                  0x0000ce          0x4 LONG 0x42c DEFINED (__IC9Interrupt)?ABSOLUTE (__IC9Interrupt):ABSOLUTE (__DefaultInterrupt)
                  0x0000d0          0x4 LONG 0x42c DEFINED (__PWM1Interrupt)?ABSOLUTE (__PWM1Interrupt):ABSOLUTE (__DefaultInterrupt)
                  0x0000d2          0x4 LONG 0x42c DEFINED (__PWM2Interrupt)?ABSOLUTE (__PWM2Interrupt):ABSOLUTE (__DefaultInterrupt)
                  0x0000d4          0x4 LONG 0x42c DEFINED (__PWM3Interrupt)?ABSOLUTE (__PWM3Interrupt):ABSOLUTE (__DefaultInterrupt)
                  0x0000d6          0x4 LONG 0x42c DEFINED (__PWM4Interrupt)?ABSOLUTE (__PWM4Interrupt):ABSOLUTE (__DefaultInterrupt)
                  0x0000d8          0x4 LONG 0x42c DEFINED (__PWM5Interrupt)?ABSOLUTE (__PWM5Interrupt):ABSOLUTE (__DefaultInterrupt)
                  0x0000da          0x4 LONG 0x42c DEFINED (__PWM6Interrupt)?ABSOLUTE (__PWM6Interrupt):ABSOLUTE (__DefaultInterrupt)
                  0x0000dc          0x4 LONG 0x42c DEFINED (__Interrupt100)?ABSOLUTE (__Interrupt100):ABSOLUTE (__DefaultInterrupt)
                  0x0000de          0x4 LONG 0x42c DEFINED (__Interrupt101)?ABSOLUTE (__Interrupt101):ABSOLUTE (__DefaultInterrupt)
                  0x0000e0          0x4 LONG 0x42c DEFINED (__Interrupt102)?ABSOLUTE (__Interrupt102):ABSOLUTE (__DefaultInterrupt)
                  0x0000e2          0x4 LONG 0x42c DEFINED (__Interrupt103)?ABSOLUTE (__Interrupt103):ABSOLUTE (__DefaultInterrupt)
                  0x0000e4          0x4 LONG 0x42c DEFINED (__Interrupt104)?ABSOLUTE (__Interrupt104):ABSOLUTE (__DefaultInterrupt)
                  0x0000e6          0x4 LONG 0x42c DEFINED (__Interrupt105)?ABSOLUTE (__Interrupt105):ABSOLUTE (__DefaultInterrupt)
                  0x0000e8          0x4 LONG 0x42c DEFINED (__Interrupt106)?ABSOLUTE (__Interrupt106):ABSOLUTE (__DefaultInterrupt)
                  0x0000ea          0x4 LONG 0x42c DEFINED (__Interrupt107)?ABSOLUTE (__Interrupt107):ABSOLUTE (__DefaultInterrupt)
                  0x0000ec          0x4 LONG 0x42c DEFINED (__Interrupt108)?ABSOLUTE (__Interrupt108):ABSOLUTE (__DefaultInterrupt)
                  0x0000ee          0x4 LONG 0x42c DEFINED (__Interrupt109)?ABSOLUTE (__Interrupt109):ABSOLUTE (__DefaultInterrupt)
                  0x0000f0          0x4 LONG 0x42c DEFINED (__Interrupt110)?ABSOLUTE (__Interrupt110):ABSOLUTE (__DefaultInterrupt)
                  0x0000f2          0x4 LONG 0x42c DEFINED (__Interrupt111)?ABSOLUTE (__Interrupt111):ABSOLUTE (__DefaultInterrupt)
                  0x0000f4          0x4 LONG 0x42c DEFINED (__Interrupt112)?ABSOLUTE (__Interrupt112):ABSOLUTE (__DefaultInterrupt)
                  0x0000f6          0x4 LONG 0x42c DEFINED (__Interrupt113)?ABSOLUTE (__Interrupt113):ABSOLUTE (__DefaultInterrupt)
                  0x0000f8          0x4 LONG 0x42c DEFINED (__Interrupt114)?ABSOLUTE (__Interrupt114):ABSOLUTE (__DefaultInterrupt)
                  0x0000fa          0x4 LONG 0x42c DEFINED (__Interrupt115)?ABSOLUTE (__Interrupt115):ABSOLUTE (__DefaultInterrupt)
                  0x0000fc          0x4 LONG 0x42c DEFINED (__Interrupt116)?ABSOLUTE (__Interrupt116):ABSOLUTE (__DefaultInterrupt)
                  0x0000fe          0x4 LONG 0x42c DEFINED (__Interrupt117)?ABSOLUTE (__Interrupt117):ABSOLUTE (__DefaultInterrupt)
                  0x000100          0x4 LONG 0x42c DEFINED (__DMA8Interrupt)?ABSOLUTE (__DMA8Interrupt):ABSOLUTE (__DefaultInterrupt)
                  0x000102          0x4 LONG 0x42c DEFINED (__DMA9Interrupt)?ABSOLUTE (__DMA9Interrupt):ABSOLUTE (__DefaultInterrupt)
                  0x000104          0x4 LONG 0x42c DEFINED (__DMA10Interrupt)?ABSOLUTE (__DMA10Interrupt):ABSOLUTE (__DefaultInterrupt)
                  0x000106          0x4 LONG 0x42c DEFINED (__DMA11Interrupt)?ABSOLUTE (__DMA11Interrupt):ABSOLUTE (__DefaultInterrupt)
                  0x000108          0x4 LONG 0x42c DEFINED (__SPI4ErrInterrupt)?ABSOLUTE (__SPI4ErrInterrupt):ABSOLUTE (__DefaultInterrupt)
                  0x00010a          0x4 LONG 0x42c DEFINED (__SPI4Interrupt)?ABSOLUTE (__SPI4Interrupt):ABSOLUTE (__DefaultInterrupt)
                  0x00010c          0x4 LONG 0x42c DEFINED (__OC10Interrupt)?ABSOLUTE (__OC10Interrupt):ABSOLUTE (__DefaultInterrupt)
                  0x00010e          0x4 LONG 0x42c DEFINED (__IC10Interrupt)?ABSOLUTE (__IC10Interrupt):ABSOLUTE (__DefaultInterrupt)
                  0x000110          0x4 LONG 0x42c DEFINED (__OC11Interrupt)?ABSOLUTE (__OC11Interrupt):ABSOLUTE (__DefaultInterrupt)
                  0x000112          0x4 LONG 0x42c DEFINED (__IC11Interrupt)?ABSOLUTE (__IC11Interrupt):ABSOLUTE (__DefaultInterrupt)
                  0x000114          0x4 LONG 0x42c DEFINED (__OC12Interrupt)?ABSOLUTE (__OC12Interrupt):ABSOLUTE (__DefaultInterrupt)
                  0x000116          0x4 LONG 0x42c DEFINED (__IC12Interrupt)?ABSOLUTE (__IC12Interrupt):ABSOLUTE (__DefaultInterrupt)
                  0x000118          0x4 LONG 0x42c DEFINED (__DMA12Interrupt)?ABSOLUTE (__DMA12Interrupt):ABSOLUTE (__DefaultInterrupt)
                  0x00011a          0x4 LONG 0x42c DEFINED (__DMA13Interrupt)?ABSOLUTE (__DMA13Interrupt):ABSOLUTE (__DefaultInterrupt)
                  0x00011c          0x4 LONG 0x42c DEFINED (__DMA14Interrupt)?ABSOLUTE (__DMA14Interrupt):ABSOLUTE (__DefaultInterrupt)
                  0x00011e          0x4 LONG 0x42c DEFINED (__Interrupt133)?ABSOLUTE (__Interrupt133):ABSOLUTE (__DefaultInterrupt)
                  0x000120          0x4 LONG 0x42c DEFINED (__OC13Interrupt)?ABSOLUTE (__OC13Interrupt):ABSOLUTE (__DefaultInterrupt)
                  0x000122          0x4 LONG 0x42c DEFINED (__IC13Interrupt)?ABSOLUTE (__IC13Interrupt):ABSOLUTE (__DefaultInterrupt)
                  0x000124          0x4 LONG 0x42c DEFINED (__OC14Interrupt)?ABSOLUTE (__OC14Interrupt):ABSOLUTE (__DefaultInterrupt)
                  0x000126          0x4 LONG 0x42c DEFINED (__IC14Interrupt)?ABSOLUTE (__IC14Interrupt):ABSOLUTE (__DefaultInterrupt)
                  0x000128          0x4 LONG 0x42c DEFINED (__OC15Interrupt)?ABSOLUTE (__OC15Interrupt):ABSOLUTE (__DefaultInterrupt)
                  0x00012a          0x4 LONG 0x42c DEFINED (__IC15Interrupt)?ABSOLUTE (__IC15Interrupt):ABSOLUTE (__DefaultInterrupt)
                  0x00012c          0x4 LONG 0x42c DEFINED (__OC16Interrupt)?ABSOLUTE (__OC16Interrupt):ABSOLUTE (__DefaultInterrupt)
                  0x00012e          0x4 LONG 0x42c DEFINED (__IC16Interrupt)?ABSOLUTE (__IC16Interrupt):ABSOLUTE (__DefaultInterrupt)
                  0x000130          0x4 LONG 0x42c DEFINED (__ICDInterrupt)?ABSOLUTE (__ICDInterrupt):ABSOLUTE (__DefaultInterrupt)
                  0x000132          0x4 LONG 0x42c DEFINED (__JTAGInterrupt)?ABSOLUTE (__JTAGInterrupt):ABSOLUTE (__DefaultInterrupt)
                    0x0000                  WREG0 = 0x0
                    0x0000                  _WREG0 = 0x0
                    0x0002                  WREG1 = 0x2
                    0x0002                  _WREG1 = 0x2
                    0x0004                  WREG2 = 0x4
                    0x0004                  _WREG2 = 0x4
                    0x0006                  WREG3 = 0x6
                    0x0006                  _WREG3 = 0x6
                    0x0008                  WREG4 = 0x8
                    0x0008                  _WREG4 = 0x8
                    0x000a                  WREG5 = 0xa
                    0x000a                  _WREG5 = 0xa
                    0x000c                  WREG6 = 0xc
                    0x000c                  _WREG6 = 0xc
                    0x000e                  WREG7 = 0xe
                    0x000e                  _WREG7 = 0xe
                    0x0010                  WREG8 = 0x10
                    0x0010                  _WREG8 = 0x10
                    0x0012                  WREG9 = 0x12
                    0x0012                  _WREG9 = 0x12
                    0x0014                  WREG10 = 0x14
                    0x0014                  _WREG10 = 0x14
                    0x0016                  WREG11 = 0x16
                    0x0016                  _WREG11 = 0x16
                    0x0018                  WREG12 = 0x18
                    0x0018                  _WREG12 = 0x18
                    0x001a                  WREG13 = 0x1a
                    0x001a                  _WREG13 = 0x1a
                    0x001c                  WREG14 = 0x1c
                    0x001c                  _WREG14 = 0x1c
                    0x001e                  WREG15 = 0x1e
                    0x001e                  _WREG15 = 0x1e
                    0x0020                  SPLIM = 0x20
                    0x0020                  _SPLIM = 0x20
                    0x0022                  ACCAL = 0x22
                    0x0022                  _ACCAL = 0x22
                    0x0024                  ACCAH = 0x24
                    0x0024                  _ACCAH = 0x24
                    0x0026                  ACCAU = 0x26
                    0x0026                  _ACCAU = 0x26
                    0x0028                  ACCBL = 0x28
                    0x0028                  _ACCBL = 0x28
                    0x002a                  ACCBH = 0x2a
                    0x002a                  _ACCBH = 0x2a
                    0x002c                  ACCBU = 0x2c
                    0x002c                  _ACCBU = 0x2c
                    0x002e                  PCL = 0x2e
                    0x002e                  _PCL = 0x2e
                    0x0030                  PCH = 0x30
                    0x0030                  _PCH = 0x30
                    0x0032                  DSRPAG = 0x32
                    0x0032                  _DSRPAG = 0x32
                    0x0032                  _DSRPAGbits = 0x32
                    0x0034                  DSWPAG = 0x34
                    0x0034                  _DSWPAG = 0x34
                    0x0034                  _DSWPAGbits = 0x34
                    0x0036                  RCOUNT = 0x36
                    0x0036                  _RCOUNT = 0x36
                    0x0038                  DCOUNT = 0x38
                    0x0038                  _DCOUNT = 0x38
                    0x003a                  DOSTARTL = 0x3a
                    0x003a                  _DOSTARTL = 0x3a
                    0x003c                  DOSTARTH = 0x3c
                    0x003c                  _DOSTARTH = 0x3c
                    0x003e                  DOENDL = 0x3e
                    0x003e                  _DOENDL = 0x3e
                    0x0040                  DOENDH = 0x40
                    0x0040                  _DOENDH = 0x40
                    0x0042                  SR = 0x42
                    0x0042                  _SR = 0x42
                    0x0042                  _SRbits = 0x42
                    0x0044                  CORCON = 0x44
                    0x0044                  _CORCON = 0x44
                    0x0044                  _CORCONbits = 0x44
                    0x0046                  MODCON = 0x46